Component: ARM Compiler 5.06 update 5 (build 528) Tool: armlink [4d35e2]

==============================================================================

Section Cross References

    startup_stm32f429_439xx.o(RESET) refers to startup_stm32f429_439xx.o(STACK) for __initial_sp
    startup_stm32f429_439xx.o(RESET) refers to startup_stm32f429_439xx.o(.text) for Reset_Handler
    startup_stm32f429_439xx.o(RESET) refers to stm32f4xx_it.o(.text) for NMI_Handler
    startup_stm32f429_439xx.o(RESET) refers to tm_stm32f4_usart.o(.text) for USART1_IRQHandler
    startup_stm32f429_439xx.o(RESET) refers to tm_stm32f4_emwin.o(.text) for LTDC_IRQHandler
    startup_stm32f429_439xx.o(.text) refers to system_stm32f4xx.o(.text) for SystemInit
    startup_stm32f429_439xx.o(.text) refers to entry.o(.ARM.Collect$$$$00000000) for __main
    stm32f4xx_rcc.o(.text) refers to stm32f4xx_rcc.o(.data) for .data
    stm32f4xx_gpio.o(.text) refers to stm32f4xx_rcc.o(.text) for RCC_AHB1PeriphResetCmd
    stm32f4xx_adc.o(.text) refers to stm32f4xx_rcc.o(.text) for RCC_APB2PeriphResetCmd
    stm32f4xx_can.o(.text) refers to stm32f4xx_rcc.o(.text) for RCC_APB1PeriphResetCmd
    stm32f4xx_cryp.o(.text) refers to stm32f4xx_rcc.o(.text) for RCC_AHB2PeriphResetCmd
    stm32f4xx_cryp_aes.o(.text) refers to stm32f4xx_cryp.o(.text) for CRYP_KeyStructInit
    stm32f4xx_cryp_des.o(.text) refers to stm32f4xx_cryp.o(.text) for CRYP_KeyStructInit
    stm32f4xx_cryp_tdes.o(.text) refers to stm32f4xx_cryp.o(.text) for CRYP_KeyStructInit
    stm32f4xx_dac.o(.text) refers to stm32f4xx_rcc.o(.text) for RCC_APB1PeriphResetCmd
    stm32f4xx_dma2d.o(.text) refers to stm32f4xx_rcc.o(.text) for RCC_AHB1PeriphResetCmd
    stm32f4xx_fmc.o(.text) refers to stm32f4xx_fmc.o(.constdata) for .constdata
    stm32f4xx_hash.o(.text) refers to stm32f4xx_rcc.o(.text) for RCC_AHB2PeriphResetCmd
    stm32f4xx_hash_md5.o(.text) refers to stm32f4xx_hash.o(.text) for HASH_DeInit
    stm32f4xx_hash_sha1.o(.text) refers to stm32f4xx_hash.o(.text) for HASH_DeInit
    stm32f4xx_i2c.o(.text) refers to stm32f4xx_rcc.o(.text) for RCC_APB1PeriphResetCmd
    stm32f4xx_ltdc.o(.text) refers to stm32f4xx_rcc.o(.text) for RCC_APB2PeriphResetCmd
    stm32f4xx_pwr.o(.text) refers to stm32f4xx_rcc.o(.text) for RCC_APB1PeriphResetCmd
    stm32f4xx_rng.o(.text) refers to stm32f4xx_rcc.o(.text) for RCC_AHB2PeriphResetCmd
    stm32f4xx_sai.o(.text) refers to stm32f4xx_rcc.o(.text) for RCC_APB2PeriphResetCmd
    stm32f4xx_sdio.o(.text) refers to stm32f4xx_rcc.o(.text) for RCC_APB2PeriphResetCmd
    stm32f4xx_spi.o(.text) refers to stm32f4xx_rcc.o(.text) for RCC_APB1PeriphResetCmd
    stm32f4xx_syscfg.o(.text) refers to stm32f4xx_rcc.o(.text) for RCC_APB2PeriphResetCmd
    stm32f4xx_tim.o(.text) refers to stm32f4xx_rcc.o(.text) for RCC_APB2PeriphResetCmd
    stm32f4xx_usart.o(.text) refers to stm32f4xx_rcc.o(.text) for RCC_APB2PeriphResetCmd
    stm32f4xx_wwdg.o(.text) refers to stm32f4xx_rcc.o(.text) for RCC_APB1PeriphResetCmd
    tm_stm32f4_delay.o(.text) refers (Weak) to main.o(.text) for TM_DELAY_1msHandler
    tm_stm32f4_delay.o(.text) refers to malloc.o(i.malloc) for malloc
    tm_stm32f4_delay.o(.text) refers to malloc.o(i.free) for free
    tm_stm32f4_delay.o(.text) refers to tm_stm32f4_delay.o(.data) for .data
    tm_stm32f4_delay.o(.text) refers to tm_stm32f4_delay.o(.bss) for .bss
    tm_stm32f4_delay.o(.text) refers to system_stm32f4xx.o(.data) for SystemCoreClock
    tm_stm32f4_disco.o(.text) refers to tm_stm32f4_gpio.o(.text) for TM_GPIO_Init
    tm_stm32f4_disco.o(.text) refers to tm_stm32f4_disco.o(.data) for .data
    tm_stm32f4_gpio.o(.text) refers to tm_stm32f4_gpio.o(.bss) for .bss
    tm_stm32f4_emwin.o(.text) refers to stm32f4xx_rcc.o(.text) for RCC_AHB1PeriphClockCmd
    tm_stm32f4_emwin.o(.text) refers to tm_stm32f4_delay.o(.text) for TM_DELAY_Init
    tm_stm32f4_emwin.o(.text) refers to tm_stm32f4_ili9341_ltdc.o(.text) for TM_ILI9341_Init
    tm_stm32f4_emwin.o(.text) refers to tm_stm32f4_stmpe811.o(.text) for TM_STMPE811_Init
    tm_stm32f4_emwin.o(.text) refers to gui_core.o(i.GUI_Init) for GUI_Init
    tm_stm32f4_emwin.o(.text) refers to gui_exec.o(i.GUI_Exec) for GUI_Exec
    tm_stm32f4_emwin.o(.text) refers to gui_setorientation.o(i.GUI_SetOrientation) for GUI_SetOrientation
    tm_stm32f4_emwin.o(.text) refers to gui_touch.o(i.GUI_TOUCH_StoreStateEx) for GUI_TOUCH_StoreStateEx
    tm_stm32f4_emwin.o(.text) refers to guidrv_stm32f429i_discovery.o(.text) for LTDC_ISR_Handler
    tm_stm32f4_emwin.o(.text) refers to tm_stm32f4_emwin.o(.data) for .data
    tm_stm32f4_emwin.o(.text) refers to tm_stm32f4_emwin.o(.bss) for .bss
    tm_stm32f4_fonts.o(.text) refers to strlen.o(.text) for strlen
    tm_stm32f4_fonts.o(.data) refers to tm_stm32f4_fonts.o(.constdata) for TM_Font7x10
    tm_stm32f4_fonts.o(.data) refers to tm_stm32f4_fonts.o(.constdata) for TM_Font11x18
    tm_stm32f4_fonts.o(.data) refers to tm_stm32f4_fonts.o(.constdata) for TM_Font16x26
[...]
    0x0800b340   0x0800b340   0x00000028   Code   RO         2885    i.WIDGET_OrState    STemWin526_CM4_Keil.lib(widget.o)
    0x0800b368   0x0800b368   0x00000022   Code   RO         2887    i.WIDGET_SetState   STemWin526_CM4_Keil.lib(widget.o)
    0x0800b38a   0x0800b38a   0x00000040   Code   RO         2890    i.WIDGET__DrawTriangle  STemWin526_CM4_Keil.lib(widget.o)
    0x0800b3ca   0x0800b3ca   0x0000003a   Code   RO         2893    i.WIDGET__EFFECT_DrawDownRect  STemWin526_CM4_Keil.lib(widget.o)
    0x0800b404   0x0800b404   0x00000030   Code   RO         2894    i.WIDGET__EFFECT_DrawUpRect  STemWin526_CM4_Keil.lib(widget.o)
    0x0800b434   0x0800b434   0x0000001c   Code   RO         2895    i.WIDGET__FillRectEx  STemWin526_CM4_Keil.lib(widget.o)
    0x0800b450   0x0800b450   0x00000036   Code   RO         2897    i.WIDGET__GetClientRect  STemWin526_CM4_Keil.lib(widget.o)
    0x0800b486   0x0800b486   0x0000001a   Code   RO         2898    i.WIDGET__GetInsideRect  STemWin526_CM4_Keil.lib(widget.o)
    0x0800b4a0   0x0800b4a0   0x00000020   Code   RO         2900    i.WIDGET__GetXSize  STemWin526_CM4_Keil.lib(widget.o)
    0x0800b4c0   0x0800b4c0   0x00000020   Code   RO         2901    i.WIDGET__GetYSize  STemWin526_CM4_Keil.lib(widget.o)
    0x0800b4e0   0x0800b4e0   0x00000010   Code   RO         2902    i.WIDGET__Init      STemWin526_CM4_Keil.lib(widget.o)
    0x0800b4f0   0x0800b4f0   0x0000001e   Code   RO         2903    i.WIDGET__RotateRect90  STemWin526_CM4_Keil.lib(widget.o)
    0x0800b50e   0x0800b50e   0x00000026   Code   RO         2904    i.WIDGET__SetScrollState  STemWin526_CM4_Keil.lib(widget.o)
    0x0800b534   0x0800b534   0x00000010   Code   RO         2932    i.WM_Activate       STemWin526_CM4_Keil.lib(wm.o)
    0x0800b544   0x0800b544   0x0000007e   Code   RO         3352    i.WM_BringToBottom  STemWin526_CM4_Keil.lib(wm_bringtobottom.o)
    0x0800b5c2   0x0800b5c2   0x00000004   Code   RO         3354    i.WM_BringToTop     STemWin526_CM4_Keil.lib(wm_bringtotop.o)
    0x0800b5c6   0x0800b5c6   0x0000001c   Code   RO         3045    i.WM_CheckScrollBounds  STemWin526_CM4_Keil.lib(wm_checkscrollpos.o)
    0x0800b5e2   0x0800b5e2   0x00000002   PAD
    0x0800b5e4   0x0800b5e4   0x00000054   Code   RO         3410    i.WM_CreateTimer    STemWin526_CM4_Keil.lib(wm_timer.o)
    0x0800b638   0x0800b638   0x00000148   Code   RO         2934    i.WM_CreateWindowAsChild  STemWin526_CM4_Keil.lib(wm.o)
    0x0800b780   0x0800b780   0x00000014   Code   RO         2935    i.WM_Deactivate     STemWin526_CM4_Keil.lib(wm.o)
    0x0800b794   0x0800b794   0x00000046   Code   RO         2936    i.WM_DefaultProc    STemWin526_CM4_Keil.lib(wm.o)
    0x0800b7da   0x0800b7da   0x00000020   Code   RO         3411    i.WM_DeleteTimer    STemWin526_CM4_Keil.lib(wm_timer.o)
    0x0800b7fa   0x0800b7fa   0x00000002   PAD
    0x0800b7fc   0x0800b7fc   0x000000c4   Code   RO         2937    i.WM_DeleteWindow   STemWin526_CM4_Keil.lib(wm.o)
    0x0800b8c0   0x0800b8c0   0x00000078   Code   RO         2938    i.WM_Exec           STemWin526_CM4_Keil.lib(wm.o)
    0x0800b938   0x0800b938   0x00000004   Code   RO         3718    i.WM_ForEachDesc    STemWin526_CM4_Keil.lib(wm_foreachdesc.o)
    0x0800b93c   0x0800b93c   0x0000001c   Code   RO         3051    i.WM_GetClientRect  STemWin526_CM4_Keil.lib(wm_getclientrect.o)
    0x0800b958   0x0800b958   0x00000004   Code   RO         3052    i.WM_GetClientRectEx  STemWin526_CM4_Keil.lib(wm_getclientrect.o)
    0x0800b95c   0x0800b95c   0x00000018   Code   RO         3057    i.WM_GetDesktopWindow  STemWin526_CM4_Keil.lib(wm_getdesktopwindow.o)
    0x0800b974   0x0800b974   0x00000014   Code   RO         3926    i.WM_GetDesktopWindowEx  STemWin526_CM4_Keil.lib(wm_getdesktopwindowex.o)
    0x0800b988   0x0800b988   0x00000010   Code   RO         3059    i.WM_GetDialogItem  STemWin526_CM4_Keil.lib(wm_getdialogitem.o)
    0x0800b998   0x0800b998   0x0000000e   Code   RO         3366    i.WM_GetFirstChild  STemWin526_CM4_Keil.lib(wm_getfirstchild.o)
    0x0800b9a6   0x0800b9a6   0x00000016   Code   RO         3368    i.WM_GetFlags       STemWin526_CM4_Keil.lib(wm_getflags.o)
    0x0800b9bc   0x0800b9bc   0x0000001a   Code   RO         3063    i.WM_GetId          STemWin526_CM4_Keil.lib(wm_getid.o)
    0x0800b9d6   0x0800b9d6   0x00000010   Code   RO         3371    i.WM_GetInsideRectEx  STemWin526_CM4_Keil.lib(wm_getinsiderect.o)
    0x0800b9e6   0x0800b9e6   0x000000a4   Code   RO         3065    i.WM_GetInsideRectExScrollbar  STemWin526_CM4_Keil.lib(wm_getinsiderectexscrollbar.o)
    0x0800ba8a   0x0800ba8a   0x00000002   PAD
    0x0800ba8c   0x0800ba8c   0x00000010   Code   RO         3067    i.WM_GetOrgX        STemWin526_CM4_Keil.lib(wm_getorg.o)
    0x0800ba9c   0x0800ba9c   0x00000010   Code   RO         3068    i.WM_GetOrgY        STemWin526_CM4_Keil.lib(wm_getorg.o)
    0x0800baac   0x0800baac   0x0000000e   Code   RO         3374    i.WM_GetParent      STemWin526_CM4_Keil.lib(wm_getparent.o)
    0x0800baba   0x0800baba   0x0000002a   Code   RO         3376    i.WM_GetScrollPartner  STemWin526_CM4_Keil.lib(wm_getscrollpartner.o)
    0x0800bae4   0x0800bae4   0x00000012   Code   RO         3075    i.WM_GetScrollbarH  STemWin526_CM4_Keil.lib(wm_getscrollbar.o)
    0x0800baf6   0x0800baf6   0x00000012   Code   RO         3076    i.WM_GetScrollbarV  STemWin526_CM4_Keil.lib(wm_getscrollbar.o)
    0x0800bb08   0x0800bb08   0x00000016   Code   RO         3069    i.WM_GetWindowOrgX  STemWin526_CM4_Keil.lib(wm_getorg.o)
    0x0800bb1e   0x0800bb1e   0x00000016   Code   RO         3070    i.WM_GetWindowOrgY  STemWin526_CM4_Keil.lib(wm_getorg.o)
    0x0800bb34   0x0800bb34   0x0000001a   Code   RO         3379    i.WM_GetWindowRectEx  STemWin526_CM4_Keil.lib(wm_getwindowrect.o)
    0x0800bb4e   0x0800bb4e   0x00000002   PAD
    0x0800bb50   0x0800bb50   0x00000370   Code   RO         3422    i.WM_HandlePID      STemWin526_CM4_Keil.lib(wm_touch.o)
    0x0800bec0   0x0800bec0   0x00000028   Code   RO         3392    i.WM_HideWindow     STemWin526_CM4_Keil.lib(wm_hide.o)
    0x0800bee8   0x0800bee8   0x000000d4   Code   RO         2940    i.WM_Init           STemWin526_CM4_Keil.lib(wm.o)
    0x0800bfbc   0x0800bfbc   0x00000076   Code   RO         2941    i.WM_InvalidateRect  STemWin526_CM4_Keil.lib(wm.o)
    0x0800c032   0x0800c032   0x00000006   Code   RO         2942    i.WM_InvalidateWindow  STemWin526_CM4_Keil.lib(wm.o)
    0x0800c038   0x0800c038   0x0000005e   Code   RO         2943    i.WM_InvalidateWindowAndDescsEx  STemWin526_CM4_Keil.lib(wm.o)
    0x0800c096   0x0800c096   0x00000004   Code   RO         3724    i.WM_IsWindow       STemWin526_CM4_Keil.lib(wm_iswindow.o)
    0x0800c09a   0x0800c09a   0x00000004   Code   RO         3727    i.WM_MoveWindow     STemWin526_CM4_Keil.lib(wm_move.o)
    0x0800c09e   0x0800c09e   0x00000010   Code   RO         3394    i.WM_NotifyParent   STemWin526_CM4_Keil.lib(wm_notifyparent.o)
    0x0800c0ae   0x0800c0ae   0x00000002   PAD
    0x0800c0b0   0x0800c0b0   0x00000038   Code   RO         3736    i.WM_OnKey          STemWin526_CM4_Keil.lib(wm_onkey.o)
    0x0800c0e8   0x0800c0e8   0x00000018   Code   RO         3739    i.WM_PID__SetPrevState  STemWin526_CM4_Keil.lib(wm_pid__getprevstate.o)
    0x0800c100   0x0800c100   0x00000004   Code   RO         3400    i.WM_ReleaseCapture  STemWin526_CM4_Keil.lib(wm_setcapture.o)
    0x0800c104   0x0800c104   0x000000ec   Code   RO         3743    i.WM_ResizeWindow   STemWin526_CM4_Keil.lib(wm_resizewindow.o)
    0x0800c1f0   0x0800c1f0   0x00000028   Code   RO         3413    i.WM_RestartTimer   STemWin526_CM4_Keil.lib(wm_timer.o)
    0x0800c218   0x0800c218   0x0000000a   Code   RO         3745    i.WM_Screen2hWin    STemWin526_CM4_Keil.lib(wm_screen2win.o)
    0x0800c222   0x0800c222   0x00000002   PAD
    0x0800c224   0x0800c224   0x0000003c   Code   RO         2944    i.WM_SelectWindow   STemWin526_CM4_Keil.lib(wm.o)
    0x0800c260   0x0800c260   0x0000000a   Code   RO         2945    i.WM_SendMessage    STemWin526_CM4_Keil.lib(wm.o)
    0x0800c26a   0x0800c26a   0x00000004   Code   RO         3396    i.WM_SendMessageNoPara  STemWin526_CM4_Keil.lib(wm_sendmessagenopara.o)
    0x0800c26e   0x0800c26e   0x0000001e   Code   RO         3398    i.WM_SendToParent   STemWin526_CM4_Keil.lib(wm_sendtoparent.o)
    0x0800c28c   0x0800c28c   0x00000034   Code   RO         3401    i.WM_SetCapture     STemWin526_CM4_Keil.lib(wm_setcapture.o)
    0x0800c2c0   0x0800c2c0   0x00000014   Code   RO         2946    i.WM_SetDefault     STemWin526_CM4_Keil.lib(wm.o)
    0x0800c2d4   0x0800c2d4   0x0000009c   Code   RO         3406    i.WM_SetFocus       STemWin526_CM4_Keil.lib(wm_setfocus.o)
    0x0800c370   0x0800c370   0x00000018   Code   RO         3408    i.WM_SetScrollState  STemWin526_CM4_Keil.lib(wm_setscrollstate.o)
    0x0800c388   0x0800c388   0x00000004   Code   RO         3081    i.WM_SetScrollbarH  STemWin526_CM4_Keil.lib(wm_setscrollbar.o)
    0x0800c38c   0x0800c38c   0x00000004   Code   RO         3082    i.WM_SetScrollbarV  STemWin526_CM4_Keil.lib(wm_setscrollbar.o)
    0x0800c390   0x0800c390   0x0000003e   Code   RO         3761    i.WM_SetSize        STemWin526_CM4_Keil.lib(wm_setsize.o)
    0x0800c3ce   0x0800c3ce   0x00000002   PAD
    0x0800c3d0   0x0800c3d0   0x00000018   Code   RO         3091    i.WM_SetUserClipRect  STemWin526_CM4_Keil.lib(wm_setusercliprect.o)
    0x0800c3e8   0x0800c3e8   0x00000048   Code   RO         2947    i.WM__ActivateClipRect  STemWin526_CM4_Keil.lib(wm.o)
    0x0800c430   0x0800c430   0x00000010   Code   RO         3360    i.WM__AddCriticalHandle  STemWin526_CM4_Keil.lib(wm_criticalhandle.o)
    0x0800c440   0x0800c440   0x00000010   Code   RO         2948    i.WM__Client2Screen  STemWin526_CM4_Keil.lib(wm.o)
    0x0800c450   0x0800c450   0x0000004e   Code   RO         2949    i.WM__ClipAtParentBorders  STemWin526_CM4_Keil.lib(wm.o)
    0x0800c49e   0x0800c49e   0x0000004a   Code   RO         3414    i.WM__DeleteAssocTimer  STemWin526_CM4_Keil.lib(wm_timer.o)
    0x0800c4e8   0x0800c4e8   0x0000001c   Code   RO         2950    i.WM__DeleteSecure  STemWin526_CM4_Keil.lib(wm.o)
    0x0800c504   0x0800c504   0x00000028   Code   RO         2951    i.WM__DetachWindow  STemWin526_CM4_Keil.lib(wm.o)
    0x0800c52c   0x0800c52c   0x0000002c   Code   RO         3920    i.WM__ForEachDesc   STemWin526_CM4_Keil.lib(wm__foreachdesc.o)
    0x0800c558   0x0800c558   0x00000020   Code   RO         3053    i.WM__GetClientRectEx  STemWin526_CM4_Keil.lib(wm_getclientrect.o)
    0x0800c578   0x0800c578   0x00000018   Code   RO         2952    i.WM__GetClientRectWin  STemWin526_CM4_Keil.lib(wm.o)
    0x0800c590   0x0800c590   0x00000012   Code   RO         3922    i.WM__GetFirstSibling  STemWin526_CM4_Keil.lib(wm__getfirstsibling.o)
    0x0800c5a2   0x0800c5a2   0x00000002   PAD
    0x0800c5a4   0x0800c5a4   0x00000040   Code   RO         2953    i.WM__GetNextIVR    STemWin526_CM4_Keil.lib(wm.o)
    0x0800c5e4   0x0800c5e4   0x00000024   Code   RO         3706    i.WM__GetPrevSibling  STemWin526_CM4_Keil.lib(wm__getprevsibling.o)
    0x0800c608   0x0800c608   0x00000018   Code   RO         2954    i.WM__GetTopLevelLayer  STemWin526_CM4_Keil.lib(wm.o)
    0x0800c620   0x0800c620   0x000000f0   Code   RO         2955    i.WM__InitIVRSearch  STemWin526_CM4_Keil.lib(wm.o)
    0x0800c710   0x0800c710   0x000000a4   Code   RO         2956    i.WM__InsertWindowIntoList  STemWin526_CM4_Keil.lib(wm.o)
    0x0800c7b4   0x0800c7b4   0x00000006   Code   RO         2957    i.WM__Invalidate1Abs  STemWin526_CM4_Keil.lib(wm.o)
    0x0800c7ba   0x0800c7ba   0x00000002   PAD
    0x0800c7bc   0x0800c7bc   0x00000054   Code   RO         2958    i.WM__InvalidateDrawAndDescs  STemWin526_CM4_Keil.lib(wm.o)
    0x0800c810   0x0800c810   0x0000002a   Code   RO         2959    i.WM__InvalidateParent  STemWin526_CM4_Keil.lib(wm.o)
    0x0800c83a   0x0800c83a   0x00000076   Code   RO         2960    i.WM__InvalidateRect  STemWin526_CM4_Keil.lib(wm.o)
    0x0800c8b0   0x0800c8b0   0x00000006   Code   RO         2961    i.WM__InvalidateRectEx  STemWin526_CM4_Keil.lib(wm.o)
    0x0800c8b6   0x0800c8b6   0x00000002   PAD
    0x0800c8b8   0x0800c8b8   0x00000022   Code   RO         3708    i.WM__IsAncestor    STemWin526_CM4_Keil.lib(wm__isancestor.o)
    0x0800c8da   0x0800c8da   0x00000016   Code   RO         3712    i.WM__IsEnabled     STemWin526_CM4_Keil.lib(wm__isenabled.o)
    0x0800c8f0   0x0800c8f0   0x00000068   Code   RO         3423    i.WM__IsInModalArea  STemWin526_CM4_Keil.lib(wm_touch.o)
    0x0800c958   0x0800c958   0x00000030   Code   RO         3747    i.WM__IsInWindow    STemWin526_CM4_Keil.lib(wm_screen2win.o)
    0x0800c988   0x0800c988   0x00000024   Code   RO         2962    i.WM__IsWindow      STemWin526_CM4_Keil.lib(wm.o)
    0x0800c9ac   0x0800c9ac   0x0000009a   Code   RO         3729    i.WM__MoveWindow    STemWin526_CM4_Keil.lib(wm_move.o)
    0x0800ca46   0x0800ca46   0x00000002   PAD
    0x0800ca48   0x0800ca48   0x000000a0   Code   RO         2963    i.WM__Paint         STemWin526_CM4_Keil.lib(wm.o)
    0x0800cae8   0x0800cae8   0x0000008c   Code   RO         2964    i.WM__Paint1        STemWin526_CM4_Keil.lib(wm.o)
    0x0800cb74   0x0800cb74   0x00000078   Code   RO         2965    i.WM__PaintWinAndOverlays  STemWin526_CM4_Keil.lib(wm.o)
    0x0800cbec   0x0800cbec   0x00000020   Code   RO         2966    i.WM__RectIsNZ      STemWin526_CM4_Keil.lib(wm.o)
    0x0800cc0c   0x0800cc0c   0x0000002c   Code   RO         3402    i.WM__ReleaseCapture  STemWin526_CM4_Keil.lib(wm_setcapture.o)
    0x0800cc38   0x0800cc38   0x0000002c   Code   RO         3361    i.WM__RemoveCriticalHandle  STemWin526_CM4_Keil.lib(wm_criticalhandle.o)
    0x0800cc64   0x0800cc64   0x00000030   Code   RO         2967    i.WM__RemoveFromLinList  STemWin526_CM4_Keil.lib(wm.o)
    0x0800cc94   0x0800cc94   0x00000040   Code   RO         2968    i.WM__RemoveWindowFromList  STemWin526_CM4_Keil.lib(wm.o)
    0x0800ccd4   0x0800ccd4   0x00000014   Code   RO         3345    i.WM__Screen2Client  STemWin526_CM4_Keil.lib(wm__screen2client.o)
    0x0800cce8   0x0800cce8   0x00000014   Code   RO         2969    i.WM__SelectTopLevelLayer  STemWin526_CM4_Keil.lib(wm.o)
    0x0800ccfc   0x0800ccfc   0x0000003c   Code   RO         3347    i.WM__SendMessage   STemWin526_CM4_Keil.lib(wm__sendmessage.o)
    0x0800cd38   0x0800cd38   0x0000001c   Code   RO         3714    i.WM__SendMessageIfEnabled  STemWin526_CM4_Keil.lib(wm__sendmessageifenabled.o)
    0x0800cd54   0x0800cd54   0x00000026   Code   RO         3716    i.WM__SendMessageNoPara  STemWin526_CM4_Keil.lib(wm__sendmessagenopara.o)
    0x0800cd7a   0x0800cd7a   0x0000000e   Code   RO         2970    i.WM__SendMsgNoData  STemWin526_CM4_Keil.lib(wm.o)
    0x0800cd88   0x0800cd88   0x0000003e   Code   RO         3424    i.WM__SendPIDMessage  STemWin526_CM4_Keil.lib(wm_touch.o)
    0x0800cdc6   0x0800cdc6   0x00000036   Code   RO         3425    i.WM__SendTouchMessage  STemWin526_CM4_Keil.lib(wm_touch.o)
    0x0800cdfc   0x0800cdfc   0x00000008   Code   RO         3083    i.WM__SetScrollbarH  STemWin526_CM4_Keil.lib(wm_setscrollbar.o)
    0x0800ce04   0x0800ce04   0x00000008   Code   RO         3084    i.WM__SetScrollbarV  STemWin526_CM4_Keil.lib(wm_setscrollbar.o)
    0x0800ce0c   0x0800ce0c   0x000000dc   Code   RO         3350    i.WM__UpdateChildPositions  STemWin526_CM4_Keil.lib(wm__updatechildpositions.o)
    0x0800cee8   0x0800cee8   0x00000038   Code   RO         3157    i._Add              STemWin526_CM4_Keil.lib(gui_fillpolygon.o)
    0x0800cf20   0x0800cf20   0x00000078   Code   RO         1918    i._AddFreeMemory    STemWin526_CM4_Keil.lib(gui_alloc.o)
    0x0800cf98   0x0800cf98   0x000000bc   Code   RO         1919    i._Alloc            STemWin526_CM4_Keil.lib(gui_alloc.o)
    0x0800d054   0x0800d054   0x00000070   Code   RO         3355    i._BringToTop       STemWin526_CM4_Keil.lib(wm_bringtotop.o)
    0x0800d0c4   0x0800d0c4   0x0000013c   Code   RO         3320    i._CalcPositions    STemWin526_CM4_Keil.lib(scrollbar_skinclassic.o)
    0x0800d200   0x0800d200   0x00000004   Code   RO         2721    i._CalcSizeOfChar   STemWin526_CM4_Keil.lib(gui_uc_encodenone.o)
    0x0800d204   0x0800d204   0x0000004c   Code   RO         2124    i._Color2IndexBulk  STemWin526_CM4_Keil.lib(guicc_m565.o)
    0x0800d250   0x0800d250   0x00000034   Code   RO         2137    i._Color2IndexBulk  STemWin526_CM4_Keil.lib(guicc_m888.o)
    0x0800d284   0x0800d284   0x0000000e   Code   RO         3625    i._Color2IndexBulk  STemWin526_CM4_Keil.lib(guicc_8888.o)
    0x0800d292   0x0800d292   0x00000002   PAD
    0x0800d294   0x0800d294   0x00000044   Code   RO         1804    i._Color2IndexBulk_1616I  STemWin526_CM4_Keil.lib(guicc_1616i.o)
    0x0800d2d8   0x0800d2d8   0x00000038   Code   RO         1822    i._Color2IndexBulk_88666I  STemWin526_CM4_Keil.lib(guicc_88666i.o)
    0x0800d310   0x0800d310   0x0000005c   Code   RO         1834    i._Color2IndexBulk_M1555I  STemWin526_CM4_Keil.lib(guicc_m1555i.o)
    0x0800d36c   0x0800d36c   0x00000058   Code   RO         1848    i._Color2IndexBulk_M4444I  STemWin526_CM4_Keil.lib(guicc_m4444i.o)
    0x0800d3c4   0x0800d3c4   0x00000044   Code   RO         1862    i._Color2IndexBulk_M8888I  STemWin526_CM4_Keil.lib(guicc_m8888i.o)
    0x0800d408   0x0800d408   0x00000054   Code   RO         2751    i._Color2Index_0    STemWin526_CM4_Keil.lib(guicc_0.o)
    0x0800d45c   0x0800d45c   0x00000072   Code   RO         2514    i._Color2Index_16   STemWin526_CM4_Keil.lib(guicc_16.o)
    0x0800d4ce   0x0800d4ce   0x00000002   PAD
    0x0800d4d0   0x0800d4d0   0x00000028   Code   RO         1805    i._Color2Index_1616I  STemWin526_CM4_Keil.lib(guicc_1616i.o)
    0x0800d4f8   0x0800d4f8   0x00000020   Code   RO         1823    i._Color2Index_88666I  STemWin526_CM4_Keil.lib(guicc_88666i.o)
    0x0800d518   0x0800d518   0x00000002   Code   RO         3626    i._Color2Index_8888  STemWin526_CM4_Keil.lib(guicc_8888.o)
    0x0800d51a   0x0800d51a   0x00000002   PAD
    0x0800d51c   0x0800d51c   0x00000038   Code   RO         1835    i._Color2Index_M1555I  STemWin526_CM4_Keil.lib(guicc_m1555i.o)
    0x0800d554   0x0800d554   0x0000003a   Code   RO         1849    i._Color2Index_M4444I  STemWin526_CM4_Keil.lib(guicc_m4444i.o)
    0x0800d58e   0x0800d58e   0x00000002   PAD
    0x0800d590   0x0800d590   0x0000002c   Code   RO         2125    i._Color2Index_M565  STemWin526_CM4_Keil.lib(guicc_m565.o)
    0x0800d5bc   0x0800d5bc   0x00000014   Code   RO         2138    i._Color2Index_M888  STemWin526_CM4_Keil.lib(guicc_m888.o)
    0x0800d5d0   0x0800d5d0   0x00000020   Code   RO         1863    i._Color2Index_M8888I  STemWin526_CM4_Keil.lib(guicc_m8888i.o)
    0x0800d5f0   0x0800d5f0   0x0000003e   Code   RO         3287    i._Convert16        STemWin526_CM4_Keil.lib(guidev_writetoactiveopaque.o)
    0x0800d62e   0x0800d62e   0x0000003e   Code   RO         3288    i._Convert8         STemWin526_CM4_Keil.lib(guidev_writetoactiveopaque.o)
    0x0800d66c   0x0800d66c   0x00000050   Code   RO         2329    i._CopyBuffer       STemWin526_CM4_Keil.lib(guidrv_lin_16.o)
    0x0800d6bc   0x0800d6bc   0x00000018   Code   RO         3321    i._Create           STemWin526_CM4_Keil.lib(scrollbar_skinclassic.o)
    0x0800d6d4   0x0800d6d4   0x0000009a   Code   RO         3814    i._CreateBuffer     STemWin526_CM4_Keil.lib(gui_sprite.o)
    0x0800d76e   0x0800d76e   0x00000002   PAD
    0x0800d770   0x0800d770   0x00000148   Code   RO         3268    i._CreateStaticDevice  STemWin526_CM4_Keil.lib(guidev_staticdevices.o)
    0x0800d8b8   0x0800d8b8   0x00000014   Code   RO         2595    i._DecPointer       STemWin526_CM4_Keil.lib(gui_pid.o)
    0x0800d8cc   0x0800d8cc   0x00000012   Code   RO         2971    i._DeleteAllChildren  STemWin526_CM4_Keil.lib(wm.o)
    0x0800d8de   0x0800d8de   0x0000001e   Code   RO         2857    i._DeleteTimer      STemWin526_CM4_Keil.lib(scrollbar.o)
    0x0800d8fc   0x0800d8fc   0x00000020   Code   RO         2972    i._DesktopHandle2Index  STemWin526_CM4_Keil.lib(wm.o)
    0x0800d91c   0x0800d91c   0x00000040   Code   RO         2736    i._DispFloatFix     STemWin526_CM4_Keil.lib(gui_valf.o)
    0x0800d95c   0x0800d95c   0x00000120   Code   RO         2737    i._DispFloatMin     STemWin526_CM4_Keil.lib(gui_valf.o)
    0x0800da7c   0x0800da7c   0x00000074   Code   RO         3785    i._DispLine         STemWin526_CM4_Keil.lib(gui_charline.o)
    0x0800daf0   0x0800daf0   0x000000f4   Code   RO         2330    i._DrawBitLine1BPP  STemWin526_CM4_Keil.lib(guidrv_lin_16.o)
    0x0800dbe4   0x0800dbe4   0x000000dc   Code   RO         2616    i._DrawBitLine1BPP  STemWin526_CM4_Keil.lib(gui_setorientationc0.o)
    0x0800dcc0   0x0800dcc0   0x00000108   Code   RO         2641    i._DrawBitLine1BPP  STemWin526_CM4_Keil.lib(gui_setorientationc8.o)
    0x0800ddc8   0x0800ddc8   0x0000010c   Code   RO         2666    i._DrawBitLine1BPP  STemWin526_CM4_Keil.lib(gui_setorientationc16.o)
    0x0800ded4   0x0800ded4   0x0000010c   Code   RO         2691    i._DrawBitLine1BPP  STemWin526_CM4_Keil.lib(gui_setorientationc32.o)
    0x0800dfe0   0x0800dfe0   0x00000148   Code   RO         2786    i._DrawBitLine1BPP  STemWin526_CM4_Keil.lib(guidev_16.o)
    0x0800e128   0x0800e128   0x0000011c   Code   RO         3634    i._DrawBitLine1BPP  STemWin526_CM4_Keil.lib(guidev_32.o)
    0x0800e244   0x0800e244   0x00000114   Code   RO         2331    i._DrawBitLine2BPP  STemWin526_CM4_Keil.lib(guidrv_lin_16.o)
    0x0800e358   0x0800e358   0x0000011c   Code   RO         2617    i._DrawBitLine2BPP  STemWin526_CM4_Keil.lib(gui_setorientationc0.o)
    0x0800e474   0x0800e474   0x00000114   Code   RO         2642    i._DrawBitLine2BPP  STemWin526_CM4_Keil.lib(gui_setorientationc8.o)
    0x0800e588   0x0800e588   0x0000011c   Code   RO         2667    i._DrawBitLine2BPP  STemWin526_CM4_Keil.lib(gui_setorientationc16.o)
    0x0800e6a4   0x0800e6a4   0x0000011c   Code   RO         2692    i._DrawBitLine2BPP  STemWin526_CM4_Keil.lib(gui_setorientationc32.o)
    0x0800e7c0   0x0800e7c0   0x000000e0   Code   RO         2787    i._DrawBitLine2BPP  STemWin526_CM4_Keil.lib(guidev_16.o)
    0x0800e8a0   0x0800e8a0   0x000000e0   Code   RO         3635    i._DrawBitLine2BPP  STemWin526_CM4_Keil.lib(guidev_32.o)
    0x0800e980   0x0800e980   0x00000094   Code   RO         3636    i._DrawBitLine32BPP_DDB  STemWin526_CM4_Keil.lib(guidev_32.o)
    0x0800ea14   0x0800ea14   0x00000114   Code   RO         2332    i._DrawBitLine4BPP  STemWin526_CM4_Keil.lib(guidrv_lin_16.o)
    0x0800eb28   0x0800eb28   0x0000011c   Code   RO         2618    i._DrawBitLine4BPP  STemWin526_CM4_Keil.lib(gui_setorientationc0.o)
    0x0800ec44   0x0800ec44   0x00000114   Code   RO         2643    i._DrawBitLine4BPP  STemWin526_CM4_Keil.lib(gui_setorientationc8.o)
    0x0800ed58   0x0800ed58   0x0000011c   Code   RO         2668    i._DrawBitLine4BPP  STemWin526_CM4_Keil.lib(gui_setorientationc16.o)
    0x0800ee74   0x0800ee74   0x0000011c   Code   RO         2693    i._DrawBitLine4BPP  STemWin526_CM4_Keil.lib(gui_setorientationc32.o)
    0x0800ef90   0x0800ef90   0x00000160   Code   RO         2788    i._DrawBitLine4BPP  STemWin526_CM4_Keil.lib(guidev_16.o)
    0x0800f0f0   0x0800f0f0   0x00000158   Code   RO         3637    i._DrawBitLine4BPP  STemWin526_CM4_Keil.lib(guidev_32.o)
    0x0800f248   0x0800f248   0x000000fc   Code   RO         2333    i._DrawBitLine8BPP  STemWin526_CM4_Keil.lib(guidrv_lin_16.o)
    0x0800f344   0x0800f344   0x000000a0   Code   RO         2619    i._DrawBitLine8BPP  STemWin526_CM4_Keil.lib(gui_setorientationc0.o)
    0x0800f3e4   0x0800f3e4   0x00000094   Code   RO         2644    i._DrawBitLine8BPP  STemWin526_CM4_Keil.lib(gui_setorientationc8.o)
    0x0800f478   0x0800f478   0x0000009c   Code   RO         2669    i._DrawBitLine8BPP  STemWin526_CM4_Keil.lib(gui_setorientationc16.o)
    0x0800f514   0x0800f514   0x0000009c   Code   RO         2694    i._DrawBitLine8BPP  STemWin526_CM4_Keil.lib(gui_setorientationc32.o)
    0x0800f5b0   0x0800f5b0   0x00000022   Code   RO         2075    i._DrawBitmap       STemWin526_CM4_Keil.lib(gui_setorientation.o)
    0x0800f5d2   0x0800f5d2   0x00000002   PAD
    0x0800f5d4   0x0800f5d4   0x00000188   Code   RO         2334    i._DrawBitmap       STemWin526_CM4_Keil.lib(guidrv_lin_16.o)
    0x0800f75c   0x0800f75c   0x000002d8   Code   RO         2789    i._DrawBitmap       STemWin526_CM4_Keil.lib(guidev_16.o)
    0x0800fa34   0x0800fa34   0x000002a4   Code   RO         3638    i._DrawBitmap       STemWin526_CM4_Keil.lib(guidev_32.o)
    0x0800fcd8   0x0800fcd8   0x0000015e   Code   RO         2620    i._DrawBitmap_C0    STemWin526_CM4_Keil.lib(gui_setorientationc0.o)
    0x0800fe36   0x0800fe36   0x00000002   PAD
    0x0800fe38   0x0800fe38   0x00000218   Code   RO         2645    i._DrawBitmap_CX    STemWin526_CM4_Keil.lib(gui_setorientationc8.o)
    0x08010050   0x08010050   0x0000021a   Code   RO         2670    i._DrawBitmap_CX    STemWin526_CM4_Keil.lib(gui_setorientationc16.o)
    0x0801026a   0x0801026a   0x00000002   PAD
    0x0801026c   0x0801026c   0x00000218   Code   RO         2695    i._DrawBitmap_CX    STemWin526_CM4_Keil.lib(gui_setorientationc32.o)
    0x08010484   0x08010484   0x00000146   Code   RO         2427    i._DrawBorder       STemWin526_CM4_Keil.lib(graph.o)
    0x080105ca   0x080105ca   0x00000010   Code   RO         3333    i._DrawDown         STemWin526_CM4_Keil.lib(widget_effect_3d.o)
    0x080105da   0x080105da   0x00000002   PAD
    0x080105dc   0x080105dc   0x00000094   Code   RO         3334    i._DrawDownRect     STemWin526_CM4_Keil.lib(widget_effect_3d.o)
    0x08010670   0x08010670   0x000001f4   Code   RO         2538    i._DrawGraph        STemWin526_CM4_Keil.lib(gui_drawgraphex.o)
    0x08010864   0x08010864   0x00000118   Code   RO         2428    i._DrawGrid         STemWin526_CM4_Keil.lib(graph.o)
    0x0801097c   0x0801097c   0x0000000e   Code   RO         2076    i._DrawHLine        STemWin526_CM4_Keil.lib(gui_setorientation.o)
    0x0801098a   0x0801098a   0x0000000a   Code   RO         2335    i._DrawHLine        STemWin526_CM4_Keil.lib(guidrv_lin_16.o)
    0x08010994   0x08010994   0x0000000a   Code   RO         2790    i._DrawHLine        STemWin526_CM4_Keil.lib(guidev_16.o)
    0x0801099e   0x0801099e   0x0000000a   Code   RO         3639    i._DrawHLine        STemWin526_CM4_Keil.lib(guidev_32.o)
    0x080109a8   0x080109a8   0x0000005e   Code   RO         2621    i._DrawHLine_C0     STemWin526_CM4_Keil.lib(gui_setorientationc0.o)
    0x08010a06   0x08010a06   0x0000000c   Code   RO         2646    i._DrawHLine_CX     STemWin526_CM4_Keil.lib(gui_setorientationc8.o)
    0x08010a12   0x08010a12   0x0000000c   Code   RO         2671    i._DrawHLine_CX     STemWin526_CM4_Keil.lib(gui_setorientationc16.o)
    0x08010a1e   0x08010a1e   0x0000000c   Code   RO         2696    i._DrawHLine_CX     STemWin526_CM4_Keil.lib(gui_setorientationc32.o)
    0x08010a2a   0x08010a2a   0x00000002   PAD
    0x08010a2c   0x08010a2c   0x00000014   Code   RO         2555    i._DrawLineEnd      STemWin526_CM4_Keil.lib(gui_drawline.o)
    0x08010a40   0x08010a40   0x0000005c   Code   RO         2973    i._DrawNext         STemWin526_CM4_Keil.lib(wm.o)
    0x08010a9c   0x08010a9c   0x00000068   Code   RO         3335    i._DrawUpRect       STemWin526_CM4_Keil.lib(widget_effect_3d.o)
    0x08010b04   0x08010b04   0x0000000e   Code   RO         2077    i._DrawVLine        STemWin526_CM4_Keil.lib(gui_setorientation.o)
    0x08010b12   0x08010b12   0x0000000c   Code   RO         2336    i._DrawVLine        STemWin526_CM4_Keil.lib(guidrv_lin_16.o)
    0x08010b1e   0x08010b1e   0x00000002   PAD
    0x08010b20   0x08010b20   0x000000b8   Code   RO         2791    i._DrawVLine        STemWin526_CM4_Keil.lib(guidev_16.o)
    0x08010bd8   0x08010bd8   0x000000ac   Code   RO         3640    i._DrawVLine        STemWin526_CM4_Keil.lib(guidev_32.o)
    0x08010c84   0x08010c84   0x0000005e   Code   RO         2622    i._DrawVLine_C0     STemWin526_CM4_Keil.lib(gui_setorientationc0.o)
    0x08010ce2   0x08010ce2   0x0000000e   Code   RO         2647    i._DrawVLine_CX     STemWin526_CM4_Keil.lib(gui_setorientationc8.o)
    0x08010cf0   0x08010cf0   0x0000000e   Code   RO         2672    i._DrawVLine_CX     STemWin526_CM4_Keil.lib(gui_setorientationc16.o)
    0x08010cfe   0x08010cfe   0x0000000e   Code   RO         2697    i._DrawVLine_CX     STemWin526_CM4_Keil.lib(gui_setorientationc32.o)
    0x08010d0c   0x08010d0c   0x00000056   Code   RO         2905    i._EffectRequiresRedraw  STemWin526_CM4_Keil.lib(widget.o)
    0x08010d62   0x08010d62   0x00000006   Code   RO         2722    i._Encode           STemWin526_CM4_Keil.lib(gui_uc_encodenone.o)
    0x08010d68   0x08010d68   0x00000098   Code   RO         1920    i._EnlargeBlocks    STemWin526_CM4_Keil.lib(gui_alloc.o)
    0x08010e00   0x08010e00   0x00000070   Code   RO         2974    i._Exec1Input       STemWin526_CM4_Keil.lib(wm.o)
    0x08010e70   0x08010e70   0x00000010   Code   RO         2078    i._FillRect         STemWin526_CM4_Keil.lib(gui_setorientation.o)
    0x08010e80   0x08010e80   0x00000028   Code   RO         2337    i._FillRect         STemWin526_CM4_Keil.lib(guidrv_lin_16.o)
    0x08010ea8   0x08010ea8   0x000000ac   Code   RO         2792    i._FillRect         STemWin526_CM4_Keil.lib(guidev_16.o)
    0x08010f54   0x08010f54   0x000000a4   Code   RO         3641    i._FillRect         STemWin526_CM4_Keil.lib(guidev_32.o)
    0x08010ff8   0x08010ff8   0x0000014c   Code   RO         2338    i._FillRectOpt16    STemWin526_CM4_Keil.lib(guidrv_lin_16.o)
    0x08011144   0x08011144   0x0000005a   Code   RO         2623    i._FillRect_C0      STemWin526_CM4_Keil.lib(gui_setorientationc0.o)
    0x0801119e   0x0801119e   0x00000002   PAD
    0x080111a0   0x080111a0   0x000000e8   Code   RO         2648    i._FillRect_CX      STemWin526_CM4_Keil.lib(gui_setorientationc8.o)
    0x08011288   0x08011288   0x000000f0   Code   RO         2673    i._FillRect_CX      STemWin526_CM4_Keil.lib(gui_setorientationc16.o)
    0x08011378   0x08011378   0x000000e8   Code   RO         2698    i._FillRect_CX      STemWin526_CM4_Keil.lib(gui_setorientationc32.o)
    0x08011460   0x08011460   0x00000148   Code   RO         2975    i._FindNext_IVR     STemWin526_CM4_Keil.lib(wm.o)
    0x080115a8   0x080115a8   0x0000007c   Code   RO         2976    i._Findx0           STemWin526_CM4_Keil.lib(wm.o)
    0x08011624   0x08011624   0x00000072   Code   RO         2977    i._Findx1           STemWin526_CM4_Keil.lib(wm.o)
    0x08011696   0x08011696   0x000000a6   Code   RO         2978    i._Findy1           STemWin526_CM4_Keil.lib(wm.o)
    0x0801173c   0x0801173c   0x00000074   Code   RO         3820    i._FlushBuffer      STemWin526_CM4_Keil.lib(gui_sprite.o)
    0x080117b0   0x080117b0   0x00000004   Code   RO         3694    i._GUI_USAGE_BM_Delete  STemWin526_CM4_Keil.lib(guidev_usagebm.o)
    0x080117b4   0x080117b4   0x0000006c   Code   RO         3821    i._GetBkPixel       STemWin526_CM4_Keil.lib(gui_sprite.o)
    0x08011820   0x08011820   0x00000004   Code   RO         2723    i._GetCharCode      STemWin526_CM4_Keil.lib(gui_uc_encodenone.o)
    0x08011824   0x08011824   0x00000004   Code   RO         2724    i._GetCharSize      STemWin526_CM4_Keil.lib(gui_uc_encodenone.o)
    0x08011828   0x08011828   0x00000044   Code   RO         2738    i._GetDecs          STemWin526_CM4_Keil.lib(gui_valf.o)
    0x0801186c   0x0801186c   0x00000008   Code   RO         2079    i._GetDevData       STemWin526_CM4_Keil.lib(gui_setorientation.o)
    0x08011874   0x08011874   0x00000010   Code   RO         2339    i._GetDevData       STemWin526_CM4_Keil.lib(guidrv_lin_16.o)
    0x08011884   0x08011884   0x00000010   Code   RO         2793    i._GetDevData       STemWin526_CM4_Keil.lib(guidev_16.o)
    0x08011894   0x08011894   0x00000010   Code   RO         3642    i._GetDevData       STemWin526_CM4_Keil.lib(guidev_32.o)
    0x080118a4   0x080118a4   0x00000014   Code   RO         2080    i._GetDevFunc       STemWin526_CM4_Keil.lib(gui_setorientation.o)
    0x080118b8   0x080118b8   0x000000dc   Code   RO         2340    i._GetDevFunc       STemWin526_CM4_Keil.lib(guidrv_lin_16.o)
    0x08011994   0x08011994   0x00000010   Code   RO         2794    i._GetDevFunc       STemWin526_CM4_Keil.lib(guidev_16.o)
    0x080119a4   0x080119a4   0x00000010   Code   RO         3643    i._GetDevFunc       STemWin526_CM4_Keil.lib(guidev_32.o)
    0x080119b4   0x080119b4   0x0000006e   Code   RO         2081    i._GetDevProp       STemWin526_CM4_Keil.lib(gui_setorientation.o)
    0x08011a22   0x08011a22   0x0000001e   Code   RO         2238    i._GetDevProp       STemWin526_CM4_Keil.lib(lcd_getex.o)
    0x08011a40   0x08011a40   0x0000003c   Code   RO         2341    i._GetDevProp       STemWin526_CM4_Keil.lib(guidrv_lin_16.o)
    0x08011a7c   0x08011a7c   0x00000008   Code   RO         2795    i._GetDevProp       STemWin526_CM4_Keil.lib(guidev_16.o)
    0x08011a84   0x08011a84   0x0000000c   Code   RO         3644    i._GetDevProp       STemWin526_CM4_Keil.lib(guidev_32.o)
    0x08011a90   0x08011a90   0x00000040   Code   RO         3827    i._GetDeviceRect    STemWin526_CM4_Keil.lib(gui_sprite.o)
    0x08011ad0   0x08011ad0   0x00000040   Code   RO         3060    i._GetDialogItem    STemWin526_CM4_Keil.lib(wm_getdialogitem.o)
    0x08011b10   0x08011b10   0x00000050   Code   RO         3077    i._GetDialogItem    STemWin526_CM4_Keil.lib(wm_getscrollbar.o)
    0x08011b60   0x08011b60   0x00000052   Code   RO         2752    i._GetIndexMask_0   STemWin526_CM4_Keil.lib(guicc_0.o)
    0x08011bb2   0x08011bb2   0x00000004   Code   RO         2515    i._GetIndexMask_16  STemWin526_CM4_Keil.lib(guicc_16.o)
    0x08011bb6   0x08011bb6   0x00000004   Code   RO         1806    i._GetIndexMask_1616I  STemWin526_CM4_Keil.lib(guicc_1616i.o)
    0x08011bba   0x08011bba   0x00000004   Code   RO         1817    i._GetIndexMask_8666  STemWin526_CM4_Keil.lib(guicc_8666.o)
    0x08011bbe   0x08011bbe   0x00000006   Code   RO         1824    i._GetIndexMask_88666I  STemWin526_CM4_Keil.lib(guicc_88666i.o)
    0x08011bc4   0x08011bc4   0x00000006   Code   RO         3627    i._GetIndexMask_8888  STemWin526_CM4_Keil.lib(guicc_8888.o)
    0x08011bca   0x08011bca   0x00000006   Code   RO         1836    i._GetIndexMask_M1555I  STemWin526_CM4_Keil.lib(guicc_m1555i.o)
    0x08011bd0   0x08011bd0   0x00000006   Code   RO         1850    i._GetIndexMask_M4444I  STemWin526_CM4_Keil.lib(guicc_m4444i.o)
    0x08011bd6   0x08011bd6   0x00000006   Code   RO         2126    i._GetIndexMask_M565  STemWin526_CM4_Keil.lib(guicc_m565.o)
    0x08011bdc   0x08011bdc   0x00000006   Code   RO         2139    i._GetIndexMask_M888  STemWin526_CM4_Keil.lib(guicc_m888.o)
    0x08011be2   0x08011be2   0x00000006   Code   RO         1864    i._GetIndexMask_M8888I  STemWin526_CM4_Keil.lib(guicc_m8888i.o)
    0x08011be8   0x08011be8   0x0000001e   Code   RO         2239    i._GetMaxValue      STemWin526_CM4_Keil.lib(lcd_getex.o)
    0x08011c06   0x08011c06   0x00000002   PAD
    0x08011c08   0x08011c08   0x0000001c   Code   RO         1921    i._GetMinIndex      STemWin526_CM4_Keil.lib(gui_alloc.o)
    0x08011c24   0x08011c24   0x0000001e   Code   RO         2429    i._GetParams        STemWin526_CM4_Keil.lib(graph.o)
    0x08011c42   0x08011c42   0x00000008   Code   RO         2082    i._GetPixelIndex    STemWin526_CM4_Keil.lib(gui_setorientation.o)
    0x08011c4a   0x08011c4a   0x00000010   Code   RO         2342    i._GetPixelIndex    STemWin526_CM4_Keil.lib(guidrv_lin_16.o)
    0x08011c5a   0x08011c5a   0x0000000e   Code   RO         2796    i._GetPixelIndex    STemWin526_CM4_Keil.lib(guidev_16.o)
    0x08011c68   0x08011c68   0x0000000e   Code   RO         3645    i._GetPixelIndex    STemWin526_CM4_Keil.lib(guidev_32.o)
    0x08011c76   0x08011c76   0x0000001e   Code   RO         2624    i._GetPixelIndex_C0  STemWin526_CM4_Keil.lib(gui_setorientationc0.o)
    0x08011c94   0x08011c94   0x00000028   Code   RO         2649    i._GetPixelIndex_CX  STemWin526_CM4_Keil.lib(gui_setorientationc8.o)
    0x08011cbc   0x08011cbc   0x00000028   Code   RO         2674    i._GetPixelIndex_CX  STemWin526_CM4_Keil.lib(gui_setorientationc16.o)
    0x08011ce4   0x08011ce4   0x00000028   Code   RO         2699    i._GetPixelIndex_CX  STemWin526_CM4_Keil.lib(gui_setorientationc32.o)
    0x08011d0c   0x08011d0c   0x0000001c   Code   RO         2343    i._GetPos           STemWin526_CM4_Keil.lib(guidrv_lin_16.o)
    0x08011d28   0x08011d28   0x00000036   Code   RO         2083    i._GetRect          STemWin526_CM4_Keil.lib(gui_setorientation.o)
    0x08011d5e   0x08011d5e   0x00000016   Code   RO         2344    i._GetRect          STemWin526_CM4_Keil.lib(guidrv_lin_16.o)
    0x08011d74   0x08011d74   0x00000030   Code   RO         2797    i._GetRect          STemWin526_CM4_Keil.lib(guidev_16.o)
    0x08011da4   0x08011da4   0x00000030   Code   RO         3646    i._GetRect          STemWin526_CM4_Keil.lib(guidev_32.o)
    0x08011dd4   0x08011dd4   0x00000010   Code   RO         2583    i._GotoX            STemWin526_CM4_Keil.lib(gui_goto.o)
    0x08011de4   0x08011de4   0x00000010   Code   RO         2584    i._GotoY            STemWin526_CM4_Keil.lib(gui_goto.o)
    0x08011df4   0x08011df4   0x00000014   Code   RO         2596    i._IncPointer       STemWin526_CM4_Keil.lib(gui_pid.o)
    0x08011e08   0x08011e08   0x0000001c   Code   RO         3176    i._IncPointer       STemWin526_CM4_Keil.lib(gui_onkey.o)
    0x08011e24   0x08011e24   0x00000006   Code   RO         3177    i._IncReadPointer   STemWin526_CM4_Keil.lib(gui_onkey.o)
    0x08011e2a   0x08011e2a   0x00000002   PAD
    0x08011e2c   0x08011e2c   0x00000058   Code   RO         2127    i._Index2ColorBulk  STemWin526_CM4_Keil.lib(guicc_m565.o)
    0x08011e84   0x08011e84   0x00000034   Code   RO         2140    i._Index2ColorBulk  STemWin526_CM4_Keil.lib(guicc_m888.o)
    0x08011eb8   0x08011eb8   0x0000000e   Code   RO         3628    i._Index2ColorBulk  STemWin526_CM4_Keil.lib(guicc_8888.o)
    0x08011ec6   0x08011ec6   0x00000002   PAD
    0x08011ec8   0x08011ec8   0x0000004c   Code   RO         1807    i._Index2ColorBulk_1616I  STemWin526_CM4_Keil.lib(guicc_1616i.o)
    0x08011f14   0x08011f14   0x00000044   Code   RO         1825    i._Index2ColorBulk_88666I  STemWin526_CM4_Keil.lib(guicc_88666i.o)
    0x08011f58   0x08011f58   0x0000005c   Code   RO         1837    i._Index2ColorBulk_M1555I  STemWin526_CM4_Keil.lib(guicc_m1555i.o)
    0x08011fb4   0x08011fb4   0x0000005c   Code   RO         1851    i._Index2ColorBulk_M4444I  STemWin526_CM4_Keil.lib(guicc_m4444i.o)
    0x08012010   0x08012010   0x00000044   Code   RO         1865    i._Index2ColorBulk_M8888I  STemWin526_CM4_Keil.lib(guicc_m8888i.o)
    0x08012054   0x08012054   0x00000020   Code   RO         2753    i._Index2Color_0    STemWin526_CM4_Keil.lib(guicc_0.o)
    0x08012074   0x08012074   0x00000036   Code   RO         2516    i._Index2Color_16   STemWin526_CM4_Keil.lib(guicc_16.o)
    0x080120aa   0x080120aa   0x00000002   PAD
    0x080120ac   0x080120ac   0x00000028   Code   RO         1808    i._Index2Color_1616I  STemWin526_CM4_Keil.lib(guicc_1616i.o)
    0x080120d4   0x080120d4   0x00000020   Code   RO         1826    i._Index2Color_88666I  STemWin526_CM4_Keil.lib(guicc_88666i.o)
    0x080120f4   0x080120f4   0x00000030   Code   RO         1838    i._Index2Color_M1555I  STemWin526_CM4_Keil.lib(guicc_m1555i.o)
    0x08012124   0x08012124   0x00000030   Code   RO         1852    i._Index2Color_M4444I  STemWin526_CM4_Keil.lib(guicc_m4444i.o)
    0x08012154   0x08012154   0x00000020   Code   RO         1866    i._Index2Color_M8888I  STemWin526_CM4_Keil.lib(guicc_m8888i.o)
    0x08012174   0x08012174   0x00000018   Code   RO         2345    i._Init             STemWin526_CM4_Keil.lib(guidrv_lin_16.o)
    0x0801218c   0x0801218c   0x00000070   Code   RO         1974    i._InitContext      STemWin526_CM4_Keil.lib(gui_core.o)
    0x080121fc   0x080121fc   0x000000a8   Code   RO         1922    i._InitOnce         STemWin526_CM4_Keil.lib(gui_alloc.o)
    0x080122a4   0x080122a4   0x00000024   Code   RO         2346    i._InitOnce         STemWin526_CM4_Keil.lib(guidrv_lin_16.o)
    0x080122c8   0x080122c8   0x00000080   Code   RO         2979    i._Invalidate1Abs   STemWin526_CM4_Keil.lib(wm.o)
    0x08012348   0x08012348   0x00000068   Code   RO         2476    i._InvalidateNewItem  STemWin526_CM4_Keil.lib(graph_data_yt.o)
    0x080123b0   0x080123b0   0x00000088   Code   RO         3602    i._Link             STemWin526_CM4_Keil.lib(gui_timer.o)
    0x08012438   0x08012438   0x00000008   Code   RO         2084    i._Log2Phys_S       STemWin526_CM4_Keil.lib(gui_setorientation.o)
    0x08012440   0x08012440   0x00000010   Code   RO         2085    i._Log2Phys_SX      STemWin526_CM4_Keil.lib(gui_setorientation.o)
    0x08012450   0x08012450   0x00000016   Code   RO         2086    i._Log2Phys_SXY     STemWin526_CM4_Keil.lib(gui_setorientation.o)
    0x08012466   0x08012466   0x00000010   Code   RO         2087    i._Log2Phys_SY      STemWin526_CM4_Keil.lib(gui_setorientation.o)
    0x08012476   0x08012476   0x00000010   Code   RO         2088    i._Log2Phys_X       STemWin526_CM4_Keil.lib(gui_setorientation.o)
    0x08012486   0x08012486   0x00000016   Code   RO         2089    i._Log2Phys_XY      STemWin526_CM4_Keil.lib(gui_setorientation.o)
    0x0801249c   0x0801249c   0x00000010   Code   RO         2090    i._Log2Phys_Y       STemWin526_CM4_Keil.lib(gui_setorientation.o)
    0x080124ac   0x080124ac   0x00000002   Code   RO         3786    i._Log2VisBuffered  STemWin526_CM4_Keil.lib(gui_charline.o)
    0x080124ae   0x080124ae   0x000000ce   Code   RO         2430    i._ManageScrollbars  STemWin526_CM4_Keil.lib(graph.o)
    0x0801257c   0x0801257c   0x00000008   Code   RO         3256    i._Min              STemWin526_CM4_Keil.lib(guidev_banding.o)
    0x08012584   0x08012584   0x0000006e   Code   RO         3730    i._MoveDescendents  STemWin526_CM4_Keil.lib(wm_move.o)
    0x080125f2   0x080125f2   0x0000000a   Code   RO         2347    i._Off              STemWin526_CM4_Keil.lib(guidrv_lin_16.o)
    0x080125fc   0x080125fc   0x0000000a   Code   RO         2348    i._On               STemWin526_CM4_Keil.lib(guidrv_lin_16.o)
    0x08012606   0x08012606   0x00000090   Code   RO         2431    i._OnDelete         STemWin526_CM4_Keil.lib(graph.o)
    0x08012696   0x08012696   0x00000026   Code   RO         2477    i._OnDelete         STemWin526_CM4_Keil.lib(graph_data_yt.o)
    0x080126bc   0x080126bc   0x00000028   Code   RO         1884    i._OnExit           STemWin526_CM4_Keil.lib(gui__alpha.o)
    0x080126e4   0x080126e4   0x00000034   Code   RO         1923    i._OnExit           STemWin526_CM4_Keil.lib(gui_alloc.o)
    0x08012718   0x08012718   0x0000002c   Code   RO         1975    i._OnExit           STemWin526_CM4_Keil.lib(gui_core.o)
    0x08012744   0x08012744   0x00000014   Code   RO         2192    i._OnExit           STemWin526_CM4_Keil.lib(lcd_color.o)
    0x08012758   0x08012758   0x00000034   Code   RO         2980    i._OnExit           STemWin526_CM4_Keil.lib(wm.o)
    0x0801278c   0x0801278c   0x00000010   Code   RO         3603    i._OnExit           STemWin526_CM4_Keil.lib(gui_timer.o)
    0x0801279c   0x0801279c   0x000001aa   Code   RO         2432    i._OnPaint          STemWin526_CM4_Keil.lib(graph.o)
    0x08012946   0x08012946   0x000000d8   Code   RO         2478    i._OnPaint          STemWin526_CM4_Keil.lib(graph_data_yt.o)
    0x08012a1e   0x08012a1e   0x0000003c   Code   RO         2498    i._OnPaint          STemWin526_CM4_Keil.lib(graph_scale.o)
    0x08012a5a   0x08012a5a   0x000000f0   Code   RO         2499    i._OnPaintHorz      STemWin526_CM4_Keil.lib(graph_scale.o)
    0x08012b4a   0x08012b4a   0x000000dc   Code   RO         2500    i._OnPaintVert      STemWin526_CM4_Keil.lib(graph_scale.o)
    0x08012c26   0x08012c26   0x00000038   Code   RO         2433    i._OnScrollValueChanged  STemWin526_CM4_Keil.lib(graph.o)
    0x08012c5e   0x08012c5e   0x00000066   Code   RO         2858    i._OnTimer          STemWin526_CM4_Keil.lib(scrollbar.o)
    0x08012cc4   0x08012cc4   0x0000020e   Code   RO         2859    i._OnTouch          STemWin526_CM4_Keil.lib(scrollbar.o)
    0x08012ed2   0x08012ed2   0x00000174   Code   RO         3322    i._Paint            STemWin526_CM4_Keil.lib(scrollbar_skinclassic.o)
    0x08013046   0x08013046   0x00000002   PAD
    0x08013048   0x08013048   0x00000024   Code   RO         2981    i._Paint1           STemWin526_CM4_Keil.lib(wm.o)
    0x0801306c   0x0801306c   0x0000008c   Code   RO         2982    i._Paint1Trans      STemWin526_CM4_Keil.lib(wm.o)
    0x080130f8   0x080130f8   0x0000009a   Code   RO         2983    i._PaintTransChildren  STemWin526_CM4_Keil.lib(wm.o)
    0x08013192   0x08013192   0x00000002   PAD
    0x08013194   0x08013194   0x00000040   Code   RO         1924    i._PopFreeBlock     STemWin526_CM4_Keil.lib(gui_alloc.o)
    0x080131d4   0x080131d4   0x00000028   Code   RO         1925    i._PushFreeBlock    STemWin526_CM4_Keil.lib(gui_alloc.o)
    0x080131fc   0x080131fc   0x00000030   Code   RO         2349    i._ReadRect         STemWin526_CM4_Keil.lib(guidrv_lin_16.o)
    0x0801322c   0x0801322c   0x0000001c   Code   RO         3832    i._ReleaseBuffer    STemWin526_CM4_Keil.lib(gui_sprite.o)
    0x08013248   0x08013248   0x00000034   Code   RO         1926    i._RemoveFreeBlock  STemWin526_CM4_Keil.lib(gui_alloc.o)
    0x0801327c   0x0801327c   0x0000005c   Code   RO         3604    i._RemoveFromLinList  STemWin526_CM4_Keil.lib(gui_timer.o)
    0x080132d8   0x080132d8   0x000000a0   Code   RO         1927    i._RemoveHoles      STemWin526_CM4_Keil.lib(gui_alloc.o)
    0x08013378   0x08013378   0x00000048   Code   RO         2739    i._RoundHalfUp      STemWin526_CM4_Keil.lib(gui_valf.o)
    0x080133c0   0x080133c0   0x0000005a   Code   RO         3748    i._Screen2hWin      STemWin526_CM4_Keil.lib(wm_screen2win.o)
    0x0801341a   0x0801341a   0x00000002   PAD
    0x0801341c   0x0801341c   0x00000024   Code   RO         3749    i._Screen2hWinStop  STemWin526_CM4_Keil.lib(wm_screen2win.o)
    0x08013440   0x08013440   0x00000026   Code   RO         2350    i._SetAlpha         STemWin526_CM4_Keil.lib(guidrv_lin_16.o)
    0x08013466   0x08013466   0x00000010   Code   RO         2351    i._SetAlphaMode     STemWin526_CM4_Keil.lib(guidrv_lin_16.o)
    0x08013476   0x08013476   0x00000002   PAD
    0x08013478   0x08013478   0x00000020   Code   RO         2162    i._SetBkColor       STemWin526_CM4_Keil.lib(lcd.o)
    0x08013498   0x08013498   0x00000012   Code   RO         2352    i._SetChroma        STemWin526_CM4_Keil.lib(guidrv_lin_16.o)
    0x080134aa   0x080134aa   0x00000010   Code   RO         2353    i._SetChromaMode    STemWin526_CM4_Keil.lib(guidrv_lin_16.o)
    0x080134ba   0x080134ba   0x00000002   PAD
    0x080134bc   0x080134bc   0x0000004c   Code   RO         2984    i._SetClipRectUserIntersect  STemWin526_CM4_Keil.lib(wm.o)
    0x08013508   0x08013508   0x00000020   Code   RO         2163    i._SetColor         STemWin526_CM4_Keil.lib(lcd.o)
    0x08013528   0x08013528   0x00000044   Code   RO         2354    i._SetDevFunc       STemWin526_CM4_Keil.lib(guidrv_lin_16.o)
    0x0801356c   0x0801356c   0x0000002c   Code   RO         2164    i._SetDrawMode      STemWin526_CM4_Keil.lib(lcd.o)
    0x08013598   0x08013598   0x00000078   Code   RO         2556    i._SetLineColor     STemWin526_CM4_Keil.lib(gui_drawline.o)
    0x08013610   0x08013610   0x00000008   Code   RO         2091    i._SetOrg           STemWin526_CM4_Keil.lib(gui_setorientation.o)
    0x08013618   0x08013618   0x000000a4   Code   RO         2355    i._SetOrg           STemWin526_CM4_Keil.lib(guidrv_lin_16.o)
    0x080136bc   0x080136bc   0x00000008   Code   RO         2798    i._SetOrg           STemWin526_CM4_Keil.lib(guidev_16.o)
    0x080136c4   0x080136c4   0x00000008   Code   RO         3647    i._SetOrg           STemWin526_CM4_Keil.lib(guidev_32.o)
    0x080136cc   0x080136cc   0x0000000e   Code   RO         2092    i._SetPixelIndex    STemWin526_CM4_Keil.lib(gui_setorientation.o)
    0x080136da   0x080136da   0x00000012   Code   RO         2356    i._SetPixelIndex    STemWin526_CM4_Keil.lib(guidrv_lin_16.o)
    0x080136ec   0x080136ec   0x00000048   Code   RO         2799    i._SetPixelIndex    STemWin526_CM4_Keil.lib(guidev_16.o)
    0x08013734   0x08013734   0x00000048   Code   RO         3648    i._SetPixelIndex    STemWin526_CM4_Keil.lib(guidev_32.o)
    0x0801377c   0x0801377c   0x00000022   Code   RO         2625    i._SetPixelIndex_C0  STemWin526_CM4_Keil.lib(gui_setorientationc0.o)
    0x0801379e   0x0801379e   0x0000003a   Code   RO         2650    i._SetPixelIndex_CX  STemWin526_CM4_Keil.lib(gui_setorientationc8.o)
    0x080137d8   0x080137d8   0x0000003a   Code   RO         2675    i._SetPixelIndex_CX  STemWin526_CM4_Keil.lib(gui_setorientationc16.o)
    0x08013812   0x08013812   0x0000003a   Code   RO         2700    i._SetPixelIndex_CX  STemWin526_CM4_Keil.lib(gui_setorientationc32.o)
    0x0801384c   0x0801384c   0x0000002e   Code   RO         2357    i._SetPos           STemWin526_CM4_Keil.lib(guidrv_lin_16.o)
    0x0801387a   0x0801387a   0x00000002   PAD
    0x0801387c   0x0801387c   0x0000029c   Code   RO         3837    i._SetPosition      STemWin526_CM4_Keil.lib(gui_sprite.o)
    0x08013b18   0x08013b18   0x00000036   Code   RO         3085    i._SetScrollbar     STemWin526_CM4_Keil.lib(wm_setscrollbar.o)
    0x08013b4e   0x08013b4e   0x00000044   Code   RO         2358    i._SetSize          STemWin526_CM4_Keil.lib(guidrv_lin_16.o)
    0x08013b92   0x08013b92   0x0000004a   Code   RO         3838    i._SetSpriteBkPixel  STemWin526_CM4_Keil.lib(gui_sprite.o)
    0x08013bdc   0x08013bdc   0x00000028   Code   RO         2359    i._SetVRAMAddr      STemWin526_CM4_Keil.lib(guidrv_lin_16.o)
    0x08013c04   0x08013c04   0x0000002a   Code   RO         2360    i._SetVSize         STemWin526_CM4_Keil.lib(guidrv_lin_16.o)
    0x08013c2e   0x08013c2e   0x00000026   Code   RO         2361    i._SetVis           STemWin526_CM4_Keil.lib(guidrv_lin_16.o)
    0x08013c54   0x08013c54   0x00000024   Code   RO         2362    i._ShowBuffer       STemWin526_CM4_Keil.lib(guidrv_lin_16.o)
    0x08013c78   0x08013c78   0x0000000e   Code   RO         2626    i._Sort             STemWin526_CM4_Keil.lib(gui_setorientationc0.o)
    0x08013c86   0x08013c86   0x0000000e   Code   RO         2651    i._Sort             STemWin526_CM4_Keil.lib(gui_setorientationc8.o)
    0x08013c94   0x08013c94   0x0000000e   Code   RO         2676    i._Sort             STemWin526_CM4_Keil.lib(gui_setorientationc16.o)
    0x08013ca2   0x08013ca2   0x0000000e   Code   RO         2701    i._Sort             STemWin526_CM4_Keil.lib(gui_setorientationc32.o)
    0x08013cb0   0x08013cb0   0x00000058   Code   RO         2597    i._StoreState       STemWin526_CM4_Keil.lib(gui_pid.o)
    0x08013d08   0x08013d08   0x000000ea   Code   RO         1928    i._TestRAM          STemWin526_CM4_Keil.lib(gui_alloc.o)
    0x08013df2   0x08013df2   0x00000002   PAD
    0x08013df4   0x08013df4   0x00000050   Code   RO         3605    i._Unlink           STemWin526_CM4_Keil.lib(gui_timer.o)
    0x08013e44   0x08013e44   0x00000030   Code   RO         2008    i._UnlinkDevice     STemWin526_CM4_Keil.lib(gui_device.o)
    0x08013e74   0x08013e74   0x0000000e   Code   RO         1929    i._WriteTagData     STemWin526_CM4_Keil.lib(gui_alloc.o)
    0x08013e82   0x08013e82   0x00000002   PAD
    0x08013e84   0x08013e84   0x00000340   Code   RO         3289    i._WriteToActiveOpaque_8  STemWin526_CM4_Keil.lib(guidev_writetoactiveopaque.o)
    0x080141c4   0x080141c4   0x00000354   Code   RO         3290    i._WriteToActiveOpaque_HT  STemWin526_CM4_Keil.lib(guidev_writetoactiveopaque.o)
    0x08014518   0x08014518   0x0000003c   Code   RO         2800    i._XY2PTR           STemWin526_CM4_Keil.lib(guidev_16.o)
    0x08014554   0x08014554   0x0000003c   Code   RO         3649    i._XY2PTR           STemWin526_CM4_Keil.lib(guidev_32.o)
    0x08014590   0x08014590   0x00000008   Code   RO         2093    i._XorPixel         STemWin526_CM4_Keil.lib(gui_setorientation.o)
    0x08014598   0x08014598   0x00000028   Code   RO         2363    i._XorPixel         STemWin526_CM4_Keil.lib(guidrv_lin_16.o)
    0x080145c0   0x080145c0   0x00000054   Code   RO         2801    i._XorPixel         STemWin526_CM4_Keil.lib(guidev_16.o)
    0x08014614   0x08014614   0x00000058   Code   RO         3650    i._XorPixel         STemWin526_CM4_Keil.lib(guidev_32.o)
    0x0801466c   0x0801466c   0x0000001e   Code   RO         2627    i._XorPixel_C0      STemWin526_CM4_Keil.lib(gui_setorientationc0.o)
    0x0801468a   0x0801468a   0x00000034   Code   RO         2652    i._XorPixel_CX      STemWin526_CM4_Keil.lib(gui_setorientationc8.o)
    0x080146be   0x080146be   0x00000034   Code   RO         2677    i._XorPixel_CX      STemWin526_CM4_Keil.lib(gui_setorientationc16.o)
    0x080146f2   0x080146f2   0x00000034   Code   RO         2702    i._XorPixel_CX      STemWin526_CM4_Keil.lib(gui_setorientationc32.o)
    0x08014726   0x08014726   0x00000002   PAD
    0x08014728   0x08014728   0x00000028   Code   RO         4021    i.__0sprintf$1      mc_w.l(printf1.o)
    0x08014750   0x08014750   0x00000118   Code   RO         3945    i.__hardfp_ceil     m_wm.l(ceil.o)
    0x08014868   0x08014868   0x00000118   Code   RO         3951    i.__hardfp_floor    m_wm.l(floor.o)
    0x08014980   0x08014980   0x0000000e   Code   RO         4317    i.__scatterload_copy  mc_w.l(handlers.o)
    0x0801498e   0x0801498e   0x00000002   Code   RO         4318    i.__scatterload_null  mc_w.l(handlers.o)
    0x08014990   0x08014990   0x0000000e   Code   RO         4319    i.__scatterload_zeroinit  mc_w.l(handlers.o)
    0x0801499e   0x0801499e   0x00000002   PAD
    0x080149a0   0x080149a0   0x00000084   Code   RO         2557    i._atan2            STemWin526_CM4_Keil.lib(gui_drawline.o)
    0x08014a24   0x08014a24   0x00000004   Code   RO         3356    i._cbInvalidateOne  STemWin526_CM4_Keil.lib(wm_bringtotop.o)
    0x08014a28   0x08014a28   0x00000044   Code   RO         2985    i._cbPaintMemDev    STemWin526_CM4_Keil.lib(wm.o)
    0x08014a6c   0x08014a6c   0x0000002c   Code   RO         3415    i._cbTimer          STemWin526_CM4_Keil.lib(wm_timer.o)
    0x08014a98   0x08014a98   0x00000154   Code   RO         4026    i._printf_core      mc_w.l(printf1.o)
    0x08014bec   0x08014bec   0x0000000a   Code   RO         4028    i._sputc            mc_w.l(printf1.o)
    0x08014bf6   0x08014bf6   0x00000002   PAD
    0x08014bf8   0x08014bf8   0x00000050   Code   RO         2986    i.cbBackWin         STemWin526_CM4_Keil.lib(wm.o)
    0x08014c48   0x08014c48   0x0000008a   Code   RO         2165    i.emWin_LCD_Init    STemWin526_CM4_Keil.lib(lcd.o)
    0x08014cd2   0x08014cd2   0x00000002   PAD
    0x08014cd4   0x08014cd4   0x00000050   Code   RO         4235    i.free              mc_w.l(malloc.o)
    0x08014d24   0x08014d24   0x0000006c   Code   RO         4236    i.malloc            mc_w.l(malloc.o)
    0x08014d90   0x08014d90   0x0000001c   Data   RO          566    .constdata          stm32f4xx_fmc.o
    0x08014dac   0x08014dac   0x00000008   Data   RO         1420    .constdata          guidrv_stm32f429i_discovery.o
    0x08014db4   0x08014db4   0x00000018   Data   RO         1809    .constdata          STemWin526_CM4_Keil.lib(guicc_1616i.o)
    0x08014dcc   0x08014dcc   0x00000018   Data   RO         1818    .constdata          STemWin526_CM4_Keil.lib(guicc_8666.o)
    0x08014de4   0x08014de4   0x00000018   Data   RO         1827    .constdata          STemWin526_CM4_Keil.lib(guicc_88666i.o)
    0x08014dfc   0x08014dfc   0x00000018   Data   RO         1839    .constdata          STemWin526_CM4_Keil.lib(guicc_m1555i.o)
    0x08014e14   0x08014e14   0x00000018   Data   RO         1853    .constdata          STemWin526_CM4_Keil.lib(guicc_m4444i.o)
    0x08014e2c   0x08014e2c   0x00000018   Data   RO         1867    .constdata          STemWin526_CM4_Keil.lib(guicc_m8888i.o)
    0x08014e44   0x08014e44   0x00000008   Data   RO         1977    .constdata          STemWin526_CM4_Keil.lib(gui_core.o)
    0x08014e4c   0x08014e4c   0x00000034   Data   RO         2094    .constdata          STemWin526_CM4_Keil.lib(gui_setorientation.o)
    0x08014e80   0x08014e80   0x00000018   Data   RO         2128    .constdata          STemWin526_CM4_Keil.lib(guicc_m565.o)
    0x08014e98   0x08014e98   0x00000018   Data   RO         2141    .constdata          STemWin526_CM4_Keil.lib(guicc_m888.o)
    0x08014eb0   0x08014eb0   0x0000000c   Data   RO         2166    .constdata          STemWin526_CM4_Keil.lib(lcd.o)
    0x08014ebc   0x08014ebc   0x00000034   Data   RO         2364    .constdata          STemWin526_CM4_Keil.lib(guidrv_lin_16.o)
    0x08014ef0   0x08014ef0   0x00000018   Data   RO         2517    .constdata          STemWin526_CM4_Keil.lib(guicc_16.o)
    0x08014f08   0x08014f08   0x00000010   Data   RO         2521    .constdata          STemWin526_CM4_Keil.lib(gui__divtbl_15_255.o)
    0x08014f18   0x08014f18   0x00000020   Data   RO         2522    .constdata          STemWin526_CM4_Keil.lib(gui__divtbl_31_255.o)
    0x08014f38   0x08014f38   0x00000040   Data   RO         2523    .constdata          STemWin526_CM4_Keil.lib(gui__divtbl_63_255.o)
    0x08014f78   0x08014f78   0x00000100   Data   RO         2524    .constdata          STemWin526_CM4_Keil.lib(gui__divtbl_255_15.o)
    0x08015078   0x08015078   0x00000100   Data   RO         2525    .constdata          STemWin526_CM4_Keil.lib(gui__divtbl_255_31.o)
    0x08015178   0x08015178   0x00000100   Data   RO         2526    .constdata          STemWin526_CM4_Keil.lib(gui__divtbl_255_63.o)
    0x08015278   0x08015278   0x00000044   Data   RO         2558    .constdata          STemWin526_CM4_Keil.lib(gui_drawline.o)
    0x080152bc   0x080152bc   0x00000020   Data   RO         2628    .constdata          STemWin526_CM4_Keil.lib(gui_setorientationc0.o)
    0x080152dc   0x080152dc   0x00000020   Data   RO         2653    .constdata          STemWin526_CM4_Keil.lib(gui_setorientationc8.o)
    0x080152fc   0x080152fc   0x00000020   Data   RO         2678    .constdata          STemWin526_CM4_Keil.lib(gui_setorientationc16.o)
    0x0801531c   0x0801531c   0x00000020   Data   RO         2703    .constdata          STemWin526_CM4_Keil.lib(gui_setorientationc32.o)
    0x0801533c   0x0801533c   0x00000010   Data   RO         2725    .constdata          STemWin526_CM4_Keil.lib(gui_uc_encodenone.o)
    0x0801534c   0x0801534c   0x00000018   Data   RO         2754    .constdata          STemWin526_CM4_Keil.lib(guicc_0.o)
    0x08015364   0x08015364   0x00000100   Data   RO         2768    .constdata          STemWin526_CM4_Keil.lib(lcd_mirror.o)
    0x08015464   0x08015464   0x00000518   Data   RO         2779    .constdata          STemWin526_CM4_Keil.lib(f6x8.o)
    0x0801597c   0x0801597c   0x000001c0   Data   RO         2780    .constdata          STemWin526_CM4_Keil.lib(f6x8.o)
    0x08015b3c   0x08015b3c   0x00000008   Data   RO         2781    .constdata          STemWin526_CM4_Keil.lib(f6x8.o)
    0x08015b44   0x08015b44   0x00000014   Data   RO         2782    .constdata          STemWin526_CM4_Keil.lib(f6x8.o)
    0x08015b58   0x08015b58   0x00000024   Data   RO         2783    .constdata          STemWin526_CM4_Keil.lib(f6x8.o)
    0x08015b7c   0x08015b7c   0x00000074   Data   RO         2802    .constdata          STemWin526_CM4_Keil.lib(guidev_16.o)
    0x08015bf0   0x08015bf0   0x00000028   Data   RO         3133    .constdata          STemWin526_CM4_Keil.lib(gui_adddecshift.o)
    0x08015c18   0x08015c18   0x00000008   Data   RO         3291    .constdata          STemWin526_CM4_Keil.lib(guidev_writetoactiveopaque.o)
    0x08015c20   0x08015c20   0x0000000c   Data   RO         3323    .constdata          STemWin526_CM4_Keil.lib(scrollbar_skinclassic.o)
    0x08015c2c   0x08015c2c   0x0000001c   Data   RO         3336    .constdata          STemWin526_CM4_Keil.lib(widget_effect_3d.o)
    0x08015c48   0x08015c48   0x00000018   Data   RO         3629    .constdata          STemWin526_CM4_Keil.lib(guicc_8888.o)
    0x08015c60   0x08015c60   0x00000074   Data   RO         3651    .constdata          STemWin526_CM4_Keil.lib(guidev_32.o)
    0x08015cd4   0x08015cd4   0x00000018   Data   RO         3695    .constdata          STemWin526_CM4_Keil.lib(guidev_usagebm.o)
    0x08015cec   0x08015cec   0x00000020   Data   RO         4315    Region$$Table       anon$$obj.o


    Execution Region RW_IRAM1 (Exec base: 0x20000000, Load base: 0x08015d0c, Size: 0x00003b10, Max: 0x00030000, ABSOLUTE, COMPRESSED[0x000000c4])

    Exec Addr    Load Addr    Size         Type   Attr      Idx    E Section Name        Object

    0x20000000   COMPRESSED   0x00000010   Data   RW          152    .data               stm32f4xx_rcc.o
    0x20000010   COMPRESSED   0x00000010   Data   RW          981    .data               tm_stm32f4_delay.o
    0x20000020   COMPRESSED   0x00000001   Data   RW         1027    .data               tm_stm32f4_disco.o
    0x20000021   COMPRESSED   0x00000003   PAD
    0x20000024   COMPRESSED   0x00000010   Data   RW         1114    .data               tm_stm32f4_emwin.o
    0x20000034   COMPRESSED   0x00000010   Data   RW         1232    .data               tm_stm32f4_i2c.o
    0x20000044   COMPRESSED   0x00000004   Data   RW         1260    .data               tm_stm32f4_ili9341_ltdc.o
    0x20000048   COMPRESSED   0x00000001   Data   RW         1294    .data               tm_stm32f4_sdram.o
    0x20000049   COMPRESSED   0x00000003   PAD
    0x2000004c   COMPRESSED   0x00000040   Data   RW         1421    .data               guidrv_stm32f429i_discovery.o
    0x2000008c   COMPRESSED   0x00000080   Data   RW         1515    .data               tm_stm32f4_usart.o
    0x2000010c   COMPRESSED   0x00000014   Data   RW         1547    .data               main.o
    0x20000120   COMPRESSED   0x00000014   Data   RW         1729    .data               system_stm32f4xx.o
    0x20000134   COMPRESSED   0x00000008   Data   RW         1840    .data               STemWin526_CM4_Keil.lib(guicc_m1555i.o)
    0x2000013c   COMPRESSED   0x00000008   Data   RW         1854    .data               STemWin526_CM4_Keil.lib(guicc_m4444i.o)
    0x20000144   COMPRESSED   0x00000008   Data   RW         1868    .data               STemWin526_CM4_Keil.lib(guicc_m8888i.o)
    0x2000014c   COMPRESSED   0x00000028   Data   RW         1885    .data               STemWin526_CM4_Keil.lib(gui__alpha.o)
    0x20000174   COMPRESSED   0x00000008   Data   RW         1931    .data               STemWin526_CM4_Keil.lib(gui_alloc.o)
    0x2000017c   COMPRESSED   0x0000002c   Data   RW         1978    .data               STemWin526_CM4_Keil.lib(gui_core.o)
    0x200001a8   COMPRESSED   0x00000004   Data   RW         1979    .data               STemWin526_CM4_Keil.lib(gui_core.o)
    0x200001ac   COMPRESSED   0x00000004   Data   RW         1980    .data               STemWin526_CM4_Keil.lib(gui_core.o)
    0x200001b0   COMPRESSED   0x00000004   Data   RW         1981    .data               STemWin526_CM4_Keil.lib(gui_core.o)
    0x200001b4   COMPRESSED   0x00000004   Data   RW         1982    .data               STemWin526_CM4_Keil.lib(gui_core.o)
    0x200001b8   COMPRESSED   0x00000004   Data   RW         1983    .data               STemWin526_CM4_Keil.lib(gui_core.o)
    0x200001bc   COMPRESSED   0x00000002   Data   RW         1984    .data               STemWin526_CM4_Keil.lib(gui_core.o)
    0x200001be   COMPRESSED   0x00000002   PAD
    0x200001c0   COMPRESSED   0x00000004   Data   RW         1985    .data               STemWin526_CM4_Keil.lib(gui_core.o)
    0x200001c4   COMPRESSED   0x00000002   Data   RW         1986    .data               STemWin526_CM4_Keil.lib(gui_core.o)
    0x200001c6   COMPRESSED   0x00000002   Data   RW         1987    .data               STemWin526_CM4_Keil.lib(gui_core.o)
    0x200001c8   COMPRESSED   0x00000024   Data   RW         2037    .data               STemWin526_CM4_Keil.lib(gui_multibuf.o)
    0x200001ec   COMPRESSED   0x00000008   Data   RW         2058    .data               STemWin526_CM4_Keil.lib(gui_selectlayer.o)
    0x200001f4   COMPRESSED   0x00000008   Data   RW         2129    .data               STemWin526_CM4_Keil.lib(guicc_m565.o)
    0x200001fc   COMPRESSED   0x00000008   Data   RW         2142    .data               STemWin526_CM4_Keil.lib(guicc_m888.o)
    0x20000204   COMPRESSED   0x00000004   Data   RW         2167    .data               STemWin526_CM4_Keil.lib(lcd.o)
    0x20000208   COMPRESSED   0x00000010   Data   RW         2193    .data               STemWin526_CM4_Keil.lib(lcd_color.o)
    0x20000218   COMPRESSED   0x00000030   Data   RW         2434    .data               STemWin526_CM4_Keil.lib(graph.o)
    0x20000248   COMPRESSED   0x00000008   Data   RW         2501    .data               STemWin526_CM4_Keil.lib(graph_scale.o)
    0x20000250   COMPRESSED   0x00000008   Data   RW         2599    .data               STemWin526_CM4_Keil.lib(gui_pid.o)
    0x20000258   COMPRESSED   0x00000004   Data   RW         2803    .data               STemWin526_CM4_Keil.lib(guidev_16.o)
    0x2000025c   COMPRESSED   0x00000018   Data   RW         2860    .data               STemWin526_CM4_Keil.lib(scrollbar.o)
    0x20000274   COMPRESSED   0x00000002   Data   RW         2861    .data               STemWin526_CM4_Keil.lib(scrollbar.o)
    0x20000276   COMPRESSED   0x00000002   PAD
    0x20000278   COMPRESSED   0x00000004   Data   RW         2906    .data               STemWin526_CM4_Keil.lib(widget.o)
    0x2000027c   COMPRESSED   0x00000060   Data   RW         2988    .data               STemWin526_CM4_Keil.lib(wm.o)
    0x200002dc   COMPRESSED   0x00000001   Data   RW         2989    .data               STemWin526_CM4_Keil.lib(wm.o)
    0x200002dd   COMPRESSED   0x00000003   PAD
    0x200002e0   COMPRESSED   0x00000014   Data   RW         3115    .data               STemWin526_CM4_Keil.lib(gui__managecache.o)
    0x200002f4   COMPRESSED   0x00000004   Data   RW         3159    .data               STemWin526_CM4_Keil.lib(gui_fillpolygon.o)
    0x200002f8   COMPRESSED   0x0000000c   Data   RW         3179    .data               STemWin526_CM4_Keil.lib(gui_onkey.o)
    0x20000304   COMPRESSED   0x0000000c   Data   RW         3221    .data               STemWin526_CM4_Keil.lib(gui_waitevent.o)
    0x20000310   COMPRESSED   0x00000004   Data   RW         3257    .data               STemWin526_CM4_Keil.lib(guidev_banding.o)
    0x20000314   COMPRESSED   0x00000001   Data   RW         3270    .data               STemWin526_CM4_Keil.lib(guidev_staticdevices.o)
    0x20000315   COMPRESSED   0x00000003   PAD
    0x20000318   COMPRESSED   0x00000014   Data   RW         3337    .data               STemWin526_CM4_Keil.lib(widget_effect_3d.o)
    0x2000032c   COMPRESSED   0x00000004   Data   RW         3348    .data               STemWin526_CM4_Keil.lib(wm__sendmessage.o)
    0x20000330   COMPRESSED   0x0000000c   Data   RW         3430    .data               STemWin526_CM4_Keil.lib(wm_touch.o)
    0x2000033c   COMPRESSED   0x00000020   Data   RW         3548    .data               STemWin526_CM4_Keil.lib(gui_setalpha.o)
    0x2000035c   COMPRESSED   0x00000014   Data   RW         3606    .data               STemWin526_CM4_Keil.lib(gui_timer.o)
    0x20000370   COMPRESSED   0x00000004   Data   RW         3787    .data               STemWin526_CM4_Keil.lib(gui_charline.o)
    0x20000374   COMPRESSED   0x00000004   Data   RW         3909    .data               STemWin526_CM4_Keil.lib(lcd_aa.o)
    0x20000378   COMPRESSED   0x00000004   Data   RW         4288    .data               mc_w.l(mvars.o)
    0x2000037c   COMPRESSED   0x00000004   Data   RW         4289    .data               mc_w.l(mvars.o)
    0x20000380        -       0x00000018   Zero   RW          979    .bss                tm_stm32f4_delay.o
    0x20000398        -       0x00000016   Zero   RW         1059    .bss                tm_stm32f4_gpio.o
    0x200003ae   COMPRESSED   0x00000002   PAD
    0x200003b0        -       0x0000000c   Zero   RW         1113    .bss                tm_stm32f4_emwin.o
    0x200003bc        -       0x00000010   Zero   RW         1259    .bss                tm_stm32f4_ili9341_ltdc.o
    0x200003cc        -       0x00002d00   Zero   RW         1419    .bss                guidrv_stm32f429i_discovery.o
    0x200030cc        -       0x00000044   Zero   RW         1479    .bss                tm_stm32f4_dma2d_graphic.o
    0x20003110        -       0x00000020   Zero   RW         1507    .bss                tm_stm32f4_usart.o
    0x20003130        -       0x00000020   Zero   RW         1508    .bss                tm_stm32f4_usart.o
    0x20003150        -       0x00000020   Zero   RW         1509    .bss                tm_stm32f4_usart.o
    0x20003170        -       0x00000020   Zero   RW         1510    .bss                tm_stm32f4_usart.o
    0x20003190        -       0x00000020   Zero   RW         1511    .bss                tm_stm32f4_usart.o
    0x200031b0        -       0x00000020   Zero   RW         1512    .bss                tm_stm32f4_usart.o
    0x200031d0        -       0x00000020   Zero   RW         1513    .bss                tm_stm32f4_usart.o
    0x200031f0        -       0x00000020   Zero   RW         1514    .bss                tm_stm32f4_usart.o
    0x20003210        -       0x00000064   Zero   RW         1759    .bss                bluetooth.o
    0x20003274        -       0x000000c8   Zero   RW         1930    .bss                STemWin526_CM4_Keil.lib(gui_alloc.o)
    0x2000333c        -       0x00000070   Zero   RW         1976    .bss                STemWin526_CM4_Keil.lib(gui_core.o)
    0x200033ac        -       0x0000000c   Zero   RW         2119    .bss                STemWin526_CM4_Keil.lib(gui_touch.o)
    0x200033b8        -       0x00000048   Zero   RW         2598    .bss                STemWin526_CM4_Keil.lib(gui_pid.o)
    0x20003400        -       0x00000018   Zero   RW         2987    .bss                STemWin526_CM4_Keil.lib(wm.o)
    0x20003418        -       0x00000018   Zero   RW         3158    .bss                STemWin526_CM4_Keil.lib(gui_fillpolygon.o)
    0x20003430        -       0x00000058   Zero   RW         3178    .bss                STemWin526_CM4_Keil.lib(gui_onkey.o)
    0x20003488        -       0x00000048   Zero   RW         3429    .bss                STemWin526_CM4_Keil.lib(wm_touch.o)
    0x200034d0        -       0x00000028   Zero   RW         3478    .bss                STemWin526_CM4_Keil.lib(gui_curs1.o)
    0x200034f8        -       0x00000018   Zero   RW         3740    .bss                STemWin526_CM4_Keil.lib(wm_pid__getprevstate.o)
    0x20003510        -       0x00000200   Zero   RW            2    HEAP                startup_stm32f429_439xx.o
    0x20003710        -       0x00000400   Zero   RW            1    STACK               startup_stm32f429_439xx.o



  Load Region LR$$.ARM.__AT_0xD0080000 (Base: 0xd0080000, Size: 0x00000000, Max: 0x00080000, ABSOLUTE)

    Execution Region ER$$.ARM.__AT_0xD0080000 (Exec base: 0xd0080000, Load base: 0xd0080000, Size: 0x00080000, Max: 0x00080000, ABSOLUTE, UNINIT)

    Exec Addr    Load Addr    Size         Type   Attr      Idx    E Section Name        Object

    0xd0080000        -       0x00080000   Zero   RW         1376    .ARM.__AT_0xD0080000  guiconf.o



  Load Region LR$$.ARM.__AT_0xD0100000 (Base: 0xd0100000, Size: 0x00000000, Max: 0x00400000, ABSOLUTE)

    Execution Region ER$$.ARM.__AT_0xD0100000 (Exec base: 0xd0100000, Load base: 0xd0100000, Size: 0x00400000, Max: 0x00400000, ABSOLUTE, UNINIT)

    Exec Addr    Load Addr    Size         Type   Attr      Idx    E Section Name        Object

    0xd0100000        -       0x00400000   Zero   RW         1377    .ARM.__AT_0xD0100000  guiconf.o


==============================================================================

Image component sizes


      Code (inc. data)   RO Data    RW Data    ZI Data      Debug   Object Name

        48          8          0          0        100       1380   bluetooth.o
        72          8          0          0    4718592      49061   guiconf.o
      3056        228          8         64      11520      44386   guidrv_stm32f429i_discovery.o
       288         18          0         20          0       3250   main.o
       176         12          0          0          0     316977   misc.o
        36          8        428          0       1536       1068   startup_stm32f429_439xx.o
       692         12          0          0          0       5535   stm32f4xx_dma2d.o
      1888         34         28          0          0       9098   stm32f4xx_fmc.o
       864         20          0          0          0       9587   stm32f4xx_i2c.o
        26          0          0          0          0       1492   stm32f4xx_it.o
      1132         18          0          0          0       8588   stm32f4xx_ltdc.o
      1140         50          0         16          0      13896   stm32f4xx_rcc.o
       800         32          0          0          0       7893   stm32f4xx_spi.o
       856         32          0          0          0       8704   stm32f4xx_usart.o
       392         38          0         20          0       2039   system_stm32f4xx.o
       384         20          0         16         24      33586   tm_stm32f4_delay.o
       132         14          0          1          0       4030   tm_stm32f4_disco.o
      3596         28          0          0         68      13953   tm_stm32f4_dma2d_graphic.o
       312          8          0         16         12      57966   tm_stm32f4_emwin.o
       668         14          0          0         22       5602   tm_stm32f4_gpio.o
      1126         44          0         16          0       7276   tm_stm32f4_i2c.o
      3894         80          0          4         16      18879   tm_stm32f4_ili9341_ltdc.o
       528         36          0          1          0       1848   tm_stm32f4_sdram.o
      1600         78          0          0          0       7233   tm_stm32f4_spi.o
       800         14          0          0          0       7132   tm_stm32f4_stmpe811.o
      2056        104          0        128        256      14037   tm_stm32f4_usart.o

    ----------------------------------------------------------------------
     26568        958        496        308    4732148     654496   Object Totals
         0          0         32          0          0          0   (incl. Generated)
         6          0          0          6          2          0   (incl. Padding)

    ----------------------------------------------------------------------

      Code (inc. data)   RO Data    RW Data    ZI Data      Debug   Library Member Name

         0          0       1816          0          0          0   f6x8.o
      2236         10          0         48          0       2456   graph.o
       478         14          0          0          0        540   graph_data_yt.o
       638          8          0          8          0        708   graph_scale.o
       124          4          0          0          0        132   gui_2dlib.o
       898         56          0         40          0       1148   gui__alpha.o
       648          0          0          0          0        256   gui__compactpixelindices.o
        26          0          0          0          0        116   gui__divideround32.o
         0          0         16          0          0          0   gui__divtbl_15_255.o
         0          0        256          0          0          0   gui__divtbl_255_15.o
         0          0        256          0          0          0   gui__divtbl_255_31.o
         0          0        256          0          0          0   gui__divtbl_255_63.o
         0          0         32          0          0          0   gui__divtbl_31_255.o
         0          0         64          0          0          0   gui__divtbl_63_255.o
       322          0          0          0          0        156   gui__expandpixelindices.o
        20          4          0          0          0        116   gui__getfontsizey.o
        58          0          0          0          0        116   gui__intersectrect.o
        82          0          0          0          0        128   gui__intersectrects.o
       216          8          0         20          0        252   gui__managecache.o
        76          0          0          0          0        124   gui__memset.o
        60          0          0          0          0        124   gui__memset16.o
        26          0          0          0          0        116   gui__reducerect.o
       220         16         40          0          0        380   gui_adddecshift.o
      1802        106          0          8        200       2992   gui_alloc.o
        56          0          0          0          0        132   gui_alloc_allocinit.o
        36          0          0          0          0        128   gui_alloc_alloczero.o
       300          0          0          0          0        760   gui_array.o
        60          0          0          0          0        124   gui_calccolordist.o
        96         22          0          0          0        464   gui_char.o
       458         36          0          4          0        760   gui_charline.o
       394         12          0          0          0        492   gui_charm.o
       188          4          0          0          0        140   gui_circ.o
       460         78          8         74        112       1004   gui_core.o
       112          6          0          0         40        140   gui_curs1.o
       384         28          0          0          0        968   gui_device.o
       256          4          0          0          0        136   gui_dispstring.o
       572         24          0          0          0        288   gui_drawgraphex.o
        76          6          0          0          0        132   gui_drawhline.o
      1176         34         68          0          0       1304   gui_drawline.o
        32          4          0          0          0        116   gui_drawpoint.o
        64          4          0          0          0        128   gui_drawvline.o
        52          4          0          0          0        248   gui_exec.o
       532         22          0          4         24        272   gui_fillpolygon.o
        72          4          0          0          0        132   gui_fillrect.o
        20          0          0          0          0        116   gui_fillrectex.o
       160          0          0          0          0        248   gui_getbitmappixelindex.o
        12          4          0          0          0        116   gui_getdrawmode.o
         4          0          0          0          0        116   gui_getfontsizey.o
        12          4          0          0          0        116   gui_getlinestyle.o
        32         10          0          0          0        232   gui_getorg.o
        52         12          0          0          0        360   gui_goto.o
        88          0          0          0          0        124   gui_mergerect.o
        30          0          0          0          0        116   gui_moverect.o
        44          6          0         36          0        116   gui_multibuf.o
        94         14          0         12         88        476   gui_onkey.o
        16          4          0          0          0        116   gui_pen.o
       248         36          0          8         72        732   gui_pid.o
        78          0          0          0          0        128   gui_realloc.o
        56          0          0          0          0        116   gui_rectsintersect.o
        32         10          0          0          0        232   gui_savecontext.o
        82         12          0          8          0        488   gui_selectlayer.o
        18          0          0          0          0        128   gui_selectlcd.o
        36          4          0         32          0        124   gui_setalpha.o
         8          0          0          0          0        232   gui_setcolor.o
        64          6          0          0          0        128   gui_setdefault.o
         4          0          0          0          0        116   gui_setdrawmode.o
        20          6          0          0          0        116   gui_setfont.o
        16          4          0          0          0        116   gui_setlinestyle.o
        56         18          0          0          0        128   gui_setorg.o
       808         64         52          0          0       2736   gui_setorientation.o
      1684         22         32          0          0       1624   gui_setorientationc0.o
      1960         22         32          0          0       1612   gui_setorientationc16.o
      1950         24         32          0          0       1612   gui_setorientationc32.o
      1922         28         32          0          0       1616   gui_setorientationc8.o
        20          6          0          0          0        116   gui_settextalign.o
        20          6          0          0          0        116   gui_settextmode.o
      1222         10          0          0          0       1076   gui_sprite.o
         4          0          0          0          0        116   gui_time.o
       798         46          0         20          0       1544   gui_timer.o
        44          6          0          0         12        132   gui_touch.o
        84         10          0          0          0        264   gui_uc.o
        18          0         16          0          0        464   gui_uc_encodenone.o
        62          0          0          0          0        252   gui_val.o
       498         18          0          0          0        656   gui_valf.o
        16          4          0         12          0        116   gui_waitevent.o
       198          0         24          0          0        388   guicc_0.o
       172          0         24          0          0        376   guicc_16.o
       228         36         24          0          0        636   guicc_1616i.o
       190          0         24          0          0        356   guicc_8666.o
       194         18         24          0          0        636   guicc_88666i.o
        36          0         24          0          0        480   guicc_8888.o
         2          0          0          0          0        116   guicc_8888_index2color.o
         2          0          0          0          0        116   guicc_888_index2color.o
       306         32         24          8          0        768   guicc_m1555i.o
       304         20         24          8          0        768   guicc_m4444i.o
       270         50         24          8          0        768   guicc_m565.o
       142         16         24          8          0        636   guicc_m888.o
       218         12         24          8          0        768   guicc_m8888i.o
        20          0          0          0          0        116   guicc_m888_index2color.o
       744         36          0          0          0       1064   guidev.o
      2324         66        116          4          0       2104   guidev_16.o
      2356         62        116          0          0       2256   guidev_32.o
       308         14          0          4          0        264   guidev_banding.o
        60          6          0          0          0        124   guidev_clear.o
        22          0          0          0          0        128   guidev_getdataptr.o
        40          6          0          0          0        128   guidev_getysize.o
        44          4          0          0          0        128   guidev_reduceysize.o
        88          4          0          0          0        128   guidev_setorg.o
       358         22          0          1          0        284   guidev_staticdevices.o
        76          0          0          0          0        260   guidev_usage.o
       416          6         24          0          0        748   guidev_usagebm.o
       106          4          0          0          0        244   guidev_write.o
       400         14          0          0          0        144   guidev_writetoactivealpha.o
      1868         16          8          0          0        732   guidev_writetoactiveopaque.o
      3052        182         52          0          0       4460   guidrv_lin_16.o
      1730        118         12          4          0       2300   lcd.o
        16          6          0          4          0        116   lcd_aa.o
       264         26          0         16          0        744   lcd_color.o
       426         38          0          0          0       2716   lcd_getex.o
        26          0          0          0          0        128   lcd_getnumdisplays.o
         0          0        256          0          0          0   lcd_mirror.o
       504         18          0          0          0        280   lcd_readrect.o
        64         10          0          0          0        128   lcd_selectlcd.o
       304          0          0          0          0        920   lcd_set.o
        48         10          0          0          0        128   lcd_setcliprectex.o
        36          4          0          0          0        128   lcd_updatecolorindices.o
      1422          8          0         26          0       1552   scrollbar.o
        54          0          0          0          0        128   scrollbar_create.o
        24          0          0          0          0        128   scrollbar_getvalue.o
       712         10         12          0          0        396   scrollbar_skinclassic.o
       902          4          0          4          0       2032   widget.o
       284          8         28         20          0        532   widget_effect_3d.o
      4630        234          0         97         24       6808   wm.o
        44          0          0          0          0        128   wm__foreachdesc.o
        18          0          0          0          0        124   wm__getfirstsibling.o
        36          0          0          0          0        128   wm__getprevsibling.o
        34          0          0          0          0        128   wm__isancestor.o
        22          0          0          0          0        124   wm__isenabled.o
        20          0          0          0          0        116   wm__screen2client.o
        60          6          0          4          0        136   wm__sendmessage.o
        28          0          0          0          0        140   wm__sendmessageifenabled.o
        38          0          0          0          0        128   wm__sendmessagenopara.o
       220          0          0          0          0        144   wm__updatechildpositions.o
       126          0          0          0          0        140   wm_bringtobottom.o
       120          6          0          0          0        360   wm_bringtotop.o
        28          0          0          0          0        116   wm_checkscrollpos.o
        60         12          0          0          0        232   wm_criticalhandle.o
         4          0          0          0          0        116   wm_foreachdesc.o
        64         10          0          0          0        360   wm_getclientrect.o
        24         10          0          0          0        116   wm_getdesktopwindow.o
        20          4          0          0          0        116   wm_getdesktopwindowex.o
        80          0          0          0          0        248   wm_getdialogitem.o
        14          0          0          0          0        124   wm_getfirstchild.o
        22          0          0          0          0        124   wm_getflags.o
        26          0          0          0          0        128   wm_getid.o
        16          0          0          0          0        124   wm_getinsiderect.o
       164          0          0          0          0        136   wm_getinsiderectexscrollbar.o
        76         12          0          0          0        480   wm_getorg.o
        14          0          0          0          0        124   wm_getparent.o
       116          0          0          0          0        364   wm_getscrollbar.o
        42          0          0          0          0        136   wm_getscrollpartner.o
        26          0          0          0          0        124   wm_getwindowrect.o
        40          0          0          0          0        124   wm_hide.o
         4          0          0          0          0        116   wm_iswindow.o
       268          0          0          0          0        396   wm_move.o
        16          0          0          0          0        124   wm_notifyparent.o
        56          8          0          0          0        132   wm_onkey.o
        24          6          0          0         24        116   wm_pid__getprevstate.o
       236          0          0          0          0        136   wm_resizewindow.o
       184          6          0          0          0        504   wm_screen2win.o
         4          0          0          0          0        116   wm_sendmessagenopara.o
        30          0          0          0          0        140   wm_sendtoparent.o
       100         20          0          0          0        376   wm_setcapture.o
       156          8          0          0          0        136   wm_setfocus.o
        78          0          0          0          0        596   wm_setscrollbar.o
        24          0          0          0          0        124   wm_setscrollstate.o
        62          0          0          0          0        132   wm_setsize.o
        24          6          0          0          0        124   wm_setusercliprect.o
       274          4          0          0          0        648   wm_timer.o
      1100         46          0         12         72        536   wm_touch.o
       280         28          0          0          0        156   ceil.o
       280         28          0          0          0        156   floor.o
        86          0          0          0          0          0   __dczerorl2.o
         0          0          0          0          0          0   entry.o
         0          0          0          0          0          0   entry10a.o
         0          0          0          0          0          0   entry11a.o
         8          4          0          0          0          0   entry2.o
         4          0          0          0          0          0   entry5.o
         0          0          0          0          0          0   entry7b.o
         0          0          0          0          0          0   entry8b.o
         8          4          0          0          0          0   entry9a.o
        30          0          0          0          0          0   handlers.o
        36          8          0          0          0         68   init.o
         0          0          0          0          0          0   iusefp.o
        30          0          0          0          0         68   llshl.o
        36          0          0          0          0         68   llsshr.o
        32          0          0          0          0         68   llushr.o
       188         20          0          0          0        160   malloc.o
        26          0          0          0          0         80   memcmp.o
        64          0          0          0          0         76   memmovea.o
        36          0          0          0          0        108   memseta.o
         0          0          0          8          0          0   mvars.o
       390         10          0          0          0        252   printf1.o
        44          0          0          0          0         80   uidiv.o
        48          0          0          0          0         68   cdrcmple.o
        56          0          0          0          0         88   d2f.o
       334          0          0          0          0        148   dadd.o
       186          0          0          0          0        176   depilogue.o
        38          0          0          0          0         68   f2d.o
       110          0          0          0          0        168   fepilogue.o

    ----------------------------------------------------------------------
     58396       2320       3896        588        668      87700   Library Totals
       116          0          0         10          0          0   (incl. Padding)

    ----------------------------------------------------------------------

      Code (inc. data)   RO Data    RW Data    ZI Data      Debug   Library Name

     55930       2218       3896        570        668      85644   STemWin526_CM4_Keil.lib
       560         56          0          0          0        312   m_wm.l
      1018         46          0          8          0       1028   mc_w.l
       772          0          0          0          0        716   mf_w.l

    ----------------------------------------------------------------------
     58396       2320       3896        588        668      87700   Library Totals

    ----------------------------------------------------------------------

==============================================================================


      Code (inc. data)   RO Data    RW Data    ZI Data      Debug   

     84964       3278       4392        896    4732816     667548   Grand Totals
     84964       3278       4392        196    4732816     667548   ELF Image Totals (compressed)
     84964       3278       4392        196          0          0   ROM Totals

==============================================================================

    Total RO  Size (Code + RO Data)                89356 (  87.26kB)
    Total RW  Size (RW Data + ZI Data)           4733712 (4622.77kB)
    Total ROM Size (Code + RO Data + RW Data)      89552 (  87.45kB)

==============================================================================

