Component: ARM Compiler 5.06 update 5 (build 528) Tool: armlink [4d35e2]

==============================================================================

Section Cross References

    startup_stm32f429_439xx.o(RESET) refers to startup_stm32f429_439xx.o(STACK) for __initial_sp
    startup_stm32f429_439xx.o(RESET) refers to startup_stm32f429_439xx.o(.text) for Reset_Handler
    startup_stm32f429_439xx.o(RESET) refers to stm32f4xx_it.o(.text) for NMI_Handler
    startup_stm32f429_439xx.o(RESET) refers to tm_stm32f4_usart.o(.text) for USART1_IRQHandler
    startup_stm32f429_439xx.o(RESET) refers to tm_stm32f4_emwin.o(.text) for LTDC_IRQHandler
    startup_stm32f429_439xx.o(.text) refers to system_stm32f4xx.o(.text) for SystemInit
    startup_stm32f429_439xx.o(.text) refers to entry.o(.ARM.Collect$$$$00000000) for __main
    stm32f4xx_rcc.o(.text) refers to stm32f4xx_rcc.o(.data) for .data
    stm32f4xx_gpio.o(.text) refers to stm32f4xx_rcc.o(.text) for RCC_AHB1PeriphResetCmd
    stm32f4xx_adc.o(.text) refers to stm32f4xx_rcc.o(.text) for RCC_APB2PeriphResetCmd
    stm32f4xx_can.o(.text) refers to stm32f4xx_rcc.o(.text) for RCC_APB1PeriphResetCmd
    stm32f4xx_cryp.o(.text) refers to stm32f4xx_rcc.o(.text) for RCC_AHB2PeriphResetCmd
    stm32f4xx_cryp_aes.o(.text) refers to stm32f4xx_cryp.o(.text) for CRYP_KeyStructInit
    stm32f4xx_cryp_des.o(.text) refers to stm32f4xx_cryp.o(.text) for CRYP_KeyStructInit
    stm32f4xx_cryp_tdes.o(.text) refers to stm32f4xx_cryp.o(.text) for CRYP_KeyStructInit
    stm32f4xx_dac.o(.text) refers to stm32f4xx_rcc.o(.text) for RCC_APB1PeriphResetCmd
    stm32f4xx_dma2d.o(.text) refers to stm32f4xx_rcc.o(.text) for RCC_AHB1PeriphResetCmd
    stm32f4xx_fmc.o(.text) refers to stm32f4xx_fmc.o(.constdata) for .constdata
    stm32f4xx_hash.o(.text) refers to stm32f4xx_rcc.o(.text) for RCC_AHB2PeriphResetCmd
    stm32f4xx_hash_md5.o(.text) refers to stm32f4xx_hash.o(.text) for HASH_DeInit
    stm32f4xx_hash_sha1.o(.text) refers to stm32f4xx_hash.o(.text) for HASH_DeInit
    stm32f4xx_i2c.o(.text) refers to stm32f4xx_rcc.o(.text) for RCC_APB1PeriphResetCmd
    stm32f4xx_ltdc.o(.text) refers to stm32f4xx_rcc.o(.text) for RCC_APB2PeriphResetCmd
    stm32f4xx_pwr.o(.text) refers to stm32f4xx_rcc.o(.text) for RCC_APB1PeriphResetCmd
    stm32f4xx_rng.o(.text) refers to stm32f4xx_rcc.o(.text) for RCC_AHB2PeriphResetCmd
    stm32f4xx_sai.o(.text) refers to stm32f4xx_rcc.o(.text) for RCC_APB2PeriphResetCmd
    stm32f4xx_sdio.o(.text) refers to stm32f4xx_rcc.o(.text) for RCC_APB2PeriphResetCmd
    stm32f4xx_spi.o(.text) refers to stm32f4xx_rcc.o(.text) for RCC_APB1PeriphResetCmd
    stm32f4xx_syscfg.o(.text) refers to stm32f4xx_rcc.o(.text) for RCC_APB2PeriphResetCmd
    stm32f4xx_tim.o(.text) refers to stm32f4xx_rcc.o(.text) for RCC_APB2PeriphResetCmd
    stm32f4xx_usart.o(.text) refers to stm32f4xx_rcc.o(.text) for RCC_APB2PeriphResetCmd
    stm32f4xx_wwdg.o(.text) refers to stm32f4xx_rcc.o(.text) for RCC_APB1PeriphResetCmd
    tm_stm32f4_delay.o(.text) refers (Weak) to main.o(.text) for TM_DELAY_1msHandler
    tm_stm32f4_delay.o(.text) refers to malloc.o(i.malloc) for malloc
    tm_stm32f4_delay.o(.text) refers to malloc.o(i.free) for free
    tm_stm32f4_delay.o(.text) refers to tm_stm32f4_delay.o(.data) for .data
    tm_stm32f4_delay.o(.text) refers to tm_stm32f4_delay.o(.bss) for .bss
    tm_stm32f4_delay.o(.text) refers to system_stm32f4xx.o(.data) for SystemCoreClock
    tm_stm32f4_disco.o(.text) refers to tm_stm32f4_gpio.o(.text) for TM_GPIO_Init
    tm_stm32f4_disco.o(.text) refers to tm_stm32f4_disco.o(.data) for .data
    tm_stm32f4_gpio.o(.text) refers to tm_stm32f4_gpio.o(.bss) for .bss
    tm_stm32f4_emwin.o(.text) refers to stm32f4xx_rcc.o(.text) for RCC_AHB1PeriphClockCmd
    tm_stm32f4_emwin.o(.text) refers to tm_stm32f4_delay.o(.text) for TM_DELAY_Init
    tm_stm32f4_emwin.o(.text) refers to tm_stm32f4_ili9341_ltdc.o(.text) for TM_ILI9341_Init
    tm_stm32f4_emwin.o(.text) refers to tm_stm32f4_stmpe811.o(.text) for TM_STMPE811_Init
    tm_stm32f4_emwin.o(.text) refers to gui_core.o(i.GUI_Init) for GUI_Init
    tm_stm32f4_emwin.o(.text) refers to gui_exec.o(i.GUI_Exec) for GUI_Exec
    tm_stm32f4_emwin.o(.text) refers to gui_setorientation.o(i.GUI_SetOrientation) for GUI_SetOrientation
    tm_stm32f4_emwin.o(.text) refers to gui_touch.o(i.GUI_TOUCH_StoreStateEx) for GUI_TOUCH_StoreStateEx
    tm_stm32f4_emwin.o(.text) refers to guidrv_stm32f429i_discovery.o(.text) for LTDC_ISR_Handler
    tm_stm32f4_emwin.o(.text) refers to tm_stm32f4_emwin.o(.data) for .data
    tm_stm32f4_emwin.o(.text) refers to tm_stm32f4_emwin.o(.bss) for .bss
    tm_stm32f4_fonts.o(.text) refers to strlen.o(.text) for strlen
    tm_stm32f4_fonts.o(.data) refers to tm_stm32f4_fonts.o(.constdata) for TM_Font7x10
    tm_stm32f4_fonts.o(.data) refers to tm_stm32f4_fonts.o(.constdata) for TM_Font11x18
    tm_stm32f4_fonts.o(.data) refers to tm_stm32f4_fonts.o(.constdata) for TM_Font16x26
[...]
    0x080135ec   0x080135ec   0x00000010   Code   RO         2161    i._Log2Phys_SX      STemWin526_CM4_Keil.lib(gui_setorientation.o)
    0x080135fc   0x080135fc   0x00000016   Code   RO         2162    i._Log2Phys_SXY     STemWin526_CM4_Keil.lib(gui_setorientation.o)
    0x08013612   0x08013612   0x00000010   Code   RO         2163    i._Log2Phys_SY      STemWin526_CM4_Keil.lib(gui_setorientation.o)
    0x08013622   0x08013622   0x00000010   Code   RO         2164    i._Log2Phys_X       STemWin526_CM4_Keil.lib(gui_setorientation.o)
    0x08013632   0x08013632   0x00000016   Code   RO         2165    i._Log2Phys_XY      STemWin526_CM4_Keil.lib(gui_setorientation.o)
    0x08013648   0x08013648   0x00000010   Code   RO         2166    i._Log2Phys_Y       STemWin526_CM4_Keil.lib(gui_setorientation.o)
    0x08013658   0x08013658   0x00000002   Code   RO         3626    i._Log2VisBuffered  STemWin526_CM4_Keil.lib(gui_charline.o)
    0x0801365a   0x0801365a   0x000000ce   Code   RO         2648    i._ManageScrollbars  STemWin526_CM4_Keil.lib(graph.o)
    0x08013728   0x08013728   0x00000008   Code   RO         3329    i._Min              STemWin526_CM4_Keil.lib(guidev_banding.o)
    0x08013730   0x08013730   0x0000006e   Code   RO         4348    i._MoveDescendents  STemWin526_CM4_Keil.lib(wm_move.o)
    0x0801379e   0x0801379e   0x0000000a   Code   RO         2427    i._Off              STemWin526_CM4_Keil.lib(guidrv_lin_16.o)
    0x080137a8   0x080137a8   0x0000000a   Code   RO         2428    i._On               STemWin526_CM4_Keil.lib(guidrv_lin_16.o)
    0x080137b2   0x080137b2   0x0000002c   Code   RO         2593    i._OnButtonPressed  STemWin526_CM4_Keil.lib(button.o)
    0x080137de   0x080137de   0x0000003a   Code   RO         2594    i._OnButtonReleased  STemWin526_CM4_Keil.lib(button.o)
    0x08013818   0x08013818   0x00000090   Code   RO         2649    i._OnDelete         STemWin526_CM4_Keil.lib(graph.o)
    0x080138a8   0x080138a8   0x00000026   Code   RO         2695    i._OnDelete         STemWin526_CM4_Keil.lib(graph_data_yt.o)
    0x080138ce   0x080138ce   0x00000002   PAD
    0x080138d0   0x080138d0   0x00000028   Code   RO         1938    i._OnExit           STemWin526_CM4_Keil.lib(gui__alpha.o)
    0x080138f8   0x080138f8   0x00000034   Code   RO         1977    i._OnExit           STemWin526_CM4_Keil.lib(gui_alloc.o)
    0x0801392c   0x0801392c   0x0000002c   Code   RO         2029    i._OnExit           STemWin526_CM4_Keil.lib(gui_core.o)
    0x08013958   0x08013958   0x00000014   Code   RO         2272    i._OnExit           STemWin526_CM4_Keil.lib(lcd_color.o)
    0x0801396c   0x0801396c   0x00000034   Code   RO         2780    i._OnExit           STemWin526_CM4_Keil.lib(wm.o)
    0x080139a0   0x080139a0   0x00000010   Code   RO         3807    i._OnExit           STemWin526_CM4_Keil.lib(gui_timer.o)
    0x080139b0   0x080139b0   0x000001aa   Code   RO         2650    i._OnPaint          STemWin526_CM4_Keil.lib(graph.o)
    0x08013b5a   0x08013b5a   0x000000d8   Code   RO         2696    i._OnPaint          STemWin526_CM4_Keil.lib(graph_data_yt.o)
    0x08013c32   0x08013c32   0x0000003c   Code   RO         2716    i._OnPaint          STemWin526_CM4_Keil.lib(graph_scale.o)
    0x08013c6e   0x08013c6e   0x000000f0   Code   RO         2717    i._OnPaintHorz      STemWin526_CM4_Keil.lib(graph_scale.o)
    0x08013d5e   0x08013d5e   0x000000dc   Code   RO         2718    i._OnPaintVert      STemWin526_CM4_Keil.lib(graph_scale.o)
    0x08013e3a   0x08013e3a   0x00000038   Code   RO         2651    i._OnScrollValueChanged  STemWin526_CM4_Keil.lib(graph.o)
    0x08013e72   0x08013e72   0x00000066   Code   RO         3399    i._OnTimer          STemWin526_CM4_Keil.lib(scrollbar.o)
    0x08013ed8   0x08013ed8   0x0000020e   Code   RO         3400    i._OnTouch          STemWin526_CM4_Keil.lib(scrollbar.o)
    0x080140e6   0x080140e6   0x00000040   Code   RO         2596    i._OnTouchDefault   STemWin526_CM4_Keil.lib(button.o)
    0x08014126   0x08014126   0x0000014c   Code   RO         3356    i._Paint            STemWin526_CM4_Keil.lib(button_skinclassic.o)
    0x08014272   0x08014272   0x00000174   Code   RO         4088    i._Paint            STemWin526_CM4_Keil.lib(scrollbar_skinclassic.o)
    0x080143e6   0x080143e6   0x00000002   PAD
    0x080143e8   0x080143e8   0x00000024   Code   RO         2781    i._Paint1           STemWin526_CM4_Keil.lib(wm.o)
    0x0801440c   0x0801440c   0x0000008c   Code   RO         2782    i._Paint1Trans      STemWin526_CM4_Keil.lib(wm.o)
    0x08014498   0x08014498   0x0000009a   Code   RO         2783    i._PaintTransChildren  STemWin526_CM4_Keil.lib(wm.o)
    0x08014532   0x08014532   0x00000002   PAD
    0x08014534   0x08014534   0x00000040   Code   RO         1978    i._PopFreeBlock     STemWin526_CM4_Keil.lib(gui_alloc.o)
    0x08014574   0x08014574   0x00000028   Code   RO         1979    i._PushFreeBlock    STemWin526_CM4_Keil.lib(gui_alloc.o)
    0x0801459c   0x0801459c   0x00000030   Code   RO         2429    i._ReadRect         STemWin526_CM4_Keil.lib(guidrv_lin_16.o)
    0x080145cc   0x080145cc   0x0000001c   Code   RO         4256    i._ReleaseBuffer    STemWin526_CM4_Keil.lib(gui_sprite.o)
    0x080145e8   0x080145e8   0x00000034   Code   RO         1980    i._RemoveFreeBlock  STemWin526_CM4_Keil.lib(gui_alloc.o)
    0x0801461c   0x0801461c   0x0000005c   Code   RO         3808    i._RemoveFromLinList  STemWin526_CM4_Keil.lib(gui_timer.o)
    0x08014678   0x08014678   0x000000a0   Code   RO         1981    i._RemoveHoles      STemWin526_CM4_Keil.lib(gui_alloc.o)
    0x08014718   0x08014718   0x00000048   Code   RO         3111    i._RoundHalfUp      STemWin526_CM4_Keil.lib(gui_valf.o)
    0x08014760   0x08014760   0x0000005a   Code   RO         4171    i._Screen2hWin      STemWin526_CM4_Keil.lib(wm_screen2win.o)
    0x080147ba   0x080147ba   0x00000002   PAD
    0x080147bc   0x080147bc   0x00000024   Code   RO         4172    i._Screen2hWinStop  STemWin526_CM4_Keil.lib(wm_screen2win.o)
    0x080147e0   0x080147e0   0x00000026   Code   RO         2430    i._SetAlpha         STemWin526_CM4_Keil.lib(guidrv_lin_16.o)
    0x08014806   0x08014806   0x00000010   Code   RO         2431    i._SetAlphaMode     STemWin526_CM4_Keil.lib(guidrv_lin_16.o)
    0x08014816   0x08014816   0x00000002   PAD
    0x08014818   0x08014818   0x00000020   Code   RO         2242    i._SetBkColor       STemWin526_CM4_Keil.lib(lcd.o)
    0x08014838   0x08014838   0x00000012   Code   RO         2432    i._SetChroma        STemWin526_CM4_Keil.lib(guidrv_lin_16.o)
    0x0801484a   0x0801484a   0x00000010   Code   RO         2433    i._SetChromaMode    STemWin526_CM4_Keil.lib(guidrv_lin_16.o)
    0x0801485a   0x0801485a   0x00000002   PAD
    0x0801485c   0x0801485c   0x0000004c   Code   RO         2784    i._SetClipRectUserIntersect  STemWin526_CM4_Keil.lib(wm.o)
    0x080148a8   0x080148a8   0x00000020   Code   RO         2243    i._SetColor         STemWin526_CM4_Keil.lib(lcd.o)
    0x080148c8   0x080148c8   0x00000044   Code   RO         2434    i._SetDevFunc       STemWin526_CM4_Keil.lib(guidrv_lin_16.o)
    0x0801490c   0x0801490c   0x0000002c   Code   RO         2244    i._SetDrawMode      STemWin526_CM4_Keil.lib(lcd.o)
    0x08014938   0x08014938   0x00000078   Code   RO         2914    i._SetLineColor     STemWin526_CM4_Keil.lib(gui_drawline.o)
    0x080149b0   0x080149b0   0x00000008   Code   RO         2167    i._SetOrg           STemWin526_CM4_Keil.lib(gui_setorientation.o)
    0x080149b8   0x080149b8   0x000000a4   Code   RO         2435    i._SetOrg           STemWin526_CM4_Keil.lib(guidrv_lin_16.o)
    0x08014a5c   0x08014a5c   0x00000008   Code   RO         3304    i._SetOrg           STemWin526_CM4_Keil.lib(guidev_16.o)
    0x08014a64   0x08014a64   0x00000008   Code   RO         3981    i._SetOrg           STemWin526_CM4_Keil.lib(guidev_32.o)
    0x08014a6c   0x08014a6c   0x0000000e   Code   RO         2168    i._SetPixelIndex    STemWin526_CM4_Keil.lib(gui_setorientation.o)
    0x08014a7a   0x08014a7a   0x00000012   Code   RO         2436    i._SetPixelIndex    STemWin526_CM4_Keil.lib(guidrv_lin_16.o)
    0x08014a8c   0x08014a8c   0x00000048   Code   RO         3305    i._SetPixelIndex    STemWin526_CM4_Keil.lib(guidev_16.o)
    0x08014ad4   0x08014ad4   0x00000048   Code   RO         3982    i._SetPixelIndex    STemWin526_CM4_Keil.lib(guidev_32.o)
    0x08014b1c   0x08014b1c   0x00000022   Code   RO         2997    i._SetPixelIndex_C0  STemWin526_CM4_Keil.lib(gui_setorientationc0.o)
    0x08014b3e   0x08014b3e   0x0000003a   Code   RO         3022    i._SetPixelIndex_CX  STemWin526_CM4_Keil.lib(gui_setorientationc8.o)
    0x08014b78   0x08014b78   0x0000003a   Code   RO         3047    i._SetPixelIndex_CX  STemWin526_CM4_Keil.lib(gui_setorientationc16.o)
    0x08014bb2   0x08014bb2   0x0000003a   Code   RO         3072    i._SetPixelIndex_CX  STemWin526_CM4_Keil.lib(gui_setorientationc32.o)
    0x08014bec   0x08014bec   0x0000002e   Code   RO         2437    i._SetPos           STemWin526_CM4_Keil.lib(guidrv_lin_16.o)
    0x08014c1a   0x08014c1a   0x00000002   PAD
    0x08014c1c   0x08014c1c   0x0000029c   Code   RO         4261    i._SetPosition      STemWin526_CM4_Keil.lib(gui_sprite.o)
    0x08014eb8   0x08014eb8   0x00000036   Code   RO         3532    i._SetScrollbar     STemWin526_CM4_Keil.lib(wm_setscrollbar.o)
    0x08014eee   0x08014eee   0x00000044   Code   RO         2438    i._SetSize          STemWin526_CM4_Keil.lib(guidrv_lin_16.o)
    0x08014f32   0x08014f32   0x0000004a   Code   RO         4262    i._SetSpriteBkPixel  STemWin526_CM4_Keil.lib(gui_sprite.o)
    0x08014f7c   0x08014f7c   0x00000028   Code   RO         2439    i._SetVRAMAddr      STemWin526_CM4_Keil.lib(guidrv_lin_16.o)
    0x08014fa4   0x08014fa4   0x0000002a   Code   RO         2440    i._SetVSize         STemWin526_CM4_Keil.lib(guidrv_lin_16.o)
    0x08014fce   0x08014fce   0x00000026   Code   RO         2441    i._SetVis           STemWin526_CM4_Keil.lib(guidrv_lin_16.o)
    0x08014ff4   0x08014ff4   0x00000024   Code   RO         2442    i._ShowBuffer       STemWin526_CM4_Keil.lib(guidrv_lin_16.o)
    0x08015018   0x08015018   0x0000000e   Code   RO         2998    i._Sort             STemWin526_CM4_Keil.lib(gui_setorientationc0.o)
    0x08015026   0x08015026   0x0000000e   Code   RO         3023    i._Sort             STemWin526_CM4_Keil.lib(gui_setorientationc8.o)
    0x08015034   0x08015034   0x0000000e   Code   RO         3048    i._Sort             STemWin526_CM4_Keil.lib(gui_setorientationc16.o)
    0x08015042   0x08015042   0x0000000e   Code   RO         3073    i._Sort             STemWin526_CM4_Keil.lib(gui_setorientationc32.o)
    0x08015050   0x08015050   0x00000058   Code   RO         2959    i._StoreState       STemWin526_CM4_Keil.lib(gui_pid.o)
    0x080150a8   0x080150a8   0x000000ea   Code   RO         1982    i._TestRAM          STemWin526_CM4_Keil.lib(gui_alloc.o)
    0x08015192   0x08015192   0x00000002   PAD
    0x08015194   0x08015194   0x00000050   Code   RO         3809    i._Unlink           STemWin526_CM4_Keil.lib(gui_timer.o)
    0x080151e4   0x080151e4   0x00000030   Code   RO         2062    i._UnlinkDevice     STemWin526_CM4_Keil.lib(gui_device.o)
    0x08015214   0x08015214   0x0000000e   Code   RO         1983    i._WriteTagData     STemWin526_CM4_Keil.lib(gui_alloc.o)
    0x08015222   0x08015222   0x00000002   PAD
    0x08015224   0x08015224   0x00000340   Code   RO         4049    i._WriteToActiveOpaque_8  STemWin526_CM4_Keil.lib(guidev_writetoactiveopaque.o)
    0x08015564   0x08015564   0x00000354   Code   RO         4050    i._WriteToActiveOpaque_HT  STemWin526_CM4_Keil.lib(guidev_writetoactiveopaque.o)
    0x080158b8   0x080158b8   0x0000003c   Code   RO         3306    i._XY2PTR           STemWin526_CM4_Keil.lib(guidev_16.o)
    0x080158f4   0x080158f4   0x0000003c   Code   RO         3983    i._XY2PTR           STemWin526_CM4_Keil.lib(guidev_32.o)
    0x08015930   0x08015930   0x00000008   Code   RO         2169    i._XorPixel         STemWin526_CM4_Keil.lib(gui_setorientation.o)
    0x08015938   0x08015938   0x00000028   Code   RO         2443    i._XorPixel         STemWin526_CM4_Keil.lib(guidrv_lin_16.o)
    0x08015960   0x08015960   0x00000054   Code   RO         3307    i._XorPixel         STemWin526_CM4_Keil.lib(guidev_16.o)
    0x080159b4   0x080159b4   0x00000058   Code   RO         3984    i._XorPixel         STemWin526_CM4_Keil.lib(guidev_32.o)
    0x08015a0c   0x08015a0c   0x0000001e   Code   RO         2999    i._XorPixel_C0      STemWin526_CM4_Keil.lib(gui_setorientationc0.o)
    0x08015a2a   0x08015a2a   0x00000034   Code   RO         3024    i._XorPixel_CX      STemWin526_CM4_Keil.lib(gui_setorientationc8.o)
    0x08015a5e   0x08015a5e   0x00000034   Code   RO         3049    i._XorPixel_CX      STemWin526_CM4_Keil.lib(gui_setorientationc16.o)
    0x08015a92   0x08015a92   0x00000034   Code   RO         3074    i._XorPixel_CX      STemWin526_CM4_Keil.lib(gui_setorientationc32.o)
    0x08015ac6   0x08015ac6   0x00000002   PAD
    0x08015ac8   0x08015ac8   0x00000028   Code   RO         4471    i.__0sprintf$1      mc_w.l(printf1.o)
    0x08015af0   0x08015af0   0x00000118   Code   RO         4389    i.__hardfp_ceil     m_wm.l(ceil.o)
    0x08015c08   0x08015c08   0x00000118   Code   RO         4395    i.__hardfp_floor    m_wm.l(floor.o)
    0x08015d20   0x08015d20   0x0000000e   Code   RO         4784    i.__scatterload_copy  mc_w.l(handlers.o)
    0x08015d2e   0x08015d2e   0x00000002   Code   RO         4785    i.__scatterload_null  mc_w.l(handlers.o)
    0x08015d30   0x08015d30   0x0000000e   Code   RO         4786    i.__scatterload_zeroinit  mc_w.l(handlers.o)
    0x08015d3e   0x08015d3e   0x00000002   PAD
    0x08015d40   0x08015d40   0x00000084   Code   RO         2915    i._atan2            STemWin526_CM4_Keil.lib(gui_drawline.o)
    0x08015dc4   0x08015dc4   0x00000004   Code   RO         4129    i._cbInvalidateOne  STemWin526_CM4_Keil.lib(wm_bringtotop.o)
    0x08015dc8   0x08015dc8   0x00000044   Code   RO         2785    i._cbPaintMemDev    STemWin526_CM4_Keil.lib(wm.o)
    0x08015e0c   0x08015e0c   0x0000002c   Code   RO         3545    i._cbTimer          STemWin526_CM4_Keil.lib(wm_timer.o)
    0x08015e38   0x08015e38   0x00000154   Code   RO         4476    i._printf_core      mc_w.l(printf1.o)
    0x08015f8c   0x08015f8c   0x0000000a   Code   RO         4478    i._sputc            mc_w.l(printf1.o)
    0x08015f96   0x08015f96   0x00000002   PAD
    0x08015f98   0x08015f98   0x00000050   Code   RO         2786    i.cbBackWin         STemWin526_CM4_Keil.lib(wm.o)
    0x08015fe8   0x08015fe8   0x0000008a   Code   RO         2245    i.emWin_LCD_Init    STemWin526_CM4_Keil.lib(lcd.o)
    0x08016072   0x08016072   0x00000002   PAD
    0x08016074   0x08016074   0x00000050   Code   RO         4685    i.free              mc_w.l(malloc.o)
    0x080160c4   0x080160c4   0x0000006c   Code   RO         4686    i.malloc            mc_w.l(malloc.o)
    0x08016130   0x08016130   0x0000001c   Data   RO          566    .constdata          stm32f4xx_fmc.o
    0x0801614c   0x0801614c   0x00000008   Data   RO         1420    .constdata          guidrv_stm32f429i_discovery.o
    0x08016154   0x08016154   0x00000060   Data   RO         1547    .constdata          main.o
    0x080161b4   0x080161b4   0x00000018   Data   RO         1863    .constdata          STemWin526_CM4_Keil.lib(guicc_1616i.o)
    0x080161cc   0x080161cc   0x00000018   Data   RO         1872    .constdata          STemWin526_CM4_Keil.lib(guicc_8666.o)
    0x080161e4   0x080161e4   0x00000018   Data   RO         1881    .constdata          STemWin526_CM4_Keil.lib(guicc_88666i.o)
    0x080161fc   0x080161fc   0x00000018   Data   RO         1893    .constdata          STemWin526_CM4_Keil.lib(guicc_m1555i.o)
    0x08016214   0x08016214   0x00000018   Data   RO         1907    .constdata          STemWin526_CM4_Keil.lib(guicc_m4444i.o)
    0x0801622c   0x0801622c   0x00000018   Data   RO         1921    .constdata          STemWin526_CM4_Keil.lib(guicc_m8888i.o)
    0x08016244   0x08016244   0x00000008   Data   RO         2031    .constdata          STemWin526_CM4_Keil.lib(gui_core.o)
    0x0801624c   0x0801624c   0x00000034   Data   RO         2170    .constdata          STemWin526_CM4_Keil.lib(gui_setorientation.o)
    0x08016280   0x08016280   0x00000018   Data   RO         2208    .constdata          STemWin526_CM4_Keil.lib(guicc_m565.o)
    0x08016298   0x08016298   0x00000018   Data   RO         2221    .constdata          STemWin526_CM4_Keil.lib(guicc_m888.o)
    0x080162b0   0x080162b0   0x0000000c   Data   RO         2246    .constdata          STemWin526_CM4_Keil.lib(lcd.o)
    0x080162bc   0x080162bc   0x00000034   Data   RO         2444    .constdata          STemWin526_CM4_Keil.lib(guidrv_lin_16.o)
    0x080162f0   0x080162f0   0x0000000f   Data   RO         2480    .constdata          STemWin526_CM4_Keil.lib(f8x15b_ascii.o)
    0x080162ff   0x080162ff   0x0000000f   Data   RO         2481    .constdata          STemWin526_CM4_Keil.lib(f8x15b_ascii.o)
    0x0801630e   0x0801630e   0x0000000f   Data   RO         2482    .constdata          STemWin526_CM4_Keil.lib(f8x15b_ascii.o)
    0x0801631d   0x0801631d   0x0000000f   Data   RO         2483    .constdata          STemWin526_CM4_Keil.lib(f8x15b_ascii.o)
    0x0801632c   0x0801632c   0x0000000f   Data   RO         2484    .constdata          STemWin526_CM4_Keil.lib(f8x15b_ascii.o)
    0x0801633b   0x0801633b   0x0000000f   Data   RO         2485    .constdata          STemWin526_CM4_Keil.lib(f8x15b_ascii.o)
    0x0801634a   0x0801634a   0x0000000f   Data   RO         2486    .constdata          STemWin526_CM4_Keil.lib(f8x15b_ascii.o)
    0x08016359   0x08016359   0x0000000f   Data   RO         2487    .constdata          STemWin526_CM4_Keil.lib(f8x15b_ascii.o)
    0x08016368   0x08016368   0x0000000f   Data   RO         2488    .constdata          STemWin526_CM4_Keil.lib(f8x15b_ascii.o)
    0x08016377   0x08016377   0x0000000f   Data   RO         2489    .constdata          STemWin526_CM4_Keil.lib(f8x15b_ascii.o)
    0x08016386   0x08016386   0x0000000f   Data   RO         2490    .constdata          STemWin526_CM4_Keil.lib(f8x15b_ascii.o)
    0x08016395   0x08016395   0x0000000f   Data   RO         2491    .constdata          STemWin526_CM4_Keil.lib(f8x15b_ascii.o)
    0x080163a4   0x080163a4   0x0000000f   Data   RO         2492    .constdata          STemWin526_CM4_Keil.lib(f8x15b_ascii.o)
    0x080163b3   0x080163b3   0x0000000f   Data   RO         2493    .constdata          STemWin526_CM4_Keil.lib(f8x15b_ascii.o)
    0x080163c2   0x080163c2   0x0000000f   Data   RO         2494    .constdata          STemWin526_CM4_Keil.lib(f8x15b_ascii.o)
    0x080163d1   0x080163d1   0x0000000f   Data   RO         2495    .constdata          STemWin526_CM4_Keil.lib(f8x15b_ascii.o)
    0x080163e0   0x080163e0   0x0000000f   Data   RO         2496    .constdata          STemWin526_CM4_Keil.lib(f8x15b_ascii.o)
    0x080163ef   0x080163ef   0x0000000f   Data   RO         2497    .constdata          STemWin526_CM4_Keil.lib(f8x15b_ascii.o)
    0x080163fe   0x080163fe   0x0000000f   Data   RO         2498    .constdata          STemWin526_CM4_Keil.lib(f8x15b_ascii.o)
    0x0801640d   0x0801640d   0x0000000f   Data   RO         2499    .constdata          STemWin526_CM4_Keil.lib(f8x15b_ascii.o)
    0x0801641c   0x0801641c   0x0000000f   Data   RO         2500    .constdata          STemWin526_CM4_Keil.lib(f8x15b_ascii.o)
    0x0801642b   0x0801642b   0x0000000f   Data   RO         2501    .constdata          STemWin526_CM4_Keil.lib(f8x15b_ascii.o)
    0x0801643a   0x0801643a   0x0000000f   Data   RO         2502    .constdata          STemWin526_CM4_Keil.lib(f8x15b_ascii.o)
    0x08016449   0x08016449   0x0000000f   Data   RO         2503    .constdata          STemWin526_CM4_Keil.lib(f8x15b_ascii.o)
    0x08016458   0x08016458   0x0000000f   Data   RO         2504    .constdata          STemWin526_CM4_Keil.lib(f8x15b_ascii.o)
    0x08016467   0x08016467   0x0000000f   Data   RO         2505    .constdata          STemWin526_CM4_Keil.lib(f8x15b_ascii.o)
    0x08016476   0x08016476   0x0000000f   Data   RO         2506    .constdata          STemWin526_CM4_Keil.lib(f8x15b_ascii.o)
    0x08016485   0x08016485   0x0000000f   Data   RO         2507    .constdata          STemWin526_CM4_Keil.lib(f8x15b_ascii.o)
    0x08016494   0x08016494   0x0000000f   Data   RO         2508    .constdata          STemWin526_CM4_Keil.lib(f8x15b_ascii.o)
    0x080164a3   0x080164a3   0x0000000f   Data   RO         2509    .constdata          STemWin526_CM4_Keil.lib(f8x15b_ascii.o)
    0x080164b2   0x080164b2   0x0000000f   Data   RO         2510    .constdata          STemWin526_CM4_Keil.lib(f8x15b_ascii.o)
    0x080164c1   0x080164c1   0x0000000f   Data   RO         2511    .constdata          STemWin526_CM4_Keil.lib(f8x15b_ascii.o)
    0x080164d0   0x080164d0   0x0000000f   Data   RO         2512    .constdata          STemWin526_CM4_Keil.lib(f8x15b_ascii.o)
    0x080164df   0x080164df   0x0000000f   Data   RO         2513    .constdata          STemWin526_CM4_Keil.lib(f8x15b_ascii.o)
    0x080164ee   0x080164ee   0x0000000f   Data   RO         2514    .constdata          STemWin526_CM4_Keil.lib(f8x15b_ascii.o)
    0x080164fd   0x080164fd   0x0000000f   Data   RO         2515    .constdata          STemWin526_CM4_Keil.lib(f8x15b_ascii.o)
    0x0801650c   0x0801650c   0x0000000f   Data   RO         2516    .constdata          STemWin526_CM4_Keil.lib(f8x15b_ascii.o)
    0x0801651b   0x0801651b   0x0000000f   Data   RO         2517    .constdata          STemWin526_CM4_Keil.lib(f8x15b_ascii.o)
    0x0801652a   0x0801652a   0x0000000f   Data   RO         2518    .constdata          STemWin526_CM4_Keil.lib(f8x15b_ascii.o)
    0x08016539   0x08016539   0x0000000f   Data   RO         2519    .constdata          STemWin526_CM4_Keil.lib(f8x15b_ascii.o)
    0x08016548   0x08016548   0x0000000f   Data   RO         2520    .constdata          STemWin526_CM4_Keil.lib(f8x15b_ascii.o)
    0x08016557   0x08016557   0x0000000f   Data   RO         2521    .constdata          STemWin526_CM4_Keil.lib(f8x15b_ascii.o)
    0x08016566   0x08016566   0x0000000f   Data   RO         2522    .constdata          STemWin526_CM4_Keil.lib(f8x15b_ascii.o)
    0x08016575   0x08016575   0x0000000f   Data   RO         2523    .constdata          STemWin526_CM4_Keil.lib(f8x15b_ascii.o)
    0x08016584   0x08016584   0x0000000f   Data   RO         2524    .constdata          STemWin526_CM4_Keil.lib(f8x15b_ascii.o)
    0x08016593   0x08016593   0x0000000f   Data   RO         2525    .constdata          STemWin526_CM4_Keil.lib(f8x15b_ascii.o)
    0x080165a2   0x080165a2   0x0000000f   Data   RO         2526    .constdata          STemWin526_CM4_Keil.lib(f8x15b_ascii.o)
    0x080165b1   0x080165b1   0x0000000f   Data   RO         2527    .constdata          STemWin526_CM4_Keil.lib(f8x15b_ascii.o)
    0x080165c0   0x080165c0   0x0000000f   Data   RO         2528    .constdata          STemWin526_CM4_Keil.lib(f8x15b_ascii.o)
    0x080165cf   0x080165cf   0x0000000f   Data   RO         2529    .constdata          STemWin526_CM4_Keil.lib(f8x15b_ascii.o)
    0x080165de   0x080165de   0x0000000f   Data   RO         2530    .constdata          STemWin526_CM4_Keil.lib(f8x15b_ascii.o)
    0x080165ed   0x080165ed   0x0000000f   Data   RO         2531    .constdata          STemWin526_CM4_Keil.lib(f8x15b_ascii.o)
    0x080165fc   0x080165fc   0x0000000f   Data   RO         2532    .constdata          STemWin526_CM4_Keil.lib(f8x15b_ascii.o)
    0x0801660b   0x0801660b   0x0000000f   Data   RO         2533    .constdata          STemWin526_CM4_Keil.lib(f8x15b_ascii.o)
    0x0801661a   0x0801661a   0x0000000f   Data   RO         2534    .constdata          STemWin526_CM4_Keil.lib(f8x15b_ascii.o)
    0x08016629   0x08016629   0x0000000f   Data   RO         2535    .constdata          STemWin526_CM4_Keil.lib(f8x15b_ascii.o)
    0x08016638   0x08016638   0x0000000f   Data   RO         2536    .constdata          STemWin526_CM4_Keil.lib(f8x15b_ascii.o)
    0x08016647   0x08016647   0x0000000f   Data   RO         2537    .constdata          STemWin526_CM4_Keil.lib(f8x15b_ascii.o)
    0x08016656   0x08016656   0x0000000f   Data   RO         2538    .constdata          STemWin526_CM4_Keil.lib(f8x15b_ascii.o)
    0x08016665   0x08016665   0x0000000f   Data   RO         2539    .constdata          STemWin526_CM4_Keil.lib(f8x15b_ascii.o)
    0x08016674   0x08016674   0x0000000f   Data   RO         2540    .constdata          STemWin526_CM4_Keil.lib(f8x15b_ascii.o)
    0x08016683   0x08016683   0x0000000f   Data   RO         2541    .constdata          STemWin526_CM4_Keil.lib(f8x15b_ascii.o)
    0x08016692   0x08016692   0x0000000f   Data   RO         2542    .constdata          STemWin526_CM4_Keil.lib(f8x15b_ascii.o)
    0x080166a1   0x080166a1   0x0000000f   Data   RO         2543    .constdata          STemWin526_CM4_Keil.lib(f8x15b_ascii.o)
    0x080166b0   0x080166b0   0x0000000f   Data   RO         2544    .constdata          STemWin526_CM4_Keil.lib(f8x15b_ascii.o)
    0x080166bf   0x080166bf   0x0000000f   Data   RO         2545    .constdata          STemWin526_CM4_Keil.lib(f8x15b_ascii.o)
    0x080166ce   0x080166ce   0x0000000f   Data   RO         2546    .constdata          STemWin526_CM4_Keil.lib(f8x15b_ascii.o)
    0x080166dd   0x080166dd   0x0000000f   Data   RO         2547    .constdata          STemWin526_CM4_Keil.lib(f8x15b_ascii.o)
    0x080166ec   0x080166ec   0x0000000f   Data   RO         2548    .constdata          STemWin526_CM4_Keil.lib(f8x15b_ascii.o)
    0x080166fb   0x080166fb   0x0000000f   Data   RO         2549    .constdata          STemWin526_CM4_Keil.lib(f8x15b_ascii.o)
    0x0801670a   0x0801670a   0x0000000f   Data   RO         2550    .constdata          STemWin526_CM4_Keil.lib(f8x15b_ascii.o)
    0x08016719   0x08016719   0x0000000f   Data   RO         2551    .constdata          STemWin526_CM4_Keil.lib(f8x15b_ascii.o)
    0x08016728   0x08016728   0x0000000f   Data   RO         2552    .constdata          STemWin526_CM4_Keil.lib(f8x15b_ascii.o)
    0x08016737   0x08016737   0x0000000f   Data   RO         2553    .constdata          STemWin526_CM4_Keil.lib(f8x15b_ascii.o)
    0x08016746   0x08016746   0x0000000f   Data   RO         2554    .constdata          STemWin526_CM4_Keil.lib(f8x15b_ascii.o)
    0x08016755   0x08016755   0x0000000f   Data   RO         2555    .constdata          STemWin526_CM4_Keil.lib(f8x15b_ascii.o)
    0x08016764   0x08016764   0x0000000f   Data   RO         2556    .constdata          STemWin526_CM4_Keil.lib(f8x15b_ascii.o)
    0x08016773   0x08016773   0x0000000f   Data   RO         2557    .constdata          STemWin526_CM4_Keil.lib(f8x15b_ascii.o)
    0x08016782   0x08016782   0x0000000f   Data   RO         2558    .constdata          STemWin526_CM4_Keil.lib(f8x15b_ascii.o)
    0x08016791   0x08016791   0x0000000f   Data   RO         2559    .constdata          STemWin526_CM4_Keil.lib(f8x15b_ascii.o)
    0x080167a0   0x080167a0   0x0000000f   Data   RO         2560    .constdata          STemWin526_CM4_Keil.lib(f8x15b_ascii.o)
    0x080167af   0x080167af   0x0000000f   Data   RO         2561    .constdata          STemWin526_CM4_Keil.lib(f8x15b_ascii.o)
    0x080167be   0x080167be   0x0000000f   Data   RO         2562    .constdata          STemWin526_CM4_Keil.lib(f8x15b_ascii.o)
    0x080167cd   0x080167cd   0x0000000f   Data   RO         2563    .constdata          STemWin526_CM4_Keil.lib(f8x15b_ascii.o)
    0x080167dc   0x080167dc   0x0000000f   Data   RO         2564    .constdata          STemWin526_CM4_Keil.lib(f8x15b_ascii.o)
    0x080167eb   0x080167eb   0x0000000f   Data   RO         2565    .constdata          STemWin526_CM4_Keil.lib(f8x15b_ascii.o)
    0x080167fa   0x080167fa   0x0000000f   Data   RO         2566    .constdata          STemWin526_CM4_Keil.lib(f8x15b_ascii.o)
    0x08016809   0x08016809   0x0000000f   Data   RO         2567    .constdata          STemWin526_CM4_Keil.lib(f8x15b_ascii.o)
    0x08016818   0x08016818   0x0000000f   Data   RO         2568    .constdata          STemWin526_CM4_Keil.lib(f8x15b_ascii.o)
    0x08016827   0x08016827   0x0000000f   Data   RO         2569    .constdata          STemWin526_CM4_Keil.lib(f8x15b_ascii.o)
    0x08016836   0x08016836   0x0000000f   Data   RO         2570    .constdata          STemWin526_CM4_Keil.lib(f8x15b_ascii.o)
    0x08016845   0x08016845   0x0000000f   Data   RO         2571    .constdata          STemWin526_CM4_Keil.lib(f8x15b_ascii.o)
    0x08016854   0x08016854   0x0000000f   Data   RO         2572    .constdata          STemWin526_CM4_Keil.lib(f8x15b_ascii.o)
    0x08016863   0x08016863   0x0000000f   Data   RO         2573    .constdata          STemWin526_CM4_Keil.lib(f8x15b_ascii.o)
    0x08016872   0x08016872   0x0000000f   Data   RO         2574    .constdata          STemWin526_CM4_Keil.lib(f8x15b_ascii.o)
    0x08016881   0x08016881   0x0000000f   Data   RO         2575    .constdata          STemWin526_CM4_Keil.lib(f8x15b_ascii.o)
    0x08016890   0x08016890   0x00000300   Data   RO         2576    .constdata          STemWin526_CM4_Keil.lib(f8x15b_ascii.o)
    0x08016b90   0x08016b90   0x0000000c   Data   RO         2577    .constdata          STemWin526_CM4_Keil.lib(f8x15b_ascii.o)
    0x08016b9c   0x08016b9c   0x00000024   Data   RO         2578    .constdata          STemWin526_CM4_Keil.lib(f8x15b_ascii.o)
    0x08016bc0   0x08016bc0   0x00000018   Data   RO         2848    .constdata          STemWin526_CM4_Keil.lib(guicc_16.o)
    0x08016bd8   0x08016bd8   0x00000010   Data   RO         2852    .constdata          STemWin526_CM4_Keil.lib(gui__divtbl_15_255.o)
    0x08016be8   0x08016be8   0x00000020   Data   RO         2853    .constdata          STemWin526_CM4_Keil.lib(gui__divtbl_31_255.o)
    0x08016c08   0x08016c08   0x00000040   Data   RO         2854    .constdata          STemWin526_CM4_Keil.lib(gui__divtbl_63_255.o)
    0x08016c48   0x08016c48   0x00000100   Data   RO         2855    .constdata          STemWin526_CM4_Keil.lib(gui__divtbl_255_15.o)
    0x08016d48   0x08016d48   0x00000100   Data   RO         2856    .constdata          STemWin526_CM4_Keil.lib(gui__divtbl_255_31.o)
    0x08016e48   0x08016e48   0x00000100   Data   RO         2857    .constdata          STemWin526_CM4_Keil.lib(gui__divtbl_255_63.o)
    0x08016f48   0x08016f48   0x00000044   Data   RO         2916    .constdata          STemWin526_CM4_Keil.lib(gui_drawline.o)
    0x08016f8c   0x08016f8c   0x00000020   Data   RO         3000    .constdata          STemWin526_CM4_Keil.lib(gui_setorientationc0.o)
    0x08016fac   0x08016fac   0x00000020   Data   RO         3025    .constdata          STemWin526_CM4_Keil.lib(gui_setorientationc8.o)
    0x08016fcc   0x08016fcc   0x00000020   Data   RO         3050    .constdata          STemWin526_CM4_Keil.lib(gui_setorientationc16.o)
    0x08016fec   0x08016fec   0x00000020   Data   RO         3075    .constdata          STemWin526_CM4_Keil.lib(gui_setorientationc32.o)
    0x0801700c   0x0801700c   0x00000010   Data   RO         3097    .constdata          STemWin526_CM4_Keil.lib(gui_uc_encodenone.o)
    0x0801701c   0x0801701c   0x00000018   Data   RO         3139    .constdata          STemWin526_CM4_Keil.lib(guicc_0.o)
    0x08017034   0x08017034   0x00000100   Data   RO         3153    .constdata          STemWin526_CM4_Keil.lib(lcd_mirror.o)
    0x08017134   0x08017134   0x00000518   Data   RO         3166    .constdata          STemWin526_CM4_Keil.lib(f6x8.o)
    0x0801764c   0x0801764c   0x000001c0   Data   RO         3167    .constdata          STemWin526_CM4_Keil.lib(f6x8.o)
    0x0801780c   0x0801780c   0x00000008   Data   RO         3168    .constdata          STemWin526_CM4_Keil.lib(f6x8.o)
    0x08017814   0x08017814   0x00000014   Data   RO         3169    .constdata          STemWin526_CM4_Keil.lib(f6x8.o)
    0x08017828   0x08017828   0x00000024   Data   RO         3170    .constdata          STemWin526_CM4_Keil.lib(f6x8.o)
    0x0801784c   0x0801784c   0x0000000d   Data   RO         3172    .constdata          STemWin526_CM4_Keil.lib(f13_1.o)
    0x08017859   0x08017859   0x0000000d   Data   RO         3173    .constdata          STemWin526_CM4_Keil.lib(f13_1.o)
    0x08017866   0x08017866   0x0000000d   Data   RO         3174    .constdata          STemWin526_CM4_Keil.lib(f13_1.o)
    0x08017873   0x08017873   0x0000000d   Data   RO         3175    .constdata          STemWin526_CM4_Keil.lib(f13_1.o)
    0x08017880   0x08017880   0x0000000d   Data   RO         3176    .constdata          STemWin526_CM4_Keil.lib(f13_1.o)
    0x0801788d   0x0801788d   0x0000000d   Data   RO         3177    .constdata          STemWin526_CM4_Keil.lib(f13_1.o)
    0x0801789a   0x0801789a   0x0000000d   Data   RO         3178    .constdata          STemWin526_CM4_Keil.lib(f13_1.o)
    0x080178a7   0x080178a7   0x0000000d   Data   RO         3179    .constdata          STemWin526_CM4_Keil.lib(f13_1.o)
    0x080178b4   0x080178b4   0x0000000d   Data   RO         3180    .constdata          STemWin526_CM4_Keil.lib(f13_1.o)
    0x080178c1   0x080178c1   0x0000001a   Data   RO         3181    .constdata          STemWin526_CM4_Keil.lib(f13_1.o)
    0x080178db   0x080178db   0x0000000d   Data   RO         3182    .constdata          STemWin526_CM4_Keil.lib(f13_1.o)
    0x080178e8   0x080178e8   0x0000000d   Data   RO         3183    .constdata          STemWin526_CM4_Keil.lib(f13_1.o)
    0x080178f5   0x080178f5   0x0000000d   Data   RO         3184    .constdata          STemWin526_CM4_Keil.lib(f13_1.o)
    0x08017902   0x08017902   0x0000000d   Data   RO         3185    .constdata          STemWin526_CM4_Keil.lib(f13_1.o)
    0x0801790f   0x0801790f   0x0000001a   Data   RO         3186    .constdata          STemWin526_CM4_Keil.lib(f13_1.o)
    0x08017929   0x08017929   0x0000000d   Data   RO         3187    .constdata          STemWin526_CM4_Keil.lib(f13_1.o)
    0x08017936   0x08017936   0x0000000d   Data   RO         3188    .constdata          STemWin526_CM4_Keil.lib(f13_1.o)
    0x08017943   0x08017943   0x0000000d   Data   RO         3189    .constdata          STemWin526_CM4_Keil.lib(f13_1.o)
    0x08017950   0x08017950   0x0000000d   Data   RO         3190    .constdata          STemWin526_CM4_Keil.lib(f13_1.o)
    0x0801795d   0x0801795d   0x0000000d   Data   RO         3191    .constdata          STemWin526_CM4_Keil.lib(f13_1.o)
    0x0801796a   0x0801796a   0x0000000d   Data   RO         3192    .constdata          STemWin526_CM4_Keil.lib(f13_1.o)
    0x08017977   0x08017977   0x0000000d   Data   RO         3193    .constdata          STemWin526_CM4_Keil.lib(f13_1.o)
    0x08017984   0x08017984   0x0000000d   Data   RO         3194    .constdata          STemWin526_CM4_Keil.lib(f13_1.o)
    0x08017991   0x08017991   0x0000000d   Data   RO         3195    .constdata          STemWin526_CM4_Keil.lib(f13_1.o)
    0x0801799e   0x0801799e   0x0000000d   Data   RO         3196    .constdata          STemWin526_CM4_Keil.lib(f13_1.o)
    0x080179ab   0x080179ab   0x0000000d   Data   RO         3197    .constdata          STemWin526_CM4_Keil.lib(f13_1.o)
    0x080179b8   0x080179b8   0x0000000d   Data   RO         3198    .constdata          STemWin526_CM4_Keil.lib(f13_1.o)
    0x080179c5   0x080179c5   0x0000000d   Data   RO         3199    .constdata          STemWin526_CM4_Keil.lib(f13_1.o)
    0x080179d2   0x080179d2   0x0000001a   Data   RO         3200    .constdata          STemWin526_CM4_Keil.lib(f13_1.o)
    0x080179ec   0x080179ec   0x0000001a   Data   RO         3201    .constdata          STemWin526_CM4_Keil.lib(f13_1.o)
    0x08017a06   0x08017a06   0x0000001a   Data   RO         3202    .constdata          STemWin526_CM4_Keil.lib(f13_1.o)
    0x08017a20   0x08017a20   0x0000000d   Data   RO         3203    .constdata          STemWin526_CM4_Keil.lib(f13_1.o)
    0x08017a2d   0x08017a2d   0x0000000d   Data   RO         3204    .constdata          STemWin526_CM4_Keil.lib(f13_1.o)
    0x08017a3a   0x08017a3a   0x0000000d   Data   RO         3205    .constdata          STemWin526_CM4_Keil.lib(f13_1.o)
    0x08017a47   0x08017a47   0x0000000d   Data   RO         3206    .constdata          STemWin526_CM4_Keil.lib(f13_1.o)
    0x08017a54   0x08017a54   0x0000000d   Data   RO         3207    .constdata          STemWin526_CM4_Keil.lib(f13_1.o)
    0x08017a61   0x08017a61   0x0000000d   Data   RO         3208    .constdata          STemWin526_CM4_Keil.lib(f13_1.o)
    0x08017a6e   0x08017a6e   0x0000000d   Data   RO         3209    .constdata          STemWin526_CM4_Keil.lib(f13_1.o)
    0x08017a7b   0x08017a7b   0x0000001a   Data   RO         3210    .constdata          STemWin526_CM4_Keil.lib(f13_1.o)
    0x08017a95   0x08017a95   0x0000000d   Data   RO         3211    .constdata          STemWin526_CM4_Keil.lib(f13_1.o)
    0x08017aa2   0x08017aa2   0x0000000d   Data   RO         3212    .constdata          STemWin526_CM4_Keil.lib(f13_1.o)
    0x08017aaf   0x08017aaf   0x0000000d   Data   RO         3213    .constdata          STemWin526_CM4_Keil.lib(f13_1.o)
    0x08017abc   0x08017abc   0x0000000d   Data   RO         3214    .constdata          STemWin526_CM4_Keil.lib(f13_1.o)
    0x08017ac9   0x08017ac9   0x0000000d   Data   RO         3215    .constdata          STemWin526_CM4_Keil.lib(f13_1.o)
    0x08017ad6   0x08017ad6   0x0000000d   Data   RO         3216    .constdata          STemWin526_CM4_Keil.lib(f13_1.o)
    0x08017ae3   0x08017ae3   0x0000000d   Data   RO         3217    .constdata          STemWin526_CM4_Keil.lib(f13_1.o)
    0x08017af0   0x08017af0   0x0000000d   Data   RO         3218    .constdata          STemWin526_CM4_Keil.lib(f13_1.o)
    0x08017afd   0x08017afd   0x0000000d   Data   RO         3219    .constdata          STemWin526_CM4_Keil.lib(f13_1.o)
    0x08017b0a   0x08017b0a   0x0000000d   Data   RO         3220    .constdata          STemWin526_CM4_Keil.lib(f13_1.o)
    0x08017b17   0x08017b17   0x0000000d   Data   RO         3221    .constdata          STemWin526_CM4_Keil.lib(f13_1.o)
    0x08017b24   0x08017b24   0x0000000d   Data   RO         3222    .constdata          STemWin526_CM4_Keil.lib(f13_1.o)
    0x08017b31   0x08017b31   0x0000000d   Data   RO         3223    .constdata          STemWin526_CM4_Keil.lib(f13_1.o)
    0x08017b3e   0x08017b3e   0x0000000d   Data   RO         3224    .constdata          STemWin526_CM4_Keil.lib(f13_1.o)
    0x08017b4b   0x08017b4b   0x0000000d   Data   RO         3225    .constdata          STemWin526_CM4_Keil.lib(f13_1.o)
    0x08017b58   0x08017b58   0x0000000d   Data   RO         3226    .constdata          STemWin526_CM4_Keil.lib(f13_1.o)
    0x08017b65   0x08017b65   0x0000000d   Data   RO         3227    .constdata          STemWin526_CM4_Keil.lib(f13_1.o)
    0x08017b72   0x08017b72   0x0000000d   Data   RO         3228    .constdata          STemWin526_CM4_Keil.lib(f13_1.o)
    0x08017b7f   0x08017b7f   0x0000000d   Data   RO         3229    .constdata          STemWin526_CM4_Keil.lib(f13_1.o)
    0x08017b8c   0x08017b8c   0x0000000d   Data   RO         3230    .constdata          STemWin526_CM4_Keil.lib(f13_1.o)
    0x08017b99   0x08017b99   0x0000000d   Data   RO         3231    .constdata          STemWin526_CM4_Keil.lib(f13_1.o)
    0x08017ba6   0x08017ba6   0x0000000d   Data   RO         3232    .constdata          STemWin526_CM4_Keil.lib(f13_1.o)
    0x08017bb3   0x08017bb3   0x0000000d   Data   RO         3233    .constdata          STemWin526_CM4_Keil.lib(f13_1.o)
    0x08017bc0   0x08017bc0   0x0000000d   Data   RO         3234    .constdata          STemWin526_CM4_Keil.lib(f13_1.o)
    0x08017bcd   0x08017bcd   0x0000000d   Data   RO         3235    .constdata          STemWin526_CM4_Keil.lib(f13_1.o)
    0x08017bda   0x08017bda   0x0000000d   Data   RO         3236    .constdata          STemWin526_CM4_Keil.lib(f13_1.o)
    0x08017be7   0x08017be7   0x0000000d   Data   RO         3237    .constdata          STemWin526_CM4_Keil.lib(f13_1.o)
    0x08017bf4   0x08017bf4   0x0000000d   Data   RO         3238    .constdata          STemWin526_CM4_Keil.lib(f13_1.o)
    0x08017c01   0x08017c01   0x0000000d   Data   RO         3239    .constdata          STemWin526_CM4_Keil.lib(f13_1.o)
    0x08017c0e   0x08017c0e   0x0000000d   Data   RO         3240    .constdata          STemWin526_CM4_Keil.lib(f13_1.o)
    0x08017c1b   0x08017c1b   0x0000000d   Data   RO         3241    .constdata          STemWin526_CM4_Keil.lib(f13_1.o)
    0x08017c28   0x08017c28   0x0000001a   Data   RO         3242    .constdata          STemWin526_CM4_Keil.lib(f13_1.o)
    0x08017c42   0x08017c42   0x0000000d   Data   RO         3243    .constdata          STemWin526_CM4_Keil.lib(f13_1.o)
    0x08017c4f   0x08017c4f   0x0000000d   Data   RO         3244    .constdata          STemWin526_CM4_Keil.lib(f13_1.o)
    0x08017c5c   0x08017c5c   0x0000000d   Data   RO         3245    .constdata          STemWin526_CM4_Keil.lib(f13_1.o)
    0x08017c69   0x08017c69   0x0000000d   Data   RO         3246    .constdata          STemWin526_CM4_Keil.lib(f13_1.o)
    0x08017c76   0x08017c76   0x0000000d   Data   RO         3247    .constdata          STemWin526_CM4_Keil.lib(f13_1.o)
    0x08017c83   0x08017c83   0x0000000d   Data   RO         3248    .constdata          STemWin526_CM4_Keil.lib(f13_1.o)
    0x08017c90   0x08017c90   0x0000000d   Data   RO         3249    .constdata          STemWin526_CM4_Keil.lib(f13_1.o)
    0x08017c9d   0x08017c9d   0x0000000d   Data   RO         3250    .constdata          STemWin526_CM4_Keil.lib(f13_1.o)
    0x08017caa   0x08017caa   0x0000000d   Data   RO         3251    .constdata          STemWin526_CM4_Keil.lib(f13_1.o)
    0x08017cb7   0x08017cb7   0x0000000d   Data   RO         3252    .constdata          STemWin526_CM4_Keil.lib(f13_1.o)
    0x08017cc4   0x08017cc4   0x0000000d   Data   RO         3253    .constdata          STemWin526_CM4_Keil.lib(f13_1.o)
    0x08017cd1   0x08017cd1   0x0000000d   Data   RO         3254    .constdata          STemWin526_CM4_Keil.lib(f13_1.o)
    0x08017cde   0x08017cde   0x0000000d   Data   RO         3255    .constdata          STemWin526_CM4_Keil.lib(f13_1.o)
    0x08017ceb   0x08017ceb   0x0000000d   Data   RO         3256    .constdata          STemWin526_CM4_Keil.lib(f13_1.o)
    0x08017cf8   0x08017cf8   0x0000000d   Data   RO         3257    .constdata          STemWin526_CM4_Keil.lib(f13_1.o)
    0x08017d05   0x08017d05   0x0000000d   Data   RO         3258    .constdata          STemWin526_CM4_Keil.lib(f13_1.o)
    0x08017d12   0x08017d12   0x0000000d   Data   RO         3259    .constdata          STemWin526_CM4_Keil.lib(f13_1.o)
    0x08017d1f   0x08017d1f   0x0000000d   Data   RO         3260    .constdata          STemWin526_CM4_Keil.lib(f13_1.o)
    0x08017d2c   0x08017d2c   0x0000000d   Data   RO         3261    .constdata          STemWin526_CM4_Keil.lib(f13_1.o)
    0x08017d39   0x08017d39   0x0000000d   Data   RO         3262    .constdata          STemWin526_CM4_Keil.lib(f13_1.o)
    0x08017d46   0x08017d46   0x0000000d   Data   RO         3263    .constdata          STemWin526_CM4_Keil.lib(f13_1.o)
    0x08017d53   0x08017d53   0x0000000d   Data   RO         3264    .constdata          STemWin526_CM4_Keil.lib(f13_1.o)
    0x08017d60   0x08017d60   0x0000000d   Data   RO         3265    .constdata          STemWin526_CM4_Keil.lib(f13_1.o)
    0x08017d6d   0x08017d6d   0x0000000d   Data   RO         3266    .constdata          STemWin526_CM4_Keil.lib(f13_1.o)
    0x08017d7a   0x08017d7a   0x0000000d   Data   RO         3267    .constdata          STemWin526_CM4_Keil.lib(f13_1.o)
    0x08017d87   0x08017d87   0x00000001   PAD
    0x08017d88   0x08017d88   0x00000300   Data   RO         3268    .constdata          STemWin526_CM4_Keil.lib(f13_1.o)
    0x08018088   0x08018088   0x0000000c   Data   RO         3269    .constdata          STemWin526_CM4_Keil.lib(f13_1.o)
    0x08018094   0x08018094   0x00000024   Data   RO         3270    .constdata          STemWin526_CM4_Keil.lib(f13_1.o)
    0x080180b8   0x080180b8   0x00000074   Data   RO         3308    .constdata          STemWin526_CM4_Keil.lib(guidev_16.o)
    0x0801812c   0x0801812c   0x0000000c   Data   RO         3357    .constdata          STemWin526_CM4_Keil.lib(button_skinclassic.o)
    0x08018138   0x08018138   0x00000028   Data   RO         3601    .constdata          STemWin526_CM4_Keil.lib(gui_adddecshift.o)
    0x08018160   0x08018160   0x00000018   Data   RO         3861    .constdata          STemWin526_CM4_Keil.lib(guicc_8888.o)
    0x08018178   0x08018178   0x0000000d   Data   RO         3870    .constdata          STemWin526_CM4_Keil.lib(f13_ascii.o)
    0x08018185   0x08018185   0x0000000d   Data   RO         3871    .constdata          STemWin526_CM4_Keil.lib(f13_ascii.o)
    0x08018192   0x08018192   0x0000000d   Data   RO         3872    .constdata          STemWin526_CM4_Keil.lib(f13_ascii.o)
    0x0801819f   0x0801819f   0x0000000d   Data   RO         3873    .constdata          STemWin526_CM4_Keil.lib(f13_ascii.o)
    0x080181ac   0x080181ac   0x0000000d   Data   RO         3874    .constdata          STemWin526_CM4_Keil.lib(f13_ascii.o)
    0x080181b9   0x080181b9   0x0000001a   Data   RO         3875    .constdata          STemWin526_CM4_Keil.lib(f13_ascii.o)
    0x080181d3   0x080181d3   0x0000000d   Data   RO         3876    .constdata          STemWin526_CM4_Keil.lib(f13_ascii.o)
    0x080181e0   0x080181e0   0x0000000d   Data   RO         3877    .constdata          STemWin526_CM4_Keil.lib(f13_ascii.o)
    0x080181ed   0x080181ed   0x0000000d   Data   RO         3878    .constdata          STemWin526_CM4_Keil.lib(f13_ascii.o)
    0x080181fa   0x080181fa   0x0000000d   Data   RO         3879    .constdata          STemWin526_CM4_Keil.lib(f13_ascii.o)
    0x08018207   0x08018207   0x0000000d   Data   RO         3880    .constdata          STemWin526_CM4_Keil.lib(f13_ascii.o)
    0x08018214   0x08018214   0x0000000d   Data   RO         3881    .constdata          STemWin526_CM4_Keil.lib(f13_ascii.o)
    0x08018221   0x08018221   0x0000000d   Data   RO         3882    .constdata          STemWin526_CM4_Keil.lib(f13_ascii.o)
    0x0801822e   0x0801822e   0x0000000d   Data   RO         3883    .constdata          STemWin526_CM4_Keil.lib(f13_ascii.o)
    0x0801823b   0x0801823b   0x0000000d   Data   RO         3884    .constdata          STemWin526_CM4_Keil.lib(f13_ascii.o)
    0x08018248   0x08018248   0x0000000d   Data   RO         3885    .constdata          STemWin526_CM4_Keil.lib(f13_ascii.o)
    0x08018255   0x08018255   0x0000000d   Data   RO         3886    .constdata          STemWin526_CM4_Keil.lib(f13_ascii.o)
    0x08018262   0x08018262   0x0000000d   Data   RO         3887    .constdata          STemWin526_CM4_Keil.lib(f13_ascii.o)
    0x0801826f   0x0801826f   0x0000000d   Data   RO         3888    .constdata          STemWin526_CM4_Keil.lib(f13_ascii.o)
    0x0801827c   0x0801827c   0x0000000d   Data   RO         3889    .constdata          STemWin526_CM4_Keil.lib(f13_ascii.o)
    0x08018289   0x08018289   0x0000000d   Data   RO         3890    .constdata          STemWin526_CM4_Keil.lib(f13_ascii.o)
    0x08018296   0x08018296   0x0000000d   Data   RO         3891    .constdata          STemWin526_CM4_Keil.lib(f13_ascii.o)
    0x080182a3   0x080182a3   0x0000000d   Data   RO         3892    .constdata          STemWin526_CM4_Keil.lib(f13_ascii.o)
    0x080182b0   0x080182b0   0x0000000d   Data   RO         3893    .constdata          STemWin526_CM4_Keil.lib(f13_ascii.o)
    0x080182bd   0x080182bd   0x0000000d   Data   RO         3894    .constdata          STemWin526_CM4_Keil.lib(f13_ascii.o)
    0x080182ca   0x080182ca   0x0000000d   Data   RO         3895    .constdata          STemWin526_CM4_Keil.lib(f13_ascii.o)
    0x080182d7   0x080182d7   0x0000000d   Data   RO         3896    .constdata          STemWin526_CM4_Keil.lib(f13_ascii.o)
    0x080182e4   0x080182e4   0x0000000d   Data   RO         3897    .constdata          STemWin526_CM4_Keil.lib(f13_ascii.o)
    0x080182f1   0x080182f1   0x0000000d   Data   RO         3898    .constdata          STemWin526_CM4_Keil.lib(f13_ascii.o)
    0x080182fe   0x080182fe   0x0000000d   Data   RO         3899    .constdata          STemWin526_CM4_Keil.lib(f13_ascii.o)
    0x0801830b   0x0801830b   0x0000000d   Data   RO         3900    .constdata          STemWin526_CM4_Keil.lib(f13_ascii.o)
    0x08018318   0x08018318   0x0000000d   Data   RO         3901    .constdata          STemWin526_CM4_Keil.lib(f13_ascii.o)
    0x08018325   0x08018325   0x0000001a   Data   RO         3902    .constdata          STemWin526_CM4_Keil.lib(f13_ascii.o)
    0x0801833f   0x0801833f   0x0000000d   Data   RO         3903    .constdata          STemWin526_CM4_Keil.lib(f13_ascii.o)
    0x0801834c   0x0801834c   0x0000000d   Data   RO         3904    .constdata          STemWin526_CM4_Keil.lib(f13_ascii.o)
    0x08018359   0x08018359   0x0000000d   Data   RO         3905    .constdata          STemWin526_CM4_Keil.lib(f13_ascii.o)
    0x08018366   0x08018366   0x0000000d   Data   RO         3906    .constdata          STemWin526_CM4_Keil.lib(f13_ascii.o)
    0x08018373   0x08018373   0x0000000d   Data   RO         3907    .constdata          STemWin526_CM4_Keil.lib(f13_ascii.o)
    0x08018380   0x08018380   0x0000000d   Data   RO         3908    .constdata          STemWin526_CM4_Keil.lib(f13_ascii.o)
    0x0801838d   0x0801838d   0x0000000d   Data   RO         3909    .constdata          STemWin526_CM4_Keil.lib(f13_ascii.o)
    0x0801839a   0x0801839a   0x0000000d   Data   RO         3910    .constdata          STemWin526_CM4_Keil.lib(f13_ascii.o)
    0x080183a7   0x080183a7   0x0000000d   Data   RO         3911    .constdata          STemWin526_CM4_Keil.lib(f13_ascii.o)
    0x080183b4   0x080183b4   0x0000000d   Data   RO         3912    .constdata          STemWin526_CM4_Keil.lib(f13_ascii.o)
    0x080183c1   0x080183c1   0x0000000d   Data   RO         3913    .constdata          STemWin526_CM4_Keil.lib(f13_ascii.o)
    0x080183ce   0x080183ce   0x0000000d   Data   RO         3914    .constdata          STemWin526_CM4_Keil.lib(f13_ascii.o)
    0x080183db   0x080183db   0x0000000d   Data   RO         3915    .constdata          STemWin526_CM4_Keil.lib(f13_ascii.o)
    0x080183e8   0x080183e8   0x0000000d   Data   RO         3916    .constdata          STemWin526_CM4_Keil.lib(f13_ascii.o)
    0x080183f5   0x080183f5   0x0000000d   Data   RO         3917    .constdata          STemWin526_CM4_Keil.lib(f13_ascii.o)
    0x08018402   0x08018402   0x0000000d   Data   RO         3918    .constdata          STemWin526_CM4_Keil.lib(f13_ascii.o)
    0x0801840f   0x0801840f   0x0000000d   Data   RO         3919    .constdata          STemWin526_CM4_Keil.lib(f13_ascii.o)
    0x0801841c   0x0801841c   0x0000000d   Data   RO         3920    .constdata          STemWin526_CM4_Keil.lib(f13_ascii.o)
    0x08018429   0x08018429   0x0000000d   Data   RO         3921    .constdata          STemWin526_CM4_Keil.lib(f13_ascii.o)
    0x08018436   0x08018436   0x0000000d   Data   RO         3922    .constdata          STemWin526_CM4_Keil.lib(f13_ascii.o)
    0x08018443   0x08018443   0x0000000d   Data   RO         3923    .constdata          STemWin526_CM4_Keil.lib(f13_ascii.o)
    0x08018450   0x08018450   0x0000000d   Data   RO         3924    .constdata          STemWin526_CM4_Keil.lib(f13_ascii.o)
    0x0801845d   0x0801845d   0x0000001a   Data   RO         3925    .constdata          STemWin526_CM4_Keil.lib(f13_ascii.o)
    0x08018477   0x08018477   0x0000000d   Data   RO         3926    .constdata          STemWin526_CM4_Keil.lib(f13_ascii.o)
    0x08018484   0x08018484   0x0000000d   Data   RO         3927    .constdata          STemWin526_CM4_Keil.lib(f13_ascii.o)
    0x08018491   0x08018491   0x0000000d   Data   RO         3928    .constdata          STemWin526_CM4_Keil.lib(f13_ascii.o)
    0x0801849e   0x0801849e   0x0000000d   Data   RO         3929    .constdata          STemWin526_CM4_Keil.lib(f13_ascii.o)
    0x080184ab   0x080184ab   0x0000000d   Data   RO         3930    .constdata          STemWin526_CM4_Keil.lib(f13_ascii.o)
    0x080184b8   0x080184b8   0x0000000d   Data   RO         3931    .constdata          STemWin526_CM4_Keil.lib(f13_ascii.o)
    0x080184c5   0x080184c5   0x0000000d   Data   RO         3932    .constdata          STemWin526_CM4_Keil.lib(f13_ascii.o)
    0x080184d2   0x080184d2   0x0000000d   Data   RO         3933    .constdata          STemWin526_CM4_Keil.lib(f13_ascii.o)
    0x080184df   0x080184df   0x0000000d   Data   RO         3934    .constdata          STemWin526_CM4_Keil.lib(f13_ascii.o)
    0x080184ec   0x080184ec   0x0000000d   Data   RO         3935    .constdata          STemWin526_CM4_Keil.lib(f13_ascii.o)
    0x080184f9   0x080184f9   0x0000000d   Data   RO         3936    .constdata          STemWin526_CM4_Keil.lib(f13_ascii.o)
    0x08018506   0x08018506   0x0000000d   Data   RO         3937    .constdata          STemWin526_CM4_Keil.lib(f13_ascii.o)
    0x08018513   0x08018513   0x0000000d   Data   RO         3938    .constdata          STemWin526_CM4_Keil.lib(f13_ascii.o)
    0x08018520   0x08018520   0x0000000d   Data   RO         3939    .constdata          STemWin526_CM4_Keil.lib(f13_ascii.o)
    0x0801852d   0x0801852d   0x0000000d   Data   RO         3940    .constdata          STemWin526_CM4_Keil.lib(f13_ascii.o)
    0x0801853a   0x0801853a   0x0000000d   Data   RO         3941    .constdata          STemWin526_CM4_Keil.lib(f13_ascii.o)
    0x08018547   0x08018547   0x0000000d   Data   RO         3942    .constdata          STemWin526_CM4_Keil.lib(f13_ascii.o)
    0x08018554   0x08018554   0x0000000d   Data   RO         3943    .constdata          STemWin526_CM4_Keil.lib(f13_ascii.o)
    0x08018561   0x08018561   0x0000000d   Data   RO         3944    .constdata          STemWin526_CM4_Keil.lib(f13_ascii.o)
    0x0801856e   0x0801856e   0x0000000d   Data   RO         3945    .constdata          STemWin526_CM4_Keil.lib(f13_ascii.o)
    0x0801857b   0x0801857b   0x0000000d   Data   RO         3946    .constdata          STemWin526_CM4_Keil.lib(f13_ascii.o)
    0x08018588   0x08018588   0x0000000d   Data   RO         3947    .constdata          STemWin526_CM4_Keil.lib(f13_ascii.o)
    0x08018595   0x08018595   0x0000000d   Data   RO         3948    .constdata          STemWin526_CM4_Keil.lib(f13_ascii.o)
    0x080185a2   0x080185a2   0x0000000d   Data   RO         3949    .constdata          STemWin526_CM4_Keil.lib(f13_ascii.o)
    0x080185af   0x080185af   0x0000000d   Data   RO         3950    .constdata          STemWin526_CM4_Keil.lib(f13_ascii.o)
    0x080185bc   0x080185bc   0x0000000d   Data   RO         3951    .constdata          STemWin526_CM4_Keil.lib(f13_ascii.o)
    0x080185c9   0x080185c9   0x0000000d   Data   RO         3952    .constdata          STemWin526_CM4_Keil.lib(f13_ascii.o)
    0x080185d6   0x080185d6   0x0000000d   Data   RO         3953    .constdata          STemWin526_CM4_Keil.lib(f13_ascii.o)
    0x080185e3   0x080185e3   0x0000000d   Data   RO         3954    .constdata          STemWin526_CM4_Keil.lib(f13_ascii.o)
    0x080185f0   0x080185f0   0x0000000d   Data   RO         3955    .constdata          STemWin526_CM4_Keil.lib(f13_ascii.o)
    0x080185fd   0x080185fd   0x0000000d   Data   RO         3956    .constdata          STemWin526_CM4_Keil.lib(f13_ascii.o)
    0x0801860a   0x0801860a   0x0000000d   Data   RO         3957    .constdata          STemWin526_CM4_Keil.lib(f13_ascii.o)
    0x08018617   0x08018617   0x0000000d   Data   RO         3958    .constdata          STemWin526_CM4_Keil.lib(f13_ascii.o)
    0x08018624   0x08018624   0x0000000d   Data   RO         3959    .constdata          STemWin526_CM4_Keil.lib(f13_ascii.o)
    0x08018631   0x08018631   0x0000000d   Data   RO         3960    .constdata          STemWin526_CM4_Keil.lib(f13_ascii.o)
    0x0801863e   0x0801863e   0x0000000d   Data   RO         3961    .constdata          STemWin526_CM4_Keil.lib(f13_ascii.o)
    0x0801864b   0x0801864b   0x0000000d   Data   RO         3962    .constdata          STemWin526_CM4_Keil.lib(f13_ascii.o)
    0x08018658   0x08018658   0x0000000d   Data   RO         3963    .constdata          STemWin526_CM4_Keil.lib(f13_ascii.o)
    0x08018665   0x08018665   0x0000000d   Data   RO         3964    .constdata          STemWin526_CM4_Keil.lib(f13_ascii.o)
    0x08018672   0x08018672   0x00000002   PAD
    0x08018674   0x08018674   0x000002f8   Data   RO         3965    .constdata          STemWin526_CM4_Keil.lib(f13_ascii.o)
    0x0801896c   0x0801896c   0x0000000c   Data   RO         3966    .constdata          STemWin526_CM4_Keil.lib(f13_ascii.o)
    0x08018978   0x08018978   0x00000074   Data   RO         3985    .constdata          STemWin526_CM4_Keil.lib(guidev_32.o)
    0x080189ec   0x080189ec   0x00000018   Data   RO         4035    .constdata          STemWin526_CM4_Keil.lib(guidev_usagebm.o)
    0x08018a04   0x08018a04   0x00000008   Data   RO         4051    .constdata          STemWin526_CM4_Keil.lib(guidev_writetoactiveopaque.o)
    0x08018a0c   0x08018a0c   0x0000000c   Data   RO         4089    .constdata          STemWin526_CM4_Keil.lib(scrollbar_skinclassic.o)
    0x08018a18   0x08018a18   0x0000001c   Data   RO         4102    .constdata          STemWin526_CM4_Keil.lib(widget_effect_3d.o)
    0x08018a34   0x08018a34   0x00000040   Data   RO         4780    .constdata          mc_w.l(ctype_c.o)
    0x08018a74   0x08018a74   0x00000061   Data   RO         1548    .conststring        main.o
    0x08018ad5   0x08018ad5   0x00000003   PAD
    0x08018ad8   0x08018ad8   0x00000020   Data   RO         4782    Region$$Table       anon$$obj.o


    Execution Region RW_IRAM1 (Exec base: 0x20000000, Load base: 0x08018af8, Size: 0x00003b70, Max: 0x00030000, ABSOLUTE, COMPRESSED[0x000000e0])

    Exec Addr    Load Addr    Size         Type   Attr      Idx    E Section Name        Object

    0x20000000   COMPRESSED   0x00000010   Data   RW          152    .data               stm32f4xx_rcc.o
    0x20000010   COMPRESSED   0x00000010   Data   RW          981    .data               tm_stm32f4_delay.o
    0x20000020   COMPRESSED   0x00000001   Data   RW         1027    .data               tm_stm32f4_disco.o
    0x20000021   COMPRESSED   0x00000003   PAD
    0x20000024   COMPRESSED   0x00000010   Data   RW         1114    .data               tm_stm32f4_emwin.o
    0x20000034   COMPRESSED   0x00000010   Data   RW         1232    .data               tm_stm32f4_i2c.o
    0x20000044   COMPRESSED   0x00000004   Data   RW         1260    .data               tm_stm32f4_ili9341_ltdc.o
    0x20000048   COMPRESSED   0x00000001   Data   RW         1294    .data               tm_stm32f4_sdram.o
    0x20000049   COMPRESSED   0x00000003   PAD
    0x2000004c   COMPRESSED   0x00000040   Data   RW         1421    .data               guidrv_stm32f429i_discovery.o
    0x2000008c   COMPRESSED   0x00000080   Data   RW         1515    .data               tm_stm32f4_usart.o
    0x2000010c   COMPRESSED   0x00000010   Data   RW         1549    .data               main.o
    0x2000011c   COMPRESSED   0x00000014   Data   RW         1740    .data               system_stm32f4xx.o
    0x20000130   COMPRESSED   0x00000004   Data   RW         1802    .data               calculator.o
    0x20000134   COMPRESSED   0x00000008   Data   RW         1821    .data               graphic.o
    0x2000013c   COMPRESSED   0x00000008   Data   RW         1894    .data               STemWin526_CM4_Keil.lib(guicc_m1555i.o)
    0x20000144   COMPRESSED   0x00000008   Data   RW         1908    .data               STemWin526_CM4_Keil.lib(guicc_m4444i.o)
    0x2000014c   COMPRESSED   0x00000008   Data   RW         1922    .data               STemWin526_CM4_Keil.lib(guicc_m8888i.o)
    0x20000154   COMPRESSED   0x00000028   Data   RW         1939    .data               STemWin526_CM4_Keil.lib(gui__alpha.o)
    0x2000017c   COMPRESSED   0x00000008   Data   RW         1985    .data               STemWin526_CM4_Keil.lib(gui_alloc.o)
    0x20000184   COMPRESSED   0x0000002c   Data   RW         2032    .data               STemWin526_CM4_Keil.lib(gui_core.o)
    0x200001b0   COMPRESSED   0x00000004   Data   RW         2033    .data               STemWin526_CM4_Keil.lib(gui_core.o)
    0x200001b4   COMPRESSED   0x00000004   Data   RW         2034    .data               STemWin526_CM4_Keil.lib(gui_core.o)
    0x200001b8   COMPRESSED   0x00000004   Data   RW         2035    .data               STemWin526_CM4_Keil.lib(gui_core.o)
    0x200001bc   COMPRESSED   0x00000004   Data   RW         2036    .data               STemWin526_CM4_Keil.lib(gui_core.o)
    0x200001c0   COMPRESSED   0x00000004   Data   RW         2037    .data               STemWin526_CM4_Keil.lib(gui_core.o)
    0x200001c4   COMPRESSED   0x00000002   Data   RW         2038    .data               STemWin526_CM4_Keil.lib(gui_core.o)
    0x200001c6   COMPRESSED   0x00000002   PAD
    0x200001c8   COMPRESSED   0x00000004   Data   RW         2039    .data               STemWin526_CM4_Keil.lib(gui_core.o)
    0x200001cc   COMPRESSED   0x00000002   Data   RW         2040    .data               STemWin526_CM4_Keil.lib(gui_core.o)
    0x200001ce   COMPRESSED   0x00000002   Data   RW         2041    .data               STemWin526_CM4_Keil.lib(gui_core.o)
    0x200001d0   COMPRESSED   0x00000024   Data   RW         2093    .data               STemWin526_CM4_Keil.lib(gui_multibuf.o)
    0x200001f4   COMPRESSED   0x0000000c   Data   RW         2115    .data               STemWin526_CM4_Keil.lib(gui_onkey.o)
    0x20000200   COMPRESSED   0x00000008   Data   RW         2134    .data               STemWin526_CM4_Keil.lib(gui_selectlayer.o)
    0x20000208   COMPRESSED   0x00000008   Data   RW         2209    .data               STemWin526_CM4_Keil.lib(guicc_m565.o)
    0x20000210   COMPRESSED   0x00000008   Data   RW         2222    .data               STemWin526_CM4_Keil.lib(guicc_m888.o)
    0x20000218   COMPRESSED   0x00000004   Data   RW         2247    .data               STemWin526_CM4_Keil.lib(lcd.o)
    0x2000021c   COMPRESSED   0x00000010   Data   RW         2273    .data               STemWin526_CM4_Keil.lib(lcd_color.o)
    0x2000022c   COMPRESSED   0x0000003c   Data   RW         2598    .data               STemWin526_CM4_Keil.lib(button.o)
    0x20000268   COMPRESSED   0x00000030   Data   RW         2652    .data               STemWin526_CM4_Keil.lib(graph.o)
    0x20000298   COMPRESSED   0x00000008   Data   RW         2719    .data               STemWin526_CM4_Keil.lib(graph_scale.o)
    0x200002a0   COMPRESSED   0x00000060   Data   RW         2788    .data               STemWin526_CM4_Keil.lib(wm.o)
    0x20000300   COMPRESSED   0x00000001   Data   RW         2789    .data               STemWin526_CM4_Keil.lib(wm.o)
    0x20000301   COMPRESSED   0x00000003   PAD
    0x20000304   COMPRESSED   0x00000014   Data   RW         2870    .data               STemWin526_CM4_Keil.lib(gui__managecache.o)
    0x20000318   COMPRESSED   0x00000008   Data   RW         2961    .data               STemWin526_CM4_Keil.lib(gui_pid.o)
    0x20000320   COMPRESSED   0x0000000c   Data   RW         3127    .data               STemWin526_CM4_Keil.lib(gui_waitevent.o)
    0x2000032c   COMPRESSED   0x00000004   Data   RW         3309    .data               STemWin526_CM4_Keil.lib(guidev_16.o)
    0x20000330   COMPRESSED   0x00000004   Data   RW         3330    .data               STemWin526_CM4_Keil.lib(guidev_banding.o)
    0x20000334   COMPRESSED   0x00000001   Data   RW         3343    .data               STemWin526_CM4_Keil.lib(guidev_staticdevices.o)
    0x20000335   COMPRESSED   0x00000003   PAD
    0x20000338   COMPRESSED   0x00000018   Data   RW         3401    .data               STemWin526_CM4_Keil.lib(scrollbar.o)
    0x20000350   COMPRESSED   0x00000002   Data   RW         3402    .data               STemWin526_CM4_Keil.lib(scrollbar.o)
    0x20000352   COMPRESSED   0x00000002   PAD
    0x20000354   COMPRESSED   0x00000004   Data   RW         3447    .data               STemWin526_CM4_Keil.lib(widget.o)
    0x20000358   COMPRESSED   0x00000004   Data   RW         3474    .data               STemWin526_CM4_Keil.lib(wm__sendmessage.o)
    0x2000035c   COMPRESSED   0x0000000c   Data   RW         3560    .data               STemWin526_CM4_Keil.lib(wm_touch.o)
    0x20000368   COMPRESSED   0x00000004   Data   RW         3627    .data               STemWin526_CM4_Keil.lib(gui_charline.o)
    0x2000036c   COMPRESSED   0x00000004   Data   RW         3692    .data               STemWin526_CM4_Keil.lib(gui_fillpolygon.o)
    0x20000370   COMPRESSED   0x00000020   Data   RW         3756    .data               STemWin526_CM4_Keil.lib(gui_setalpha.o)
    0x20000390   COMPRESSED   0x00000014   Data   RW         3810    .data               STemWin526_CM4_Keil.lib(gui_timer.o)
    0x200003a4   COMPRESSED   0x00000014   Data   RW         4103    .data               STemWin526_CM4_Keil.lib(widget_effect_3d.o)
    0x200003b8   COMPRESSED   0x00000004   Data   RW         4319    .data               STemWin526_CM4_Keil.lib(lcd_aa.o)
    0x200003bc   COMPRESSED   0x00000004   Data   RW         4742    .data               mc_w.l(mvars.o)
    0x200003c0   COMPRESSED   0x00000004   Data   RW         4743    .data               mc_w.l(mvars.o)
    0x200003c4        -       0x00000018   Zero   RW          979    .bss                tm_stm32f4_delay.o
    0x200003dc        -       0x00000016   Zero   RW         1059    .bss                tm_stm32f4_gpio.o
    0x200003f2   COMPRESSED   0x00000002   PAD
    0x200003f4        -       0x0000000c   Zero   RW         1113    .bss                tm_stm32f4_emwin.o
    0x20000400        -       0x00000010   Zero   RW         1259    .bss                tm_stm32f4_ili9341_ltdc.o
    0x20000410        -       0x00002d00   Zero   RW         1419    .bss                guidrv_stm32f429i_discovery.o
    0x20003110        -       0x00000044   Zero   RW         1479    .bss                tm_stm32f4_dma2d_graphic.o
    0x20003154        -       0x00000020   Zero   RW         1507    .bss                tm_stm32f4_usart.o
    0x20003174        -       0x00000020   Zero   RW         1508    .bss                tm_stm32f4_usart.o
    0x20003194        -       0x00000020   Zero   RW         1509    .bss                tm_stm32f4_usart.o
    0x200031b4        -       0x00000020   Zero   RW         1510    .bss                tm_stm32f4_usart.o
    0x200031d4        -       0x00000020   Zero   RW         1511    .bss                tm_stm32f4_usart.o
    0x200031f4        -       0x00000020   Zero   RW         1512    .bss                tm_stm32f4_usart.o
    0x20003214        -       0x00000020   Zero   RW         1513    .bss                tm_stm32f4_usart.o
    0x20003234        -       0x00000020   Zero   RW         1514    .bss                tm_stm32f4_usart.o
    0x20003254        -       0x00000064   Zero   RW         1770    .bss                bluetooth.o
    0x200032b8        -       0x00000011   Zero   RW         1801    .bss                calculator.o
    0x200032c9        -       0x0000000a   Zero   RW         1820    .bss                graphic.o
    0x200032d3   COMPRESSED   0x00000001   PAD
    0x200032d4        -       0x000000c8   Zero   RW         1984    .bss                STemWin526_CM4_Keil.lib(gui_alloc.o)
    0x2000339c        -       0x00000070   Zero   RW         2030    .bss                STemWin526_CM4_Keil.lib(gui_core.o)
    0x2000340c        -       0x00000058   Zero   RW         2114    .bss                STemWin526_CM4_Keil.lib(gui_onkey.o)
    0x20003464        -       0x0000000c   Zero   RW         2199    .bss                STemWin526_CM4_Keil.lib(gui_touch.o)
    0x20003470        -       0x00000018   Zero   RW         2787    .bss                STemWin526_CM4_Keil.lib(wm.o)
    0x20003488        -       0x00000048   Zero   RW         2960    .bss                STemWin526_CM4_Keil.lib(gui_pid.o)
    0x200034d0        -       0x00000048   Zero   RW         3559    .bss                STemWin526_CM4_Keil.lib(wm_touch.o)
    0x20003518        -       0x00000028   Zero   RW         3658    .bss                STemWin526_CM4_Keil.lib(gui_curs1.o)
    0x20003540        -       0x00000018   Zero   RW         3691    .bss                STemWin526_CM4_Keil.lib(gui_fillpolygon.o)
    0x20003558        -       0x00000018   Zero   RW         4165    .bss                STemWin526_CM4_Keil.lib(wm_pid__getprevstate.o)
    0x20003570        -       0x00000200   Zero   RW            2    HEAP                startup_stm32f429_439xx.o
    0x20003770        -       0x00000400   Zero   RW            1    STACK               startup_stm32f429_439xx.o



  Load Region LR$$.ARM.__AT_0xD0080000 (Base: 0xd0080000, Size: 0x00000000, Max: 0x00080000, ABSOLUTE)

    Execution Region ER$$.ARM.__AT_0xD0080000 (Exec base: 0xd0080000, Load base: 0xd0080000, Size: 0x00080000, Max: 0x00080000, ABSOLUTE, UNINIT)

    Exec Addr    Load Addr    Size         Type   Attr      Idx    E Section Name        Object

    0xd0080000        -       0x00080000   Zero   RW         1376    .ARM.__AT_0xD0080000  guiconf.o



  Load Region LR$$.ARM.__AT_0xD0100000 (Base: 0xd0100000, Size: 0x00000000, Max: 0x00400000, ABSOLUTE)

    Execution Region ER$$.ARM.__AT_0xD0100000 (Exec base: 0xd0100000, Load base: 0xd0100000, Size: 0x00400000, Max: 0x00400000, ABSOLUTE, UNINIT)

    Exec Addr    Load Addr    Size         Type   Attr      Idx    E Section Name        Object

    0xd0100000        -       0x00400000   Zero   RW         1377    .ARM.__AT_0xD0100000  guiconf.o


==============================================================================

Image component sizes


      Code (inc. data)   RO Data    RW Data    ZI Data      Debug   Object Name

        68         10          0          0        100       1464   bluetooth.o
       192         14          0          4         17       1763   calculator.o
       592         86          0          8         10       2055   graphic.o
        72          8          0          0    4718592      49061   guiconf.o
      3056        228          8         64      11520      44386   guidrv_stm32f429i_discovery.o
       484        102        193         16          0       4669   main.o
       176         12          0          0          0     316977   misc.o
        36          8        428          0       1536       1068   startup_stm32f429_439xx.o
       692         12          0          0          0       5535   stm32f4xx_dma2d.o
      1888         34         28          0          0       9098   stm32f4xx_fmc.o
       864         20          0          0          0       9587   stm32f4xx_i2c.o
        26          0          0          0          0       1492   stm32f4xx_it.o
      1132         18          0          0          0       8588   stm32f4xx_ltdc.o
      1140         50          0         16          0      13896   stm32f4xx_rcc.o
       800         32          0          0          0       7893   stm32f4xx_spi.o
       856         32          0          0          0       8704   stm32f4xx_usart.o
       392         38          0         20          0       2039   system_stm32f4xx.o
       384         20          0         16         24      33586   tm_stm32f4_delay.o
       132         14          0          1          0       4030   tm_stm32f4_disco.o
      3596         30          0          0         68      13937   tm_stm32f4_dma2d_graphic.o
       312          8          0         16         12      57966   tm_stm32f4_emwin.o
       668         14          0          0         22       5602   tm_stm32f4_gpio.o
      1126         44          0         16          0       7276   tm_stm32f4_i2c.o
      3894         80          0          4         16      18879   tm_stm32f4_ili9341_ltdc.o
       528         36          0          1          0       1848   tm_stm32f4_sdram.o
      1600         78          0          0          0       7233   tm_stm32f4_spi.o
       800         14          0          0          0       7132   tm_stm32f4_stmpe811.o
      2056        104          0        128        256      14037   tm_stm32f4_usart.o

    ----------------------------------------------------------------------
     27568       1146        692        316    4732176     659801   Object Totals
         0          0         32          0          0          0   (incl. Generated)
         6          0          3          6          3          0   (incl. Padding)

    ----------------------------------------------------------------------

      Code (inc. data)   RO Data    RW Data    ZI Data      Debug   Library Member Name

       646         14          0         60          0       1208   button.o
       334          0         12          0          0        252   button_skinclassic.o
         0          0       2155          0          0          0   f13_1.o
         0          0       2046          0          0          0   f13_ascii.o
         0          0       1816          0          0          0   f6x8.o
         0          0       2256          0          0          0   f8x15b_ascii.o
      2336         10          0         48          0       2612   graph.o
       526         14          0          0          0        668   graph_data_yt.o
       748         14          0          8          0        976   graph_scale.o
       124          4          0          0          0        132   gui_2dlib.o
       898         56          0         40          0       1148   gui__alpha.o
       648          0          0          0          0        256   gui__compactpixelindices.o
        26          0          0          0          0        116   gui__divideround32.o
         0          0         16          0          0          0   gui__divtbl_15_255.o
         0          0        256          0          0          0   gui__divtbl_255_15.o
         0          0        256          0          0          0   gui__divtbl_255_31.o
         0          0        256          0          0          0   gui__divtbl_255_63.o
         0          0         32          0          0          0   gui__divtbl_31_255.o
         0          0         64          0          0          0   gui__divtbl_63_255.o
       322          0          0          0          0        156   gui__expandpixelindices.o
        20          4          0          0          0        116   gui__getfontsizey.o
        24          0          0          0          0        116   gui__handleeoline.o
        58          0          0          0          0        116   gui__intersectrect.o
        82          0          0          0          0        128   gui__intersectrects.o
       216          8          0         20          0        252   gui__managecache.o
        76          0          0          0          0        124   gui__memset.o
        60          0          0          0          0        124   gui__memset16.o
        26          0          0          0          0        116   gui__reducerect.o
       108          0          0          0          0        136   gui__settext.o
        68          4          0          0          0        244   gui__strcmp.o
        22          0          0          0          0        116   gui__strlen.o
       220         16         40          0          0        380   gui_adddecshift.o
      1830        106          0          8        200       3120   gui_alloc.o
        56          0          0          0          0        132   gui_alloc_allocinit.o
        36          0          0          0          0        128   gui_alloc_alloczero.o
       300          0          0          0          0        760   gui_array.o
        60          0          0          0          0        124   gui_calccolordist.o
        96         22          0          0          0        464   gui_char.o
       458         36          0          4          0        760   gui_charline.o
       394         12          0          0          0        492   gui_charm.o
       316         10          0          0          0        624   gui_charp.o
       188          4          0          0          0        140   gui_circ.o
       460         78          8         74        112       1004   gui_core.o
       112          6          0          0         40        140   gui_curs1.o
       384         28          0          0          0        968   gui_device.o
       256          4          0          0          0        136   gui_dispstring.o
        16          4          0          0          0        116   gui_dispstringat.o
       400          4          0          0          0        396   gui_dispstringinrect.o
        44          0          0          0          0        136   gui_draw.o
       164          4          0          0          0        124   gui_drawfocusrect.o
       572         24          0          0          0        288   gui_drawgraphex.o
        76          6          0          0          0        132   gui_drawhline.o
      1176         34         68          0          0       1304   gui_drawline.o
        32          4          0          0          0        116   gui_drawpoint.o
        64          4          0          0          0        128   gui_drawvline.o
        52          4          0          0          0        248   gui_exec.o
       532         22          0          4         24        272   gui_fillpolygon.o
        72          4          0          0          0        132   gui_fillrect.o
        20          0          0          0          0        116   gui_fillrectex.o
       160          0          0          0          0        248   gui_getbitmappixelindex.o
        10          0          0          0          0        116   gui_getclientrect.o
        28          0          0          0          0        256   gui_getcolor.o
        12          4          0          0          0        116   gui_getdrawmode.o
         4          0          0          0          0        116   gui_getfontsizey.o
        12          4          0          0          0        116   gui_getlinestyle.o
        32         10          0          0          0        232   gui_getorg.o
        52         12          0          0          0        360   gui_goto.o
        88          0          0          0          0        124   gui_mergerect.o
        30          0          0          0          0        116   gui_moverect.o
        44          6          0         36          0        116   gui_multibuf.o
       110         20          0         12         88        592   gui_onkey.o
        16          4          0          0          0        116   gui_pen.o
       248         36          0          8         72        732   gui_pid.o
        78          0          0          0          0        128   gui_realloc.o
        56          0          0          0          0        116   gui_rectsintersect.o
        32         10          0          0          0        232   gui_savecontext.o
        82         12          0          8          0        488   gui_selectlayer.o
        18          0          0          0          0        128   gui_selectlcd.o
        36          4          0         32          0        124   gui_setalpha.o
         8          0          0          0          0        232   gui_setcolor.o
        64          6          0          0          0        128   gui_setdefault.o
         4          0          0          0          0        116   gui_setdrawmode.o
        20          6          0          0          0        116   gui_setfont.o
        16          4          0          0          0        116   gui_setlinestyle.o
        56         18          0          0          0        128   gui_setorg.o
       808         64         52          0          0       2736   gui_setorientation.o
      1684         22         32          0          0       1624   gui_setorientationc0.o
      1960         22         32          0          0       1612   gui_setorientationc16.o
      1950         24         32          0          0       1612   gui_setorientationc32.o
      1922         28         32          0          0       1616   gui_setorientationc8.o
        20          6          0          0          0        116   gui_settextalign.o
        20          6          0          0          0        116   gui_settextmode.o
      1222         10          0          0          0       1076   gui_sprite.o
        46          0          0          0          0        244   gui_time.o
       798         46          0         20          0       1544   gui_timer.o
        44          6          0          0         12        132   gui_touch.o
        84         10          0          0          0        264   gui_uc.o
        18          0         16          0          0        464   gui_uc_encodenone.o
        62          0          0          0          0        252   gui_val.o
       498         18          0          0          0        656   gui_valf.o
        16          4          0         12          0        116   gui_waitevent.o
       198          0         24          0          0        388   guicc_0.o
       172          0         24          0          0        376   guicc_16.o
       228         36         24          0          0        636   guicc_1616i.o
       190          0         24          0          0        356   guicc_8666.o
       194         18         24          0          0        636   guicc_88666i.o
        36          0         24          0          0        480   guicc_8888.o
         2          0          0          0          0        116   guicc_8888_index2color.o
         2          0          0          0          0        116   guicc_888_index2color.o
       306         32         24          8          0        768   guicc_m1555i.o
       304         20         24          8          0        768   guicc_m4444i.o
       270         50         24          8          0        768   guicc_m565.o
       142         16         24          8          0        636   guicc_m888.o
       218         12         24          8          0        768   guicc_m8888i.o
        20          0          0          0          0        116   guicc_m888_index2color.o
       744         36          0          0          0       1064   guidev.o
      2324         66        116          4          0       2104   guidev_16.o
      2356         62        116          0          0       2256   guidev_32.o
       308         14          0          4          0        264   guidev_banding.o
        60          6          0          0          0        124   guidev_clear.o
        22          0          0          0          0        128   guidev_getdataptr.o
        40          6          0          0          0        128   guidev_getysize.o
        44          4          0          0          0        128   guidev_reduceysize.o
        88          4          0          0          0        128   guidev_setorg.o
       358         22          0          1          0        284   guidev_staticdevices.o
        76          0          0          0          0        260   guidev_usage.o
       416          6         24          0          0        748   guidev_usagebm.o
       106          4          0          0          0        244   guidev_write.o
       400         14          0          0          0        144   guidev_writetoactivealpha.o
      1868         16          8          0          0        732   guidev_writetoactiveopaque.o
      3052        182         52          0          0       4460   guidrv_lin_16.o
      1730        118         12          4          0       2300   lcd.o
        16          6          0          4          0        116   lcd_aa.o
       264         26          0         16          0        744   lcd_color.o
        32         12          0          0          0        232   lcd_getcolorindex.o
       426         38          0          0          0       2716   lcd_getex.o
        26          0          0          0          0        128   lcd_getnumdisplays.o
         0          0        256          0          0          0   lcd_mirror.o
       504         18          0          0          0        280   lcd_readrect.o
        64         10          0          0          0        128   lcd_selectlcd.o
       304          0          0          0          0        920   lcd_set.o
        48         10          0          0          0        128   lcd_setcliprectex.o
        36          4          0          0          0        128   lcd_updatecolorindices.o
      1422          8          0         26          0       1552   scrollbar.o
        54          0          0          0          0        128   scrollbar_create.o
        24          0          0          0          0        128   scrollbar_getvalue.o
       712         10         12          0          0        396   scrollbar_skinclassic.o
       902          4          0          4          0       2032   widget.o
       284          8         28         20          0        532   widget_effect_3d.o
      4630        234          0         97         24       6808   wm.o
        44          0          0          0          0        128   wm__foreachdesc.o
        18          0          0          0          0        124   wm__getfirstsibling.o
        36          0          0          0          0        128   wm__getprevsibling.o
        34          0          0          0          0        128   wm__isancestor.o
        22          0          0          0          0        124   wm__isenabled.o
        20          0          0          0          0        116   wm__screen2client.o
        60          6          0          4          0        136   wm__sendmessage.o
        28          0          0          0          0        140   wm__sendmessageifenabled.o
        38          0          0          0          0        128   wm__sendmessagenopara.o
       220          0          0          0          0        144   wm__updatechildpositions.o
       126          0          0          0          0        140   wm_bringtobottom.o
       120          6          0          0          0        360   wm_bringtotop.o
        28          0          0          0          0        116   wm_checkscrollpos.o
        60         12          0          0          0        232   wm_criticalhandle.o
         4          0          0          0          0        116   wm_foreachdesc.o
        64         10          0          0          0        360   wm_getclientrect.o
        24         10          0          0          0        116   wm_getdesktopwindow.o
        20          4          0          0          0        116   wm_getdesktopwindowex.o
        80          0          0          0          0        248   wm_getdialogitem.o
        14          0          0          0          0        124   wm_getfirstchild.o
        22          0          0          0          0        124   wm_getflags.o
        26          0          0          0          0        128   wm_getid.o
        16          0          0          0          0        124   wm_getinsiderect.o
       164          0          0          0          0        136   wm_getinsiderectexscrollbar.o
        76         12          0          0          0        480   wm_getorg.o
        14          0          0          0          0        124   wm_getparent.o
       116          0          0          0          0        364   wm_getscrollbar.o
        42          0          0          0          0        136   wm_getscrollpartner.o
        26          0          0          0          0        124   wm_getwindowrect.o
        40          0          0          0          0        124   wm_hide.o
         4          0          0          0          0        116   wm_iswindow.o
       268          0          0          0          0        396   wm_move.o
        16          0          0          0          0        124   wm_notifyparent.o
        56          8          0          0          0        132   wm_onkey.o
        24          6          0          0         24        116   wm_pid__getprevstate.o
       236          0          0          0          0        136   wm_resizewindow.o
       184          6          0          0          0        504   wm_screen2win.o
         4          0          0          0          0        116   wm_sendmessagenopara.o
        30          0          0          0          0        140   wm_sendtoparent.o
       100         20          0          0          0        376   wm_setcapture.o
       156          8          0          0          0        136   wm_setfocus.o
        78          0          0          0          0        596   wm_setscrollbar.o
        24          0          0          0          0        124   wm_setscrollstate.o
        62          0          0          0          0        132   wm_setsize.o
        24          6          0          0          0        124   wm_setusercliprect.o
       274          4          0          0          0        648   wm_timer.o
      1100         46          0         12         72        536   wm_touch.o
       280         28          0          0          0        156   ceil.o
       280         28          0          0          0        156   floor.o
        56          8          0          0          0         84   __0sscanf.o
        86          0          0          0          0          0   __dczerorl2.o
        28          0          0          0          0         68   _chval.o
       812          4          0          0          0        112   _scanf.o
       332          0          0          0          0         96   _scanf_int.o
        64          0          0          0          0         84   _sgetc.o
        40          6         64          0          0         68   ctype_c.o
         0          0          0          0          0          0   entry.o
         0          0          0          0          0          0   entry10a.o
         0          0          0          0          0          0   entry11a.o
         8          4          0          0          0          0   entry2.o
         4          0          0          0          0          0   entry5.o
         0          0          0          0          0          0   entry7b.o
         0          0          0          0          0          0   entry8b.o
         8          4          0          0          0          0   entry9a.o
        30          0          0          0          0          0   handlers.o
        36          8          0          0          0         68   init.o
        10          0          0          0          0         68   isspace_c.o
         0          0          0          0          0          0   iusefp.o
        30          0          0          0          0         68   llshl.o
        36          0          0          0          0         68   llsshr.o
        32          0          0          0          0         68   llushr.o
       188         20          0          0          0        160   malloc.o
        26          0          0          0          0         80   memcmp.o
        64          0          0          0          0         76   memmovea.o
        36          0          0          0          0        108   memseta.o
         0          0          0          8          0          0   mvars.o
       390         10          0          0          0        252   printf1.o
        40          8          0          0          0         84   scanf_char.o
        24          0          0          0          0         68   strcat.o
        18          0          0          0          0         68   strcpy.o
        24          0          0          0          0         76   strncpy.o
        44          0          0          0          0         80   uidiv.o
        48          0          0          0          0         68   cdrcmple.o
        56          0          0          0          0         88   d2f.o
       334          0          0          0          0        148   dadd.o
       186          0          0          0          0        176   depilogue.o
        38          0          0          0          0         68   f2d.o
       110          0          0          0          0        168   fepilogue.o

    ----------------------------------------------------------------------
     62420       2410      10432        648        668      93572   Library Totals
       136          0          3         10          0          0   (incl. Padding)

    ----------------------------------------------------------------------

      Code (inc. data)   RO Data    RW Data    ZI Data      Debug   Library Name

     58486       2282      10365        630        668      90640   STemWin526_CM4_Keil.lib
       560         56          0          0          0        312   m_wm.l
      2466         72         64          8          0       1904   mc_w.l
       772          0          0          0          0        716   mf_w.l

    ----------------------------------------------------------------------
     62420       2410      10432        648        668      93572   Library Totals

    ----------------------------------------------------------------------

==============================================================================


      Code (inc. data)   RO Data    RW Data    ZI Data      Debug   

     89988       3556      11124        964    4732844     674053   Grand Totals
     89988       3556      11124        224    4732844     674053   ELF Image Totals (compressed)
     89988       3556      11124        224          0          0   ROM Totals

==============================================================================

    Total RO  Size (Code + RO Data)               101112 (  98.74kB)
    Total RW  Size (RW Data + ZI Data)           4733808 (4622.86kB)
    Total ROM Size (Code + RO Data + RW Data)     101336 (  98.96kB)

==============================================================================

