<html>
<body>
<pre>
<h1>µVision Build Log</h1>
<h2>Tool Versions:</h2>
IDE-Version: µVision V5.24.2.0
Copyright (C) 2017 ARM Ltd and ARM Germany GmbH. All rights reserved.
License Information: Maciej Cymbalista AGH Flex license: MDK-ARM Professional: 100 user(s) (mdk_pro) Operation stops: 15 Aug 2018
 
Tool Versions:
Toolchain:       MDK-ARM Professional: 100 user(s)  Version: 5.24.1
Toolchain Path:  D:\Nowy folder\Keil\ARM\ARMCC\Bin
C Compiler:      Armcc.exe V5.06 update 5 (build 528)
Assembler:       Armasm.exe V5.06 update 5 (build 528)
Linker/Locator:  ArmLink.exe V5.06 update 5 (build 528)
Library Manager: ArmAr.exe V5.06 update 5 (build 528)
Hex Converter:   FromElf.exe V5.06 update 5 (build 528)
CPU DLL:         SARMCM3.DLL V5.24.1
Dialog DLL:      DCM.DLL V1.16.0.0
Target DLL:      STLink\ST-LINKIII-KEIL_SWO.dll V3.0.1.0
Dialog DLL:      TCM.DLL V1.32.0.0
 
<h2>Project:</h2>
D:\Nowy_folder\AM\Downoady\stm32f429-master\stm32f429-master\50-STM32F429_EMWIN_GRAPH\project.uvprojx
Project File Date:  11/13/2017

<h2>Output:</h2>
*** Using Compiler 'V5.06 update 5 (build 528)', folder: 'D:\Nowy folder\Keil\ARM\ARMCC\Bin'
Build target 'STM32F429I-Discovery'
assembling startup_stm32f429_439xx.s...
compiling main.c...
User\bluetooth.h(9): warning:  #1295-D: Deprecated declaration Bluetooth_Init - give arg types
  void Bluetooth_Init();
User\bluetooth.h(11): warning:  #1-D: last line of file ends without a newline
  bool BluetoothGet(char *buffer);
User\main.c(63): warning:  #177-D: variable "i"  was declared but never referenced
  	uint8_t i = 0;
User\main.c(64): warning:  #177-D: variable "LastTime"  was declared but never referenced
  	uint32_t LastTime;
User\main.c(116): warning:  #177-D: variable "speedCommand"  was declared but never referenced
  	Command speedCommand = {.id=13,
User\main.c: 5 warnings, 0 errors
linking...
Program Size: Code=75908 RO-data=10872 RW-data=856 ZI-data=4732792  
FromELF: creating hex file...
".\Targets\STM32F429_Discovery\project.axf" - 0 Error(s), 5 Warning(s).

<h2>Software Packages used:</h2>

Package Vendor: Keil
                http://www.keil.com/pack/Keil.STM32F4xx_DFP.2.11.0.pack
                Keil.STM32F4xx_DFP.2.11.0
                STMicroelectronics STM32F4 Series Device Support, Drivers and Examples

<h2>Collection of Component include folders:</h2>
  .\RTE\_STM32F429I-Discovery
  D:\Nowy folder\Keil\ARM\PACK\Keil\STM32F4xx_DFP\2.11.0\Drivers\CMSIS\Device\ST\STM32F4xx\Include

<h2>Collection of Component Files used:</h2>
Build Time Elapsed:  00:00:07
</pre>
</body>
</html>
